Archive member included to satisfy reference by file (symbol)

c:/st/stm32cubeide_1.9.0/stm32cubeide/plugins/com.st.stm32cube.ide.mcu.externaltools.gnu-tools-for-stm32.10.3-2021.10.win32_1.0.0.202111181127/tools/bin/../lib/gcc/arm-none-eabi/10.3.1/../../../../arm-none-eabi/lib/thumb/v6-m/nofp\libc.a(lib_a-atof.o)
                              BOS\BOS_CLI.o (atof)
c:/st/stm32cubeide_1.9.0/stm32cubeide/plugins/com.st.stm32cube.ide.mcu.externaltools.gnu-tools-for-stm32.10.3-2021.10.win32_1.0.0.202111181127/tools/bin/../lib/gcc/arm-none-eabi/10.3.1/../../../../arm-none-eabi/lib/thumb/v6-m/nofp\libc.a(lib_a-atoi.o)
                              BOS\BOS_CLI.o (atoi)
c:/st/stm32cubeide_1.9.0/stm32cubeide/plugins/com.st.stm32cube.ide.mcu.externaltools.gnu-tools-for-stm32.10.3-2021.10.win32_1.0.0.202111181127/tools/bin/../lib/gcc/arm-none-eabi/10.3.1/../../../../arm-none-eabi/lib/thumb/v6-m/nofp\libc.a(lib_a-atol.o)
                              BOS\BOS.o (atol)
c:/st/stm32cubeide_1.9.0/stm32cubeide/plugins/com.st.stm32cube.ide.mcu.externaltools.gnu-tools-for-stm32.10.3-2021.10.win32_1.0.0.202111181127/tools/bin/../lib/gcc/arm-none-eabi/10.3.1/../../../../arm-none-eabi/lib/thumb/v6-m/nofp\libc.a(lib_a-ctype_.o)
                              BOS\BOS_CLI.o (_ctype_)
c:/st/stm32cubeide_1.9.0/stm32cubeide/plugins/com.st.stm32cube.ide.mcu.externaltools.gnu-tools-for-stm32.10.3-2021.10.win32_1.0.0.202111181127/tools/bin/../lib/gcc/arm-none-eabi/10.3.1/../../../../arm-none-eabi/lib/thumb/v6-m/nofp\libc.a(lib_a-exit.o)
                              c:/st/stm32cubeide_1.9.0/stm32cubeide/plugins/com.st.stm32cube.ide.mcu.externaltools.gnu-tools-for-stm32.10.3-2021.10.win32_1.0.0.202111181127/tools/bin/../lib/gcc/arm-none-eabi/10.3.1/../../../../arm-none-eabi/lib/thumb/v6-m/nofp/crt0.o (exit)
c:/st/stm32cubeide_1.9.0/stm32cubeide/plugins/com.st.stm32cube.ide.mcu.externaltools.gnu-tools-for-stm32.10.3-2021.10.win32_1.0.0.202111181127/tools/bin/../lib/gcc/arm-none-eabi/10.3.1/../../../../arm-none-eabi/lib/thumb/v6-m/nofp\libc.a(lib_a-impure.o)
                              c:/st/stm32cubeide_1.9.0/stm32cubeide/plugins/com.st.stm32cube.ide.mcu.externaltools.gnu-tools-for-stm32.10.3-2021.10.win32_1.0.0.202111181127/tools/bin/../lib/gcc/arm-none-eabi/10.3.1/../../../../arm-none-eabi/lib/thumb/v6-m/nofp\libc.a(lib_a-exit.o) (_global_impure_ptr)
c:/st/stm32cubeide_1.9.0/stm32cubeide/plugins/com.st.stm32cube.ide.mcu.externaltools.gnu-tools-for-stm32.10.3-2021.10.win32_1.0.0.202111181127/tools/bin/../lib/gcc/arm-none-eabi/10.3.1/../../../../arm-none-eabi/lib/thumb/v6-m/nofp\libc.a(lib_a-init.o)
                              c:/st/stm32cubeide_1.9.0/stm32cubeide/plugins/com.st.stm32cube.ide.mcu.externaltools.gnu-tools-for-stm32.10.3-2021.10.win32_1.0.0.202111181127/tools/bin/../lib/gcc/arm-none-eabi/10.3.1/../../../../arm-none-eabi/lib/thumb/v6-m/nofp/crt0.o (__libc_init_array)
c:/st/stm32cubeide_1.9.0/stm32cubeide/plugins/com.st.stm32cube.ide.mcu.externaltools.gnu-tools-for-stm32.10.3-2021.10.win32_1.0.0.202111181127/tools/bin/../lib/gcc/arm-none-eabi/10.3.1/../../../../arm-none-eabi/lib/thumb/v6-m/nofp\libc.a(lib_a-malloc.o)
                              BOS\BOS.o (malloc)
c:/st/stm32cubeide_1.9.0/stm32cubeide/plugins/com.st.stm32cube.ide.mcu.externaltools.gnu-tools-for-stm32.10.3-2021.10.win32_1.0.0.202111181127/tools/bin/../lib/gcc/arm-none-eabi/10.3.1/../../../../arm-none-eabi/lib/thumb/v6-m/nofp\libc.a(lib_a-mallocr.o)
                              c:/st/stm32cubeide_1.9.0/stm32cubeide/plugins/com.st.stm32cube.ide.mcu.externaltools.gnu-tools-for-stm32.10.3-2021.10.win32_1.0.0.202111181127/tools/bin/../lib/gcc/arm-none-eabi/10.3.1/../../../../arm-none-eabi/lib/thumb/v6-m/nofp\libc.a(lib_a-malloc.o) (_malloc_r)
c:/st/stm32cubeide_1.9.0/stm32cubeide/plugins/com.st.stm32cube.ide.mcu.externaltools.gnu-tools-for-stm32.10.3-2021.10.win32_1.0.0.202111181127/tools/bin/../lib/gcc/arm-none-eabi/10.3.1/../../../../arm-none-eabi/lib/thumb/v6-m/nofp\libc.a(lib_a-memcpy-stub.o)
                              BOS\BOS.o (memcpy)
c:/st/stm32cubeide_1.9.0/stm32cubeide/plugins/com.st.stm32cube.ide.mcu.externaltools.gnu-tools-for-stm32.10.3-2021.10.win32_1.0.0.202111181127/tools/bin/../lib/gcc/arm-none-eabi/10.3.1/../../../../arm-none-eabi/lib/thumb/v6-m/nofp\libc.a(lib_a-memset.o)
                              c:/st/stm32cubeide_1.9.0/stm32cubeide/plugins/com.st.stm32cube.ide.mcu.externaltools.gnu-tools-for-stm32.10.3-2021.10.win32_1.0.0.202111181127/tools/bin/../lib/gcc/arm-none-eabi/10.3.1/../../../../arm-none-eabi/lib/thumb/v6-m/nofp/crt0.o (memset)
c:/st/stm32cubeide_1.9.0/stm32cubeide/plugins/com.st.stm32cube.ide.mcu.externaltools.gnu-tools-for-stm32.10.3-2021.10.win32_1.0.0.202111181127/tools/bin/../lib/gcc/arm-none-eabi/10.3.1/../../../../arm-none-eabi/lib/thumb/v6-m/nofp\libc.a(lib_a-mlock.o)
[...]
Memory Configuration

Name             Origin             Length             Attributes
RAM              0x0000000020000000 0x0000000000024000 xrw
FLASH            0x0000000008000000 0x0000000000080000 xr
*default*        0x0000000000000000 0xffffffffffffffff

Linker script and memory map

LOAD c:/st/stm32cubeide_1.9.0/stm32cubeide/plugins/com.st.stm32cube.ide.mcu.externaltools.gnu-tools-for-stm32.10.3-2021.10.win32_1.0.0.202111181127/tools/bin/../lib/gcc/arm-none-eabi/10.3.1/thumb/v6-m/nofp/crti.o
LOAD c:/st/stm32cubeide_1.9.0/stm32cubeide/plugins/com.st.stm32cube.ide.mcu.externaltools.gnu-tools-for-stm32.10.3-2021.10.win32_1.0.0.202111181127/tools/bin/../lib/gcc/arm-none-eabi/10.3.1/thumb/v6-m/nofp/crtbegin.o
LOAD c:/st/stm32cubeide_1.9.0/stm32cubeide/plugins/com.st.stm32cube.ide.mcu.externaltools.gnu-tools-for-stm32.10.3-2021.10.win32_1.0.0.202111181127/tools/bin/../lib/gcc/arm-none-eabi/10.3.1/../../../../arm-none-eabi/lib/thumb/v6-m/nofp/crt0.o
LOAD BOS\BOS.o
LOAD BOS\BOS_CLI.o
LOAD BOS\BOS_CLIcommands.o
LOAD BOS\BOS_dma.o
LOAD BOS\BOS_freertos.o
LOAD BOS\BOS_messaging.o
LOAD BOS\BOS_msgparser.o
LOAD H3BR2\H3BR2.o
LOAD H3BR2\H3BR2_dma.o
LOAD H3BR2\H3BR2_eeprom.o
LOAD H3BR2\H3BR2_gpio.o
LOAD H3BR2\H3BR2_inputs.o
LOAD H3BR2\H3BR2_it.o
LOAD H3BR2\H3BR2_rtc.o
LOAD H3BR2\H3BR2_timers.o
LOAD H3BR2\H3BR2_uart.o
LOAD H3BR2\startup_stm32g0b1ceuxn.o
LOAD Thirdparty\CMSIS\STM32G0xx\Device\ST\STM32G0xx\Source\Templates\system_stm32g0xx.o
LOAD Thirdparty\Middleware\STM32G0xx\FreeRTOS\Source\CMSIS_RTOS\cmsis_os.o
LOAD Thirdparty\Middleware\STM32G0xx\FreeRTOS\Source\FreeRTOS_CLI.o
LOAD Thirdparty\Middleware\STM32G0xx\FreeRTOS\Source\croutine.o
LOAD Thirdparty\Middleware\STM32G0xx\FreeRTOS\Source\event_groups.o
LOAD Thirdparty\Middleware\STM32G0xx\FreeRTOS\Source\list.o
LOAD Thirdparty\Middleware\STM32G0xx\FreeRTOS\Source\portable\GCC\ARM_CM0\port.o
LOAD Thirdparty\Middleware\STM32G0xx\FreeRTOS\Source\portable\MemMang\heap_4.o
LOAD Thirdparty\Middleware\STM32G0xx\FreeRTOS\Source\queue.o
LOAD Thirdparty\Middleware\STM32G0xx\FreeRTOS\Source\stream_buffer.o
LOAD Thirdparty\Middleware\STM32G0xx\FreeRTOS\Source\tasks.o
LOAD Thirdparty\Middleware\STM32G0xx\FreeRTOS\Source\timers.o
LOAD Thirdparty\STM32G0xx_HAL_Driver\Src\stm32g0xx_hal.o
LOAD Thirdparty\STM32G0xx_HAL_Driver\Src\stm32g0xx_hal_adc.o
LOAD Thirdparty\STM32G0xx_HAL_Driver\Src\stm32g0xx_hal_adc_ex.o
LOAD Thirdparty\STM32G0xx_HAL_Driver\Src\stm32g0xx_hal_cec.o
LOAD Thirdparty\STM32G0xx_HAL_Driver\Src\stm32g0xx_hal_comp.o
LOAD Thirdparty\STM32G0xx_HAL_Driver\Src\stm32g0xx_hal_cortex.o
LOAD Thirdparty\STM32G0xx_HAL_Driver\Src\stm32g0xx_hal_crc.o
LOAD Thirdparty\STM32G0xx_HAL_Driver\Src\stm32g0xx_hal_crc_ex.o
LOAD Thirdparty\STM32G0xx_HAL_Driver\Src\stm32g0xx_hal_cryp.o
LOAD Thirdparty\STM32G0xx_HAL_Driver\Src\stm32g0xx_hal_cryp_ex.o
LOAD Thirdparty\STM32G0xx_HAL_Driver\Src\stm32g0xx_hal_dac.o
LOAD Thirdparty\STM32G0xx_HAL_Driver\Src\stm32g0xx_hal_dac_ex.o
LOAD Thirdparty\STM32G0xx_HAL_Driver\Src\stm32g0xx_hal_dma.o
LOAD Thirdparty\STM32G0xx_HAL_Driver\Src\stm32g0xx_hal_dma_ex.o
LOAD Thirdparty\STM32G0xx_HAL_Driver\Src\stm32g0xx_hal_exti.o
LOAD Thirdparty\STM32G0xx_HAL_Driver\Src\stm32g0xx_hal_fdcan.o
LOAD Thirdparty\STM32G0xx_HAL_Driver\Src\stm32g0xx_hal_flash.o
LOAD Thirdparty\STM32G0xx_HAL_Driver\Src\stm32g0xx_hal_flash_ex.o
LOAD Thirdparty\STM32G0xx_HAL_Driver\Src\stm32g0xx_hal_gpio.o
LOAD Thirdparty\STM32G0xx_HAL_Driver\Src\stm32g0xx_hal_hcd.o
LOAD Thirdparty\STM32G0xx_HAL_Driver\Src\stm32g0xx_hal_i2c.o
LOAD Thirdparty\STM32G0xx_HAL_Driver\Src\stm32g0xx_hal_i2c_ex.o
LOAD Thirdparty\STM32G0xx_HAL_Driver\Src\stm32g0xx_hal_i2s.o
LOAD Thirdparty\STM32G0xx_HAL_Driver\Src\stm32g0xx_hal_irda.o
LOAD Thirdparty\STM32G0xx_HAL_Driver\Src\stm32g0xx_hal_iwdg.o
LOAD Thirdparty\STM32G0xx_HAL_Driver\Src\stm32g0xx_hal_lptim.o
LOAD Thirdparty\STM32G0xx_HAL_Driver\Src\stm32g0xx_hal_msp_template.o
LOAD Thirdparty\STM32G0xx_HAL_Driver\Src\stm32g0xx_hal_pcd.o
LOAD Thirdparty\STM32G0xx_HAL_Driver\Src\stm32g0xx_hal_pcd_ex.o
LOAD Thirdparty\STM32G0xx_HAL_Driver\Src\stm32g0xx_hal_pwr.o
LOAD Thirdparty\STM32G0xx_HAL_Driver\Src\stm32g0xx_hal_pwr_ex.o
LOAD Thirdparty\STM32G0xx_HAL_Driver\Src\stm32g0xx_hal_rcc.o
LOAD Thirdparty\STM32G0xx_HAL_Driver\Src\stm32g0xx_hal_rcc_ex.o
LOAD Thirdparty\STM32G0xx_HAL_Driver\Src\stm32g0xx_hal_rng.o
LOAD Thirdparty\STM32G0xx_HAL_Driver\Src\stm32g0xx_hal_rtc.o
LOAD Thirdparty\STM32G0xx_HAL_Driver\Src\stm32g0xx_hal_rtc_ex.o
LOAD Thirdparty\STM32G0xx_HAL_Driver\Src\stm32g0xx_hal_smartcard.o
LOAD Thirdparty\STM32G0xx_HAL_Driver\Src\stm32g0xx_hal_smartcard_ex.o
LOAD Thirdparty\STM32G0xx_HAL_Driver\Src\stm32g0xx_hal_smbus.o
LOAD Thirdparty\STM32G0xx_HAL_Driver\Src\stm32g0xx_hal_smbus_ex.o
LOAD Thirdparty\STM32G0xx_HAL_Driver\Src\stm32g0xx_hal_spi.o
LOAD Thirdparty\STM32G0xx_HAL_Driver\Src\stm32g0xx_hal_spi_ex.o
LOAD Thirdparty\STM32G0xx_HAL_Driver\Src\stm32g0xx_hal_tim.o
LOAD Thirdparty\STM32G0xx_HAL_Driver\Src\stm32g0xx_hal_tim_ex.o
LOAD Thirdparty\STM32G0xx_HAL_Driver\Src\stm32g0xx_hal_uart.o
LOAD Thirdparty\STM32G0xx_HAL_Driver\Src\stm32g0xx_hal_uart_ex.o
LOAD Thirdparty\STM32G0xx_HAL_Driver\Src\stm32g0xx_hal_usart.o
LOAD Thirdparty\STM32G0xx_HAL_Driver\Src\stm32g0xx_hal_usart_ex.o
LOAD Thirdparty\STM32G0xx_HAL_Driver\Src\stm32g0xx_hal_wwdg.o
LOAD Thirdparty\STM32G0xx_HAL_Driver\Src\stm32g0xx_ll_adc.o
LOAD Thirdparty\STM32G0xx_HAL_Driver\Src\stm32g0xx_ll_comp.o
LOAD Thirdparty\STM32G0xx_HAL_Driver\Src\stm32g0xx_ll_crc.o
LOAD Thirdparty\STM32G0xx_HAL_Driver\Src\stm32g0xx_ll_crs.o
LOAD Thirdparty\STM32G0xx_HAL_Driver\Src\stm32g0xx_ll_dac.o
LOAD Thirdparty\STM32G0xx_HAL_Driver\Src\stm32g0xx_ll_dma.o
LOAD Thirdparty\STM32G0xx_HAL_Driver\Src\stm32g0xx_ll_exti.o
LOAD Thirdparty\STM32G0xx_HAL_Driver\Src\stm32g0xx_ll_gpio.o
LOAD Thirdparty\STM32G0xx_HAL_Driver\Src\stm32g0xx_ll_i2c.o
LOAD Thirdparty\STM32G0xx_HAL_Driver\Src\stm32g0xx_ll_lptim.o
LOAD Thirdparty\STM32G0xx_HAL_Driver\Src\stm32g0xx_ll_lpuart.o
LOAD Thirdparty\STM32G0xx_HAL_Driver\Src\stm32g0xx_ll_pwr.o
LOAD Thirdparty\STM32G0xx_HAL_Driver\Src\stm32g0xx_ll_rcc.o
LOAD Thirdparty\STM32G0xx_HAL_Driver\Src\stm32g0xx_ll_rng.o
LOAD Thirdparty\STM32G0xx_HAL_Driver\Src\stm32g0xx_ll_rtc.o
LOAD Thirdparty\STM32G0xx_HAL_Driver\Src\stm32g0xx_ll_spi.o
LOAD Thirdparty\STM32G0xx_HAL_Driver\Src\stm32g0xx_ll_tim.o
LOAD Thirdparty\STM32G0xx_HAL_Driver\Src\stm32g0xx_ll_ucpd.o
LOAD Thirdparty\STM32G0xx_HAL_Driver\Src\stm32g0xx_ll_usart.o
LOAD Thirdparty\STM32G0xx_HAL_Driver\Src\stm32g0xx_ll_usb.o
LOAD Thirdparty\STM32G0xx_HAL_Driver\Src\stm32g0xx_ll_utils.o
LOAD User\main.o
START GROUP
LOAD c:/st/stm32cubeide_1.9.0/stm32cubeide/plugins/com.st.stm32cube.ide.mcu.externaltools.gnu-tools-for-stm32.10.3-2021.10.win32_1.0.0.202111181127/tools/bin/../lib/gcc/arm-none-eabi/10.3.1/../../../../arm-none-eabi/lib/thumb/v6-m/nofp\libc.a
LOAD c:/st/stm32cubeide_1.9.0/stm32cubeide/plugins/com.st.stm32cube.ide.mcu.externaltools.gnu-tools-for-stm32.10.3-2021.10.win32_1.0.0.202111181127/tools/bin/../lib/gcc/arm-none-eabi/10.3.1/../../../../arm-none-eabi/lib/thumb/v6-m/nofp\libm.a
END GROUP
START GROUP
LOAD c:/st/stm32cubeide_1.9.0/stm32cubeide/plugins/com.st.stm32cube.ide.mcu.externaltools.gnu-tools-for-stm32.10.3-2021.10.win32_1.0.0.202111181127/tools/bin/../lib/gcc/arm-none-eabi/10.3.1/thumb/v6-m/nofp\libgcc.a
LOAD c:/st/stm32cubeide_1.9.0/stm32cubeide/plugins/com.st.stm32cube.ide.mcu.externaltools.gnu-tools-for-stm32.10.3-2021.10.win32_1.0.0.202111181127/tools/bin/../lib/gcc/arm-none-eabi/10.3.1/../../../../arm-none-eabi/lib/thumb/v6-m/nofp\libc.a
END GROUP
START GROUP
LOAD c:/st/stm32cubeide_1.9.0/stm32cubeide/plugins/com.st.stm32cube.ide.mcu.externaltools.gnu-tools-for-stm32.10.3-2021.10.win32_1.0.0.202111181127/tools/bin/../lib/gcc/arm-none-eabi/10.3.1/thumb/v6-m/nofp\libgcc.a
LOAD c:/st/stm32cubeide_1.9.0/stm32cubeide/plugins/com.st.stm32cube.ide.mcu.externaltools.gnu-tools-for-stm32.10.3-2021.10.win32_1.0.0.202111181127/tools/bin/../lib/gcc/arm-none-eabi/10.3.1/../../../../arm-none-eabi/lib/thumb/v6-m/nofp\libc.a
LOAD c:/st/stm32cubeide_1.9.0/stm32cubeide/plugins/com.st.stm32cube.ide.mcu.externaltools.gnu-tools-for-stm32.10.3-2021.10.win32_1.0.0.202111181127/tools/bin/../lib/gcc/arm-none-eabi/10.3.1/../../../../arm-none-eabi/lib/thumb/v6-m/nofp\libnosys.a
END GROUP
LOAD c:/st/stm32cubeide_1.9.0/stm32cubeide/plugins/com.st.stm32cube.ide.mcu.externaltools.gnu-tools-for-stm32.10.3-2021.10.win32_1.0.0.202111181127/tools/bin/../lib/gcc/arm-none-eabi/10.3.1/thumb/v6-m/nofp/crtend.o
LOAD c:/st/stm32cubeide_1.9.0/stm32cubeide/plugins/com.st.stm32cube.ide.mcu.externaltools.gnu-tools-for-stm32.10.3-2021.10.win32_1.0.0.202111181127/tools/bin/../lib/gcc/arm-none-eabi/10.3.1/thumb/v6-m/nofp/crtn.o
                0x0000000020024000                _estack = (ORIGIN (RAM) + LENGTH (RAM))
                0x0000000000000200                _Min_Heap_Size = 0x200
                0x0000000000000400                _Min_Stack_Size = 0x400

.isr_vector     0x0000000008000000       0xbc
                0x0000000008000000                . = ALIGN (0x4)
 *(.isr_vector)
 .isr_vector    0x0000000008000000       0xbc H3BR2\startup_stm32g0b1ceuxn.o
                0x0000000008000000                g_pfnVectors
                0x00000000080000bc                . = ALIGN (0x4)

.text           0x00000000080000c0    0x286f8
                0x00000000080000c0                . = ALIGN (0x4)
 *(.text)
 .text          0x00000000080000c0       0x48 c:/st/stm32cubeide_1.9.0/stm32cubeide/plugins/com.st.stm32cube.ide.mcu.externaltools.gnu-tools-for-stm32.10.3-2021.10.win32_1.0.0.202111181127/tools/bin/../lib/gcc/arm-none-eabi/10.3.1/thumb/v6-m/nofp/crtbegin.o
 .text          0x0000000008000108       0x14 c:/st/stm32cubeide_1.9.0/stm32cubeide/plugins/com.st.stm32cube.ide.mcu.externaltools.gnu-tools-for-stm32.10.3-2021.10.win32_1.0.0.202111181127/tools/bin/../lib/gcc/arm-none-eabi/10.3.1/../../../../arm-none-eabi/lib/thumb/v6-m/nofp\libc.a(lib_a-strcmp.o)
                0x0000000008000108                strcmp
 .text          0x000000000800011c        0xe c:/st/stm32cubeide_1.9.0/stm32cubeide/plugins/com.st.stm32cube.ide.mcu.externaltools.gnu-tools-for-stm32.10.3-2021.10.win32_1.0.0.202111181127/tools/bin/../lib/gcc/arm-none-eabi/10.3.1/../../../../arm-none-eabi/lib/thumb/v6-m/nofp\libc.a(lib_a-strlen.o)
                0x000000000800011c                strlen
 *fill*         0x000000000800012a        0x2 
 .text          0x000000000800012c       0x14 c:/st/stm32cubeide_1.9.0/stm32cubeide/plugins/com.st.stm32cube.ide.mcu.externaltools.gnu-tools-for-stm32.10.3-2021.10.win32_1.0.0.202111181127/tools/bin/../lib/gcc/arm-none-eabi/10.3.1/thumb/v6-m/nofp\libgcc.a(_thumb1_case_uqi.o)
                0x000000000800012c                __gnu_thumb1_case_uqi
 .text          0x0000000008000140       0x14 c:/st/stm32cubeide_1.9.0/stm32cubeide/plugins/com.st.stm32cube.ide.mcu.externaltools.gnu-tools-for-stm32.10.3-2021.10.win32_1.0.0.202111181127/tools/bin/../lib/gcc/arm-none-eabi/10.3.1/thumb/v6-m/nofp\libgcc.a(_thumb1_case_uhi.o)
                0x0000000008000140                __gnu_thumb1_case_uhi
 .text          0x0000000008000154      0x114 c:/st/stm32cubeide_1.9.0/stm32cubeide/plugins/com.st.stm32cube.ide.mcu.externaltools.gnu-tools-for-stm32.10.3-2021.10.win32_1.0.0.202111181127/tools/bin/../lib/gcc/arm-none-eabi/10.3.1/thumb/v6-m/nofp\libgcc.a(_udivsi3.o)
                0x0000000008000154                __aeabi_uidiv
                0x0000000008000154                __udivsi3
                0x0000000008000260                __aeabi_uidivmod
 .text          0x0000000008000268      0x1d4 c:/st/stm32cubeide_1.9.0/stm32cubeide/plugins/com.st.stm32cube.ide.mcu.externaltools.gnu-tools-for-stm32.10.3-2021.10.win32_1.0.0.202111181127/tools/bin/../lib/gcc/arm-none-eabi/10.3.1/thumb/v6-m/nofp\libgcc.a(_divsi3.o)
                0x0000000008000268                __divsi3
                0x0000000008000268                __aeabi_idiv
                0x0000000008000434                __aeabi_idivmod
 .text          0x000000000800043c        0x4 c:/st/stm32cubeide_1.9.0/stm32cubeide/plugins/com.st.stm32cube.ide.mcu.externaltools.gnu-tools-for-stm32.10.3-2021.10.win32_1.0.0.202111181127/tools/bin/../lib/gcc/arm-none-eabi/10.3.1/thumb/v6-m/nofp\libgcc.a(_dvmd_tls.o)
                0x000000000800043c                __aeabi_idiv0
                0x000000000800043c                __aeabi_ldiv0
 .text          0x0000000008000440       0x7c c:/st/stm32cubeide_1.9.0/stm32cubeide/plugins/com.st.stm32cube.ide.mcu.externaltools.gnu-tools-for-stm32.10.3-2021.10.win32_1.0.0.202111181127/tools/bin/../lib/gcc/arm-none-eabi/10.3.1/thumb/v6-m/nofp\libgcc.a(_arm_cmpdf2.o)
                0x0000000008000440                __aeabi_cdrcmple
                0x0000000008000450                __aeabi_cdcmple
                0x0000000008000450                __aeabi_cdcmpeq
                0x0000000008000460                __aeabi_dcmpeq
                0x000000000800046c                __aeabi_dcmplt
                0x0000000008000480                __aeabi_dcmple
                0x0000000008000494                __aeabi_dcmpgt
                0x00000000080004a8                __aeabi_dcmpge
 .text          0x00000000080004bc       0x74 c:/st/stm32cubeide_1.9.0/stm32cubeide/plugins/com.st.stm32cube.ide.mcu.externaltools.gnu-tools-for-stm32.10.3-2021.10.win32_1.0.0.202111181127/tools/bin/../lib/gcc/arm-none-eabi/10.3.1/thumb/v6-m/nofp\libgcc.a(_arm_cmpsf2.o)
                0x00000000080004bc                __aeabi_cfrcmple
                0x00000000080004c4                __aeabi_cfcmpeq
                0x00000000080004c4                __aeabi_cfcmple
                0x00000000080004d4                __aeabi_fcmpeq
                0x00000000080004e0                __aeabi_fcmplt
                0x00000000080004f4                __aeabi_fcmple
                0x0000000008000508                __aeabi_fcmpgt
                0x000000000800051c                __aeabi_fcmpge
 .text          0x0000000008000530       0x14 c:/st/stm32cubeide_1.9.0/stm32cubeide/plugins/com.st.stm32cube.ide.mcu.externaltools.gnu-tools-for-stm32.10.3-2021.10.win32_1.0.0.202111181127/tools/bin/../lib/gcc/arm-none-eabi/10.3.1/thumb/v6-m/nofp\libgcc.a(_aeabi_ulcmp.o)
                0x0000000008000530                __aeabi_ulcmp
 .text          0x0000000008000544       0x40 c:/st/stm32cubeide_1.9.0/stm32cubeide/plugins/com.st.stm32cube.ide.mcu.externaltools.gnu-tools-for-stm32.10.3-2021.10.win32_1.0.0.202111181127/tools/bin/../lib/gcc/arm-none-eabi/10.3.1/thumb/v6-m/nofp\libgcc.a(_aeabi_uldivmod.o)
                0x0000000008000544                __aeabi_uldivmod
 .text          0x0000000008000584       0x5c c:/st/stm32cubeide_1.9.0/stm32cubeide/plugins/com.st.stm32cube.ide.mcu.externaltools.gnu-tools-for-stm32.10.3-2021.10.win32_1.0.0.202111181127/tools/bin/../lib/gcc/arm-none-eabi/10.3.1/thumb/v6-m/nofp\libgcc.a(_muldi3.o)
                0x0000000008000584                __muldi3
                0x0000000008000584                __aeabi_lmul
 .text          0x00000000080005e0       0x30 c:/st/stm32cubeide_1.9.0/stm32cubeide/plugins/com.st.stm32cube.ide.mcu.externaltools.gnu-tools-for-stm32.10.3-2021.10.win32_1.0.0.202111181127/tools/bin/../lib/gcc/arm-none-eabi/10.3.1/thumb/v6-m/nofp\libgcc.a(_fixunssfsi.o)
                0x00000000080005e0                __fixunssfsi
                0x00000000080005e0                __aeabi_f2uiz
 .text          0x0000000008000610       0x3c c:/st/stm32cubeide_1.9.0/stm32cubeide/plugins/com.st.stm32cube.ide.mcu.externaltools.gnu-tools-for-stm32.10.3-2021.10.win32_1.0.0.202111181127/tools/bin/../lib/gcc/arm-none-eabi/10.3.1/thumb/v6-m/nofp\libgcc.a(_fixunsdfsi.o)
                0x0000000008000610                __aeabi_d2uiz
                0x0000000008000610                __fixunsdfsi
 .text          0x000000000800064c       0x3c c:/st/stm32cubeide_1.9.0/stm32cubeide/plugins/com.st.stm32cube.ide.mcu.externaltools.gnu-tools-for-stm32.10.3-2021.10.win32_1.0.0.202111181127/tools/bin/../lib/gcc/arm-none-eabi/10.3.1/thumb/v6-m/nofp\libgcc.a(_fixdfdi.o)
                0x000000000800064c                __fixdfdi
                0x000000000800064c                __aeabi_d2lz
 .text          0x0000000008000688       0x3c c:/st/stm32cubeide_1.9.0/stm32cubeide/plugins/com.st.stm32cube.ide.mcu.externaltools.gnu-tools-for-stm32.10.3-2021.10.win32_1.0.0.202111181127/tools/bin/../lib/gcc/arm-none-eabi/10.3.1/thumb/v6-m/nofp\libgcc.a(_fixunsdfdi.o)
                0x0000000008000688                __fixunsdfdi
                0x0000000008000688                __aeabi_d2ulz
 .text          0x00000000080006c4       0x2c c:/st/stm32cubeide_1.9.0/stm32cubeide/plugins/com.st.stm32cube.ide.mcu.externaltools.gnu-tools-for-stm32.10.3-2021.10.win32_1.0.0.202111181127/tools/bin/../lib/gcc/arm-none-eabi/10.3.1/thumb/v6-m/nofp\libgcc.a(_floatdidf.o)
                0x00000000080006c4                __aeabi_l2d
                0x00000000080006c4                __floatdidf
 .text          0x00000000080006f0      0x198 c:/st/stm32cubeide_1.9.0/stm32cubeide/plugins/com.st.stm32cube.ide.mcu.externaltools.gnu-tools-for-stm32.10.3-2021.10.win32_1.0.0.202111181127/tools/bin/../lib/gcc/arm-none-eabi/10.3.1/thumb/v6-m/nofp\libgcc.a(_udivmoddi4.o)
                0x00000000080006f0                __udivmoddi4
 .text          0x0000000008000888       0x4c c:/st/stm32cubeide_1.9.0/stm32cubeide/plugins/com.st.stm32cube.ide.mcu.externaltools.gnu-tools-for-stm32.10.3-2021.10.win32_1.0.0.202111181127/tools/bin/../lib/gcc/arm-none-eabi/10.3.1/thumb/v6-m/nofp\libgcc.a(eqsf2.o)
                0x0000000008000888                __eqsf2
                0x0000000008000888                __nesf2
 .text          0x00000000080008d4       0x8c c:/st/stm32cubeide_1.9.0/stm32cubeide/plugins/com.st.stm32cube.ide.mcu.externaltools.gnu-tools-for-stm32.10.3-2021.10.win32_1.0.0.202111181127/tools/bin/../lib/gcc/arm-none-eabi/10.3.1/thumb/v6-m/nofp\libgcc.a(gesf2.o)
                0x00000000080008d4                __gesf2
                0x00000000080008d4                __gtsf2
 .text          0x0000000008000960       0x88 c:/st/stm32cubeide_1.9.0/stm32cubeide/plugins/com.st.stm32cube.ide.mcu.externaltools.gnu-tools-for-stm32.10.3-2021.10.win32_1.0.0.202111181127/tools/bin/../lib/gcc/arm-none-eabi/10.3.1/thumb/v6-m/nofp\libgcc.a(lesf2.o)
                0x0000000008000960                __ltsf2
                0x0000000008000960                __lesf2
 .text          0x00000000080009e8      0x24c c:/st/stm32cubeide_1.9.0/stm32cubeide/plugins/com.st.stm32cube.ide.mcu.externaltools.gnu-tools-for-stm32.10.3-2021.10.win32_1.0.0.202111181127/tools/bin/../lib/gcc/arm-none-eabi/10.3.1/thumb/v6-m/nofp\libgcc.a(mulsf3.o)
                0x00000000080009e8                __aeabi_fmul
 .text          0x0000000008000c34      0x35c c:/st/stm32cubeide_1.9.0/stm32cubeide/plugins/com.st.stm32cube.ide.mcu.externaltools.gnu-tools-for-stm32.10.3-2021.10.win32_1.0.0.202111181127/tools/bin/../lib/gcc/arm-none-eabi/10.3.1/thumb/v6-m/nofp\libgcc.a(subsf3.o)
                0x0000000008000c34                __aeabi_fsub
 .text          0x0000000008000f90       0x40 c:/st/stm32cubeide_1.9.0/stm32cubeide/plugins/com.st.stm32cube.ide.mcu.externaltools.gnu-tools-for-stm32.10.3-2021.10.win32_1.0.0.202111181127/tools/bin/../lib/gcc/arm-none-eabi/10.3.1/thumb/v6-m/nofp\libgcc.a(fixsfsi.o)
                0x0000000008000f90                __aeabi_f2iz
 .text          0x0000000008000fd0       0x84 c:/st/stm32cubeide_1.9.0/stm32cubeide/plugins/com.st.stm32cube.ide.mcu.externaltools.gnu-tools-for-stm32.10.3-2021.10.win32_1.0.0.202111181127/tools/bin/../lib/gcc/arm-none-eabi/10.3.1/thumb/v6-m/nofp\libgcc.a(floatunsisf.o)
                0x0000000008000fd0                __aeabi_ui2f
 .text          0x0000000008001054      0x678 c:/st/stm32cubeide_1.9.0/stm32cubeide/plugins/com.st.stm32cube.ide.mcu.externaltools.gnu-tools-for-stm32.10.3-2021.10.win32_1.0.0.202111181127/tools/bin/../lib/gcc/arm-none-eabi/10.3.1/thumb/v6-m/nofp\libgcc.a(adddf3.o)
                0x0000000008001054                __aeabi_dadd
 .text          0x00000000080016cc      0x5ec c:/st/stm32cubeide_1.9.0/stm32cubeide/plugins/com.st.stm32cube.ide.mcu.externaltools.gnu-tools-for-stm32.10.3-2021.10.win32_1.0.0.202111181127/tools/bin/../lib/gcc/arm-none-eabi/10.3.1/thumb/v6-m/nofp\libgcc.a(divdf3.o)
                0x00000000080016cc                __aeabi_ddiv
 .text          0x0000000008001cb8       0x84 c:/st/stm32cubeide_1.9.0/stm32cubeide/plugins/com.st.stm32cube.ide.mcu.externaltools.gnu-tools-for-stm32.10.3-2021.10.win32_1.0.0.202111181127/tools/bin/../lib/gcc/arm-none-eabi/10.3.1/thumb/v6-m/nofp\libgcc.a(eqdf2.o)
                0x0000000008001cb8                __nedf2
                0x0000000008001cb8                __eqdf2
 .text          0x0000000008001d3c       0xcc c:/st/stm32cubeide_1.9.0/stm32cubeide/plugins/com.st.stm32cube.ide.mcu.externaltools.gnu-tools-for-stm32.10.3-2021.10.win32_1.0.0.202111181127/tools/bin/../lib/gcc/arm-none-eabi/10.3.1/thumb/v6-m/nofp\libgcc.a(gedf2.o)
                0x0000000008001d3c                __gedf2
                0x0000000008001d3c                __gtdf2
 .text          0x0000000008001e08       0xc8 c:/st/stm32cubeide_1.9.0/stm32cubeide/plugins/com.st.stm32cube.ide.mcu.externaltools.gnu-tools-for-stm32.10.3-2021.10.win32_1.0.0.202111181127/tools/bin/../lib/gcc/arm-none-eabi/10.3.1/thumb/v6-m/nofp\libgcc.a(ledf2.o)
                0x0000000008001e08                __ledf2
                0x0000000008001e08                __ltdf2
 .text          0x0000000008001ed0      0x4d8 c:/st/stm32cubeide_1.9.0/stm32cubeide/plugins/com.st.stm32cube.ide.mcu.externaltools.gnu-tools-for-stm32.10.3-2021.10.win32_1.0.0.202111181127/tools/bin/../lib/gcc/arm-none-eabi/10.3.1/thumb/v6-m/nofp\libgcc.a(muldf3.o)
                0x0000000008001ed0                __aeabi_dmul
 .text          0x00000000080023a8      0x724 c:/st/stm32cubeide_1.9.0/stm32cubeide/plugins/com.st.stm32cube.ide.mcu.externaltools.gnu-tools-for-stm32.10.3-2021.10.win32_1.0.0.202111181127/tools/bin/../lib/gcc/arm-none-eabi/10.3.1/thumb/v6-m/nofp\libgcc.a(subdf3.o)
                0x00000000080023a8                __aeabi_dsub
 .text          0x0000000008002acc       0x3c c:/st/stm32cubeide_1.9.0/stm32cubeide/plugins/com.st.stm32cube.ide.mcu.externaltools.gnu-tools-for-stm32.10.3-2021.10.win32_1.0.0.202111181127/tools/bin/../lib/gcc/arm-none-eabi/10.3.1/thumb/v6-m/nofp\libgcc.a(unorddf2.o)
                0x0000000008002acc                __aeabi_dcmpun
 .text          0x0000000008002b08       0x6c c:/st/stm32cubeide_1.9.0/stm32cubeide/plugins/com.st.stm32cube.ide.mcu.externaltools.gnu-tools-for-stm32.10.3-2021.10.win32_1.0.0.202111181127/tools/bin/../lib/gcc/arm-none-eabi/10.3.1/thumb/v6-m/nofp\libgcc.a(fixdfsi.o)
                0x0000000008002b08                __aeabi_d2iz
 .text          0x0000000008002b74       0x60 c:/st/stm32cubeide_1.9.0/stm32cubeide/plugins/com.st.stm32cube.ide.mcu.externaltools.gnu-tools-for-stm32.10.3-2021.10.win32_1.0.0.202111181127/tools/bin/../lib/gcc/arm-none-eabi/10.3.1/thumb/v6-m/nofp\libgcc.a(floatsidf.o)
                0x0000000008002b74                __aeabi_i2d
 .text          0x0000000008002bd4       0x4c c:/st/stm32cubeide_1.9.0/stm32cubeide/plugins/com.st.stm32cube.ide.mcu.externaltools.gnu-tools-for-stm32.10.3-2021.10.win32_1.0.0.202111181127/tools/bin/../lib/gcc/arm-none-eabi/10.3.1/thumb/v6-m/nofp\libgcc.a(floatunsidf.o)
                0x0000000008002bd4                __aeabi_ui2d
 .text          0x0000000008002c20       0x90 c:/st/stm32cubeide_1.9.0/stm32cubeide/plugins/com.st.stm32cube.ide.mcu.externaltools.gnu-tools-for-stm32.10.3-2021.10.win32_1.0.0.202111181127/tools/bin/../lib/gcc/arm-none-eabi/10.3.1/thumb/v6-m/nofp\libgcc.a(extendsfdf2.o)
                0x0000000008002c20                __aeabi_f2d
 .text          0x0000000008002cb0      0x110 c:/st/stm32cubeide_1.9.0/stm32cubeide/plugins/com.st.stm32cube.ide.mcu.externaltools.gnu-tools-for-stm32.10.3-2021.10.win32_1.0.0.202111181127/tools/bin/../lib/gcc/arm-none-eabi/10.3.1/thumb/v6-m/nofp\libgcc.a(truncdfsf2.o)
                0x0000000008002cb0                __aeabi_d2f
 .text          0x0000000008002dc0       0x3c c:/st/stm32cubeide_1.9.0/stm32cubeide/plugins/com.st.stm32cube.ide.mcu.externaltools.gnu-tools-for-stm32.10.3-2021.10.win32_1.0.0.202111181127/tools/bin/../lib/gcc/arm-none-eabi/10.3.1/thumb/v6-m/nofp\libgcc.a(_clzsi2.o)
                0x0000000008002dc0                __clzsi2
 .text          0x0000000008002dfc       0x18 c:/st/stm32cubeide_1.9.0/stm32cubeide/plugins/com.st.stm32cube.ide.mcu.externaltools.gnu-tools-for-stm32.10.3-2021.10.win32_1.0.0.202111181127/tools/bin/../lib/gcc/arm-none-eabi/10.3.1/thumb/v6-m/nofp\libgcc.a(_clzdi2.o)
                0x0000000008002dfc                __clzdi2
 *(.text*)
 .text.__NVIC_SystemReset
                0x0000000008002e14       0x24 BOS\BOS.o
 .text.Processor_type
                0x0000000008002e38       0x6a BOS\BOS.o
                0x0000000008002e38                Processor_type
 *fill*         0x0000000008002ea2        0x2 
 .text.Get_Module_Name
                0x0000000008002ea4       0x28 BOS\BOS.o
                0x0000000008002ea4                Get_Module_Name
 .text.Send_BOS_Message
                0x0000000008002ecc       0xfc BOS\BOS.o
                0x0000000008002ecc                Send_BOS_Message
 .text.LoadEEvars
                0x0000000008002fc8       0x2a BOS\BOS.o
                0x0000000008002fc8                LoadEEvars
 *fill*         0x0000000008002ff2        0x2 
 .text.LoadROtopology
                0x0000000008002ff4       0xfc BOS\BOS.o
                0x0000000008002ff4                LoadROtopology
 .text.LoadEEportsDir
                0x00000000080030f0       0x68 BOS\BOS.o
                0x00000000080030f0                LoadEEportsDir
 .text.LoadEEalias
                0x0000000008003158       0xd8 BOS\BOS.o
                0x0000000008003158                LoadEEalias
 .text.LoadEEgroup
                0x0000000008003230      0x120 BOS\BOS.o
                0x0000000008003230                LoadEEgroup
 .text.LoadEEstreams
                0x0000000008003350      0x21c BOS\BOS.o
                0x0000000008003350                LoadEEstreams
 .text.LoadEEparams
                0x000000000800356c      0x260 BOS\BOS.o
                0x000000000800356c                LoadEEparams
 .text.LoadEEbuttons
                0x00000000080037cc      0x2ec BOS\BOS.o
                0x00000000080037cc                LoadEEbuttons
 .text.LoadROsnippets
                0x0000000008003ab8      0x1d8 BOS\BOS.o
                0x0000000008003ab8                LoadROsnippets
 .text.SaveEEportsDir
                0x0000000008003c90       0x78 BOS\BOS.o
                0x0000000008003c90                SaveEEportsDir
 .text.SaveEEalias
                0x0000000008003d08       0xd4 BOS\BOS.o
                0x0000000008003d08                SaveEEalias
 .text.SaveEEstreams
                0x0000000008003ddc       0xdc BOS\BOS.o
                0x0000000008003ddc                SaveEEstreams
 .text.SaveEEparams
                0x0000000008003eb8       0xf8 BOS\BOS.o
                0x0000000008003eb8                SaveEEparams
 .text.ClearEEportsDir
                0x0000000008003fb0       0x84 BOS\BOS.o
                0x0000000008003fb0                ClearEEportsDir
 .text.EE_FormatForFactoryReset
                0x0000000008004034       0x2c BOS\BOS.o
                0x0000000008004034                EE_FormatForFactoryReset
 .text.IsLowerCLIbaud
                0x0000000008004060       0xe8 BOS\BOS.o
                0x0000000008004060                IsLowerCLIbaud
 .text.IsModuleParameter
                0x0000000008004148       0x64 BOS\BOS.o
                0x0000000008004148                IsModuleParameter
 .text.IsMathOperator
                0x00000000080041ac       0xc4 BOS\BOS.o
                0x00000000080041ac                IsMathOperator
 .text.BOS_Init
                0x0000000008004270      0x144 BOS\BOS.o
                0x0000000008004270                BOS_Init
 .text.Module_Init
                0x00000000080043b4       0x1e BOS\BOS.o
                0x00000000080043b4                Module_Init
 *fill*         0x00000000080043d2        0x2 
 .text.ExploreNeighbors
                0x00000000080043d4       0x90 BOS\BOS.o
                0x00000000080043d4                ExploreNeighbors
 .text.FindBroadcastRoutes
                0x0000000008004464      0x3b0 BOS\BOS.o
                0x0000000008004464                FindBroadcastRoutes
 .text.FindRoute
                0x0000000008004814      0x2dc BOS\BOS.o
                0x0000000008004814                FindRoute
 .text.minArr   0x0000000008004af0       0x88 BOS\BOS.o
                0x0000000008004af0                minArr
 .text.QnotEmpty
                0x0000000008004b78       0x50 BOS\BOS.o
                0x0000000008004b78                QnotEmpty
 .text.DisplayTopology
                0x0000000008004bc8      0x258 BOS\BOS.o
                0x0000000008004bc8                DisplayTopology
 .text.DisplayPortsDir
                0x0000000008004e20      0x118 BOS\BOS.o
                0x0000000008004e20                DisplayPortsDir
 .text.DisplayModuleStatus
                0x0000000008004f38      0x3c0 BOS\BOS.o
                0x0000000008004f38                DisplayModuleStatus
 .text.GetID    0x00000000080052f8      0x15c BOS\BOS.o
                0x00000000080052f8                GetID
 .text.NameModule
                0x0000000008005454      0x140 BOS\BOS.o
                0x0000000008005454                NameModule
 .text.AddModuleToGroup
                0x0000000008005594      0x1b8 BOS\BOS.o
                0x0000000008005594                AddModuleToGroup
 .text.WriteToRemote
                0x000000000800574c      0x460 BOS\BOS.o
                0x000000000800574c                WriteToRemote
 .text.GetDateString
                0x0000000008005bac       0x5c BOS\BOS.o
                0x0000000008005bac                GetDateString
 .text.Bridge   0x0000000008005c08       0x4c BOS\BOS.o
                0x0000000008005c08                Bridge
 .text.Unbridge
                0x0000000008005c54       0xcc BOS\BOS.o
                0x0000000008005c54                Unbridge
 .text.prvCLITask
                0x0000000008005d20      0x278 BOS\BOS_CLI.o
                0x0000000008005d20                prvCLITask
 .text.CLI_CommandParser
                0x0000000008005f98      0x574 BOS\BOS_CLI.o
                0x0000000008005f98                CLI_CommandParser
 .text.StringToLowerCase
                0x000000000800650c       0x6c BOS\BOS_CLI.o
                0x000000000800650c                StringToLowerCase
 .text.AddSnippet
                0x0000000008006578      0x1b4 BOS\BOS_CLI.o
                0x0000000008006578                AddSnippet
 .text.ParseSnippetCondition
                0x000000000800672c      0x7f8 BOS\BOS_CLI.o
                0x000000000800672c                ParseSnippetCondition
 .text.ParseSnippetCommand
                0x0000000008006f24       0xc8 BOS\BOS_CLI.o
                0x0000000008006f24                ParseSnippetCommand
 .text.CheckSnippetCondition
                0x0000000008006fec      0x1b4 BOS\BOS_CLI.o
                0x0000000008006fec                CheckSnippetCondition
 .text.ExecuteSnippet
                0x00000000080071a0       0xd0 BOS\BOS_CLI.o
                0x00000000080071a0                ExecuteSnippet
 .text.__NVIC_SystemReset
                0x0000000008007270       0x24 BOS\BOS_CLIcommands.o
 .text.RegisterUserCLICommands
                0x0000000008007294        0xa BOS\BOS_CLIcommands.o
                0x0000000008007294                RegisterUserCLICommands
 *fill*         0x000000000800729e        0x2 
 .text.vRegisterCLICommands
                0x00000000080072a0      0x1b0 BOS\BOS_CLIcommands.o
                0x00000000080072a0                vRegisterCLICommands
 .text.prvTaskStatsCommand
                0x0000000008007450       0x40 BOS\BOS_CLIcommands.o
 .text.prvRunTimeStatsCommand
                0x0000000008007490       0x40 BOS\BOS_CLIcommands.o
 .text.pingCommand
                0x00000000080074d0       0x9c BOS\BOS_CLIcommands.o
 .text.bootloaderUpdateCommand
                0x000000000800756c      0x1fc BOS\BOS_CLIcommands.o
 .text.exploreCommand
                0x0000000008007768       0x16 BOS\BOS_CLIcommands.o
 .text.resetCommand
                0x000000000800777e       0x10 BOS\BOS_CLIcommands.o
 *fill*         0x000000000800778e        0x2 
 .text.nameCommand
                0x0000000008007790       0xe8 BOS\BOS_CLIcommands.o
 .text.groupCommand
                0x0000000008007878      0x2fc BOS\BOS_CLIcommands.o
 .text.statusCommand
                0x0000000008007b74       0x1c BOS\BOS_CLIcommands.o
 .text.infoCommand
                0x0000000008007b90       0xfc BOS\BOS_CLIcommands.o
 .text.scastCommand
                0x0000000008007c8c      0x2dc BOS\BOS_CLIcommands.o
 .text.addbuttonCommand
                0x0000000008007f68      0x150 BOS\BOS_CLIcommands.o
 .text.removebuttonCommand
                0x00000000080080b8       0x94 BOS\BOS_CLIcommands.o
 .text.setCommand
                0x000000000800814c      0xbf8 BOS\BOS_CLIcommands.o
 .text.getCommand
                0x0000000008008d44      0x3b4 BOS\BOS_CLIcommands.o
 .text.defaultCommand
                0x00000000080090f8       0xf8 BOS\BOS_CLIcommands.o
 .text.timeCommand
                0x00000000080091f0       0xd8 BOS\BOS_CLIcommands.o
 .text.dateCommand
                0x00000000080092c8       0x34 BOS\BOS_CLIcommands.o
 .text.setBaudrateCommand
                0x00000000080092fc       0xc0 BOS\BOS_CLIcommands.o
 .text.uuidCommand
                0x00000000080093bc       0x70 BOS\BOS_CLIcommands.o
 .text.idcodeCommand
                0x000000000800942c       0xe0 BOS\BOS_CLIcommands.o
 .text.flashsizeCommand
                0x000000000800950c       0x34 BOS\BOS_CLIcommands.o
 .text.snipCommand
                0x0000000008009540      0x3ac BOS\BOS_CLIcommands.o
 .text.actSnipCommand
                0x00000000080098ec       0xb8 BOS\BOS_CLIcommands.o
 .text.pauseSnipCommand
                0x00000000080099a4       0xb8 BOS\BOS_CLIcommands.o
 .text.delSnipCommand
                0x0000000008009a5c      0x1d4 BOS\BOS_CLIcommands.o
 .text.bridgeCommand
                0x0000000008009c30      0x11c BOS\BOS_CLIcommands.o
 .text.unbridgeCommand
                0x0000000008009d4c      0x11c BOS\BOS_CLIcommands.o
 .text.testportCommand
                0x0000000008009e68      0x2e8 BOS\BOS_CLIcommands.o
 .text.ADCReadCommand
                0x000000000800a150      0x134 BOS\BOS_CLIcommands.o
 .text.ReadTempCommand
                0x000000000800a284       0x54 BOS\BOS_CLIcommands.o
 .text.ReadVrefCommand
                0x000000000800a2d8       0x54 BOS\BOS_CLIcommands.o
 .text.GetReadPrecentageCommand
                0x000000000800a32c       0x98 BOS\BOS_CLIcommands.o
 .text.StartDMAstream
                0x000000000800a3c4       0xb0 BOS\BOS_dma.o
                0x000000000800a3c4                StartDMAstream
 .text.ResetUartORE
                0x000000000800a474       0x54 BOS\BOS_dma.o
                0x000000000800a474                ResetUartORE
 .text.MX_FREERTOS_Init
                0x000000000800a4c8      0x260 BOS\BOS_freertos.o
                0x000000000800a4c8                MX_FREERTOS_Init
 .text.StartDefaultTask
                0x000000000800a728       0xdc BOS\BOS_freertos.o
                0x000000000800a728                StartDefaultTask
 .text.ExecuteMonitor
                0x000000000800a804      0x4c8 BOS\BOS_freertos.o
                0x000000000800a804                ExecuteMonitor
 .text.vMainConfigureTimerForRunTimeStats
                0x000000000800accc       0x2c BOS\BOS_freertos.o
                0x000000000800accc                vMainConfigureTimerForRunTimeStats
 .text.ulMainGetRunTimeCounterValue
                0x000000000800acf8       0x90 BOS\BOS_freertos.o
                0x000000000800acf8                ulMainGetRunTimeCounterValue
 .text.SetupDMAStreams
                0x000000000800ad88      0x27c BOS\BOS_messaging.o
                0x000000000800ad88                SetupDMAStreams
 .text.StreamTimerCallback
                0x000000000800b004       0x34 BOS\BOS_messaging.o
                0x000000000800b004                StreamTimerCallback
 .text.ForwardReceivedMessage
                0x000000000800b038       0x80 BOS\BOS_messaging.o
                0x000000000800b038                ForwardReceivedMessage
 .text.BroadcastReceivedMessage
                0x000000000800b0b8       0x70 BOS\BOS_messaging.o
                0x000000000800b0b8                BroadcastReceivedMessage
 .text.NotifyMessagingTask
                0x000000000800b128       0xa4 BOS\BOS_messaging.o
                0x000000000800b128                NotifyMessagingTask
 .text.BroadcastMessage
                0x000000000800b1cc       0x94 BOS\BOS_messaging.o
                0x000000000800b1cc                BroadcastMessage
 .text.SendMessageToModule
                0x000000000800b260       0xa4 BOS\BOS_messaging.o
                0x000000000800b260                SendMessageToModule
 .text.SendMessageFromPort
                0x000000000800b304      0x6b4 BOS\BOS_messaging.o
                0x000000000800b304                SendMessageFromPort
 .text.StartScastDMAStream
                0x000000000800b9b8      0x30c BOS\BOS_messaging.o
                0x000000000800b9b8                StartScastDMAStream
 .text.__NVIC_SystemReset
                0x000000000800bcc4       0x24 BOS\BOS_msgparser.o
 .text.BackEndTask
                0x000000000800bce8      0x858 BOS\BOS_msgparser.o
                0x000000000800bce8                BackEndTask
 .text.PxMessagingTask
                0x000000000800c540     0x5324 BOS\BOS_msgparser.o
                0x000000000800c540                PxMessagingTask
 .text.User_MessagingParser
                0x0000000008011864       0x3a BOS\BOS_msgparser.o
                0x0000000008011864                User_MessagingParser
 *fill*         0x000000000801189e        0x2 
 .text.get_number_code
                0x00000000080118a0       0xe4 H3BR2\H3BR2.o
                0x00000000080118a0                get_number_code
 .text.get_letter_code
                0x0000000008011984      0x248 H3BR2\H3BR2.o
                0x0000000008011984                get_letter_code
 .text.get_hexadigit_code
                0x0000000008011bcc       0xbc H3BR2\H3BR2.o
                0x0000000008011bcc                get_hexadigit_code
 .text.clear_all_digits
                0x0000000008011c88       0x40 H3BR2\H3BR2.o
                0x0000000008011c88                clear_all_digits
 .text.SystemClock_Config
                0x0000000008011cc8       0xe8 H3BR2\H3BR2.o
                0x0000000008011cc8                SystemClock_Config
 .text.SaveToRO
                0x0000000008011db0      0x414 H3BR2\H3BR2.o
                0x0000000008011db0                SaveToRO
 .text.ClearROtopology
                0x00000000080121c4       0x38 H3BR2\H3BR2.o
                0x00000000080121c4                ClearROtopology
 .text.remoteBootloaderUpdate
                0x00000000080121fc      0x178 H3BR2\H3BR2.o
                0x00000000080121fc                remoteBootloaderUpdate
 .text.SetupPortForRemoteBootloaderUpdate
                0x0000000008012374       0x52 H3BR2\H3BR2.o
                0x0000000008012374                SetupPortForRemoteBootloaderUpdate
 *fill*         0x00000000080123c6        0x2 
 .text.Module_Peripheral_Init
                0x00000000080123c8      0x168 H3BR2\H3BR2.o
                0x00000000080123c8                Module_Peripheral_Init
 .text.SwitchTimerCallback
                0x0000000008012530      0x198 H3BR2\H3BR2.o
                0x0000000008012530                SwitchTimerCallback
 .text.Module_MessagingTask
                0x00000000080126c8      0x1f8 H3BR2\H3BR2.o
                0x00000000080126c8                Module_MessagingTask
 .text.GetPort  0x00000000080128c0       0x80 H3BR2\H3BR2.o
                0x00000000080128c0                GetPort
 .text.RegisterModuleCLICommands
                0x0000000008012940       0x54 H3BR2\H3BR2.o
                0x0000000008012940                RegisterModuleCLICommands
 .text.SevenDisplayNumberF
                0x0000000008012994       0xd4 H3BR2\H3BR2.o
                0x0000000008012994                SevenDisplayNumberF
 .text.SevenDisplayNumber
                0x0000000008012a68       0x8c H3BR2\H3BR2.o
                0x0000000008012a68                SevenDisplayNumber
 .text.SevenDisplayNumberHexa
                0x0000000008012af4       0x68 H3BR2\H3BR2.o
                0x0000000008012af4                SevenDisplayNumberHexa
 .text.SevenDisplayOneDigit
                0x0000000008012b5c       0xa4 H3BR2\H3BR2.o
                0x0000000008012b5c                SevenDisplayOneDigit
 .text.SevenDisplayOneDigitHexa
                0x0000000008012c00       0xb0 H3BR2\H3BR2.o
                0x0000000008012c00                SevenDisplayOneDigitHexa
 .text.SevenDisplayOff
                0x0000000008012cb0       0x1c H3BR2\H3BR2.o
                0x0000000008012cb0                SevenDisplayOff
 .text.CLI_SevenDisplayNumberCommand
                0x0000000008012ccc       0xbc H3BR2\H3BR2.o
                0x0000000008012ccc                CLI_SevenDisplayNumberCommand
 .text.CLI_SevenDisplayNumberFCommand
                0x0000000008012d88       0xc8 H3BR2\H3BR2.o
                0x0000000008012d88                CLI_SevenDisplayNumberFCommand
 .text.CLI_SevenDisplayNumberHexaCommand
                0x0000000008012e50       0xf0 H3BR2\H3BR2.o
                0x0000000008012e50                CLI_SevenDisplayNumberHexaCommand
 .text.CLI_SevenDisplayOffCommand
                0x0000000008012f40       0x60 H3BR2\H3BR2.o
                0x0000000008012f40                CLI_SevenDisplayOffCommand
 .text.CLI_SevenDisplayOneDigitCommand
                0x0000000008012fa0       0xe4 H3BR2\H3BR2.o
                0x0000000008012fa0                CLI_SevenDisplayOneDigitCommand
 .text.CLI_SevenDisplayOneDigitHexaCommand
                0x0000000008013084       0xf4 H3BR2\H3BR2.o
                0x0000000008013084                CLI_SevenDisplayOneDigitHexaCommand
 .text.LL_DMAMUX_SetRequestID
                0x0000000008013178       0x3c H3BR2\H3BR2_dma.o
 .text.DMA_Init
                0x00000000080131b4       0xbc H3BR2\H3BR2_dma.o
                0x00000000080131b4                DMA_Init
 .text.DMA_MSG_RX_CH_Init
                0x0000000008013270       0x4c H3BR2\H3BR2_dma.o
                0x0000000008013270                DMA_MSG_RX_CH_Init
 .text.DMA_STREAM_CH_Init
                0x00000000080132bc       0x4c H3BR2\H3BR2_dma.o
                0x00000000080132bc                DMA_STREAM_CH_Init
 .text.SetupMessagingRxDMAs
                0x0000000008013308       0xb8 H3BR2\H3BR2_dma.o
                0x0000000008013308                SetupMessagingRxDMAs
 .text.DMA_MSG_RX_Setup
                0x00000000080133c0       0x38 H3BR2\H3BR2_dma.o
                0x00000000080133c0                DMA_MSG_RX_Setup
 .text.DMA_MSG_TX_UnSetup
                0x00000000080133f8       0x28 H3BR2\H3BR2_dma.o
                0x00000000080133f8                DMA_MSG_TX_UnSetup
 .text.DMA_STREAM_Setup
                0x0000000008013420       0x68 H3BR2\H3BR2_dma.o
                0x0000000008013420                DMA_STREAM_Setup
 .text.StopStreamDMA
                0x0000000008013488       0x70 H3BR2\H3BR2_dma.o
                0x0000000008013488                StopStreamDMA
 .text.StopMsgDMA
                0x00000000080134f8       0x4c H3BR2\H3BR2_dma.o
                0x00000000080134f8                StopMsgDMA
 .text.SwitchMsgDMAToStream
                0x0000000008013544       0x50 H3BR2\H3BR2_dma.o
                0x0000000008013544                SwitchMsgDMAToStream
 .text.SwitchStreamDMAToMsg
                0x0000000008013594       0xd8 H3BR2\H3BR2_dma.o
                0x0000000008013594                SwitchStreamDMAToMsg
 .text.UnSetupDMAInterrupts
                0x000000000801366c       0xe4 H3BR2\H3BR2_dma.o
                0x000000000801366c                UnSetupDMAInterrupts
 .text.RemapAndLinkDMAtoUARTRx
                0x0000000008013750      0x134 H3BR2\H3BR2_dma.o
                0x0000000008013750                RemapAndLinkDMAtoUARTRx
 .text.CRC_Init
                0x0000000008013884       0x44 H3BR2\H3BR2_dma.o
                0x0000000008013884                CRC_Init
 .text.HAL_CRC_MspInit
                0x00000000080138c8       0x30 H3BR2\H3BR2_dma.o
                0x00000000080138c8                HAL_CRC_MspInit
 .text.CalculateCRC8
                0x00000000080138f8      0x154 H3BR2\H3BR2_dma.o
                0x00000000080138f8                CalculateCRC8
 .text.EE_Init  0x0000000008013a4c      0x684 H3BR2\H3BR2_eeprom.o
                0x0000000008013a4c                EE_Init
 .text.EE_ReadVariable
                0x00000000080140d0       0xc0 H3BR2\H3BR2_eeprom.o
                0x00000000080140d0                EE_ReadVariable
 .text.EE_WriteVariable
                0x0000000008014190       0x64 H3BR2\H3BR2_eeprom.o
                0x0000000008014190                EE_WriteVariable
 .text.EE_Format
                0x00000000080141f4      0x14c H3BR2\H3BR2_eeprom.o
                0x00000000080141f4                EE_Format
 .text.EE_FindValidPage
                0x0000000008014340       0x90 H3BR2\H3BR2_eeprom.o
 .text.EE_VerifyPageFullWriteVariable
                0x00000000080143d0      0x160 H3BR2\H3BR2_eeprom.o
 .text.EE_PageTransfer
                0x0000000008014530      0x20c H3BR2\H3BR2_eeprom.o
 .text.EraseSector
                0x000000000801473c       0x60 H3BR2\H3BR2_eeprom.o
                0x000000000801473c                EraseSector
 .text.GPIO_Init
                0x000000000801479c       0x90 H3BR2\H3BR2_gpio.o
                0x000000000801479c                GPIO_Init
 .text.MX_GPIO_Init
                0x000000000801482c      0x164 H3BR2\H3BR2_gpio.o
                0x000000000801482c                MX_GPIO_Init
 .text.IND_LED_Init
                0x0000000008014990       0x36 H3BR2\H3BR2_gpio.o
                0x0000000008014990                IND_LED_Init
 *fill*         0x00000000080149c6        0x2 
 .text.IsFactoryReset
                0x00000000080149c8      0x15c H3BR2\H3BR2_gpio.o
                0x00000000080149c8                IsFactoryReset
 .text.GetPortGPIOs
                0x0000000008014b24      0x144 H3BR2\H3BR2_gpio.o
                0x0000000008014b24                GetPortGPIOs
 .text.buttonPressedCallback
                0x0000000008014c68       0x14 H3BR2\H3BR2_inputs.o
                0x0000000008014c68                buttonPressedCallback
 .text.CheckAttachedButtons
                0x0000000008014c7c      0x7ac H3BR2\H3BR2_inputs.o
                0x0000000008014c7c                CheckAttachedButtons
 .text.CheckForTimedButtonPress
                0x0000000008015428       0xfc H3BR2\H3BR2_inputs.o
                0x0000000008015428                CheckForTimedButtonPress
 .text.CheckForTimedButtonRelease
                0x0000000008015524       0xfc H3BR2\H3BR2_inputs.o
                0x0000000008015524                CheckForTimedButtonRelease
 .text.AddPortButton
                0x0000000008015620      0x268 H3BR2\H3BR2_inputs.o
                0x0000000008015620                AddPortButton
 .text.RemovePortButton
                0x0000000008015888      0x208 H3BR2\H3BR2_inputs.o
                0x0000000008015888                RemovePortButton
 .text.SetButtonEvents
                0x0000000008015a90      0x77c H3BR2\H3BR2_inputs.o
                0x0000000008015a90                SetButtonEvents
 .text.MX_ADC_Init
                0x000000000801620c       0x88 H3BR2\H3BR2_inputs.o
                0x000000000801620c                MX_ADC_Init
 .text.HAL_ADC_MspInit
                0x0000000008016294       0xc0 H3BR2\H3BR2_inputs.o
                0x0000000008016294                HAL_ADC_MspInit
 .text.ADCSelectChannel
                0x0000000008016354       0xac H3BR2\H3BR2_inputs.o
                0x0000000008016354                ADCSelectChannel
 .text.ReadADCChannel
                0x0000000008016400      0x10c H3BR2\H3BR2_inputs.o
                0x0000000008016400                ReadADCChannel
 .text.ReadTempAndVref
                0x000000000801650c      0x1f0 H3BR2\H3BR2_inputs.o
                0x000000000801650c                ReadTempAndVref
 .text.GetReadPrecentage
                0x00000000080166fc      0x224 H3BR2\H3BR2_inputs.o
                0x00000000080166fc                GetReadPrecentage
 .text.Get_channel
                0x0000000008016920       0xac H3BR2\H3BR2_inputs.o
                0x0000000008016920                Get_channel
 .text.Error_Handler
                0x00000000080169cc       0x10 H3BR2\H3BR2_inputs.o
                0x00000000080169cc                Error_Handler
 .text.Get_Rank
                0x00000000080169dc       0xa4 H3BR2\H3BR2_inputs.o
                0x00000000080169dc                Get_Rank
 .text.buttonReleasedCallback
                0x0000000008016a80       0x14 H3BR2\H3BR2_inputs.o
                0x0000000008016a80                buttonReleasedCallback
 .text.buttonClickedCallback
                0x0000000008016a94       0x14 H3BR2\H3BR2_inputs.o
                0x0000000008016a94                buttonClickedCallback
 .text.buttonDblClickedCallback
                0x0000000008016aa8       0x14 H3BR2\H3BR2_inputs.o
                0x0000000008016aa8                buttonDblClickedCallback
 .text.buttonPressedForXCallback
                0x0000000008016abc       0x1a H3BR2\H3BR2_inputs.o
                0x0000000008016abc                buttonPressedForXCallback
 .text.buttonReleasedForYCallback
                0x0000000008016ad6       0x1a H3BR2\H3BR2_inputs.o
                0x0000000008016ad6                buttonReleasedForYCallback
 .text.__NVIC_SystemReset
                0x0000000008016af0       0x24 H3BR2\H3BR2_it.o
 .text.SysTick_Handler
                0x0000000008016b14       0x12 H3BR2\H3BR2_it.o
                0x0000000008016b14                SysTick_Handler
 *fill*         0x0000000008016b26        0x2 
 .text.HardFault_Handler
                0x0000000008016b28       0x40 H3BR2\H3BR2_it.o
                0x0000000008016b28                HardFault_Handler
 .text.USART1_IRQHandler
                0x0000000008016b68       0x30 H3BR2\H3BR2_it.o
                0x0000000008016b68                USART1_IRQHandler
 .text.USART2_LPUART2_IRQHandler
                0x0000000008016b98       0x30 H3BR2\H3BR2_it.o
                0x0000000008016b98                USART2_LPUART2_IRQHandler
 .text.USART3_4_5_6_LPUART1_IRQHandler
                0x0000000008016bc8       0x54 H3BR2\H3BR2_it.o
                0x0000000008016bc8                USART3_4_5_6_LPUART1_IRQHandler
 .text.HAL_UART_TxCpltCallback
                0x0000000008016c1c       0x48 H3BR2\H3BR2_it.o
                0x0000000008016c1c                HAL_UART_TxCpltCallback
 .text.HAL_UART_ErrorCallback
                0x0000000008016c64       0xd4 H3BR2\H3BR2_it.o
                0x0000000008016c64                HAL_UART_ErrorCallback
 .text.HAL_UART_RxCpltCallback
                0x0000000008016d38       0x10 H3BR2\H3BR2_it.o
                0x0000000008016d38                HAL_UART_RxCpltCallback
 .text.vApplicationStackOverflowHook
                0x0000000008016d48       0x44 H3BR2\H3BR2_it.o
                0x0000000008016d48                vApplicationStackOverflowHook
 .text.vApplicationMallocFailedHook
                0x0000000008016d8c       0x40 H3BR2\H3BR2_it.o
                0x0000000008016d8c                vApplicationMallocFailedHook
 .text.RTC_Init
                0x0000000008016dcc       0xc4 H3BR2\H3BR2_rtc.o
                0x0000000008016dcc                RTC_Init
 .text.RTC_CalendarConfig
                0x0000000008016e90      0x18c H3BR2\H3BR2_rtc.o
                0x0000000008016e90                RTC_CalendarConfig
 .text.BOS_CalendarConfig
                0x000000000801701c      0x128 H3BR2\H3BR2_rtc.o
                0x000000000801701c                BOS_CalendarConfig
 .text.GetTimeDate
                0x0000000008017144       0x90 H3BR2\H3BR2_rtc.o
                0x0000000008017144                GetTimeDate
 .text.TIM_USEC_Init
                0x00000000080171d4       0x74 H3BR2\H3BR2_timers.o
                0x00000000080171d4                TIM_USEC_Init
 .text.TIM_MSEC_Init
                0x0000000008017248       0x78 H3BR2\H3BR2_timers.o
                0x0000000008017248                TIM_MSEC_Init
 .text.StartMicroDelay
                0x00000000080172c0       0x48 H3BR2\H3BR2_timers.o
                0x00000000080172c0                StartMicroDelay
 .text.StartMilliDelay
                0x0000000008017308       0x48 H3BR2\H3BR2_timers.o
                0x0000000008017308                StartMilliDelay
 .text.MX_USART1_UART_Init
                0x0000000008017350       0x7c H3BR2\H3BR2_uart.o
                0x0000000008017350                MX_USART1_UART_Init
 .text.MX_USART2_UART_Init
                0x00000000080173cc       0x7c H3BR2\H3BR2_uart.o
                0x00000000080173cc                MX_USART2_UART_Init
 .text.MX_USART3_UART_Init
                0x0000000008017448       0x7c H3BR2\H3BR2_uart.o
                0x0000000008017448                MX_USART3_UART_Init
 .text.MX_USART4_UART_Init
                0x00000000080174c4       0x60 H3BR2\H3BR2_uart.o
                0x00000000080174c4                MX_USART4_UART_Init
 .text.MX_USART5_UART_Init
                0x0000000008017524       0x60 H3BR2\H3BR2_uart.o
                0x0000000008017524                MX_USART5_UART_Init
 .text.MX_USART6_UART_Init
                0x0000000008017584       0x60 H3BR2\H3BR2_uart.o
                0x0000000008017584                MX_USART6_UART_Init
 .text.HAL_UART_MspInit
                0x00000000080175e4      0x584 H3BR2\H3BR2_uart.o
                0x00000000080175e4                HAL_UART_MspInit
 .text.writePxMutex
                0x0000000008017b68       0xac H3BR2\H3BR2_uart.o
                0x0000000008017b68                writePxMutex
 .text.writePxITMutex
                0x0000000008017c14       0x78 H3BR2\H3BR2_uart.o
                0x0000000008017c14                writePxITMutex
 .text.UpdateBaudrate
                0x0000000008017c8c       0x3e H3BR2\H3BR2_uart.o
                0x0000000008017c8c                UpdateBaudrate
 *fill*         0x0000000008017cca        0x2 
 .text.GetUart  0x0000000008017ccc       0x5c H3BR2\H3BR2_uart.o
                0x0000000008017ccc                GetUart
 .text.SwapUartPins
                0x0000000008017d28       0xd0 H3BR2\H3BR2_uart.o
                0x0000000008017d28                SwapUartPins
 .text.ReadPortsDir
                0x0000000008017df8       0xa8 H3BR2\H3BR2_uart.o
                0x0000000008017df8                ReadPortsDir
 .text.ReadPortsDirMSG
                0x0000000008017ea0       0x80 H3BR2\H3BR2_uart.o
                0x0000000008017ea0                ReadPortsDirMSG
 .text.UpdateMyPortsDir
                0x0000000008017f20       0x84 H3BR2\H3BR2_uart.o
                0x0000000008017f20                UpdateMyPortsDir
 .text.Reset_Handler
                0x0000000008017fa4       0x90 H3BR2\startup_stm32g0b1ceuxn.o
                0x0000000008017fa4                Reset_Handler
 .text.Default_Handler
                0x0000000008018034        0x2 H3BR2\startup_stm32g0b1ceuxn.o
                0x0000000008018034                I2C2_3_IRQHandler
                0x0000000008018034                TIM1_CC_IRQHandler
                0x0000000008018034                ADC1_COMP_IRQHandler
                0x0000000008018034                NMI_Handler
                0x0000000008018034                I2C1_IRQHandler
                0x0000000008018034                TIM7_LPTIM2_IRQHandler
                0x0000000008018034                TIM17_FDCAN_IT1_IRQHandler
                0x0000000008018034                DMA1_Ch4_7_DMA2_Ch1_5_DMAMUX1_OVR_IRQHandler
                0x0000000008018034                RCC_CRS_IRQHandler
                0x0000000008018034                RTC_TAMP_IRQHandler
                0x0000000008018034                SPI1_IRQHandler
                0x0000000008018034                USB_UCPD1_2_IRQHandler
                0x0000000008018034                EXTI2_3_IRQHandler
                0x0000000008018034                PVD_VDDIO2_IRQHandler
                0x0000000008018034                EXTI4_15_IRQHandler
                0x0000000008018034                DMA1_Channel1_IRQHandler
                0x0000000008018034                Default_Handler
                0x0000000008018034                CEC_IRQHandler
                0x0000000008018034                TIM14_IRQHandler
                0x0000000008018034                TIM15_IRQHandler
                0x0000000008018034                TIM3_TIM4_IRQHandler
                0x0000000008018034                EXTI0_1_IRQHandler
                0x0000000008018034                SPI2_3_IRQHandler
                0x0000000008018034                TIM6_DAC_LPTIM1_IRQHandler
                0x0000000008018034                WWDG_IRQHandler
                0x0000000008018034                TIM2_IRQHandler
                0x0000000008018034                DMA1_Channel2_3_IRQHandler
                0x0000000008018034                FLASH_IRQHandler
                0x0000000008018034                TIM16_FDCAN_IT0_IRQHandler
                0x0000000008018034                TIM1_BRK_UP_TRG_COM_IRQHandler
 .text.SystemInit
                0x0000000008018036        0xa Thirdparty\CMSIS\STM32G0xx\Device\ST\STM32G0xx\Source\Templates\system_stm32g0xx.o
                0x0000000008018036                SystemInit
 .text.inHandlerMode
                0x0000000008018040       0x1c Thirdparty\Middleware\STM32G0xx\FreeRTOS\Source\CMSIS_RTOS\cmsis_os.o
 .text.osKernelStart
                0x000000000801805c       0x10 Thirdparty\Middleware\STM32G0xx\FreeRTOS\Source\CMSIS_RTOS\cmsis_os.o
                0x000000000801805c                osKernelStart
 .text.osDelay  0x000000000801806c       0x28 Thirdparty\Middleware\STM32G0xx\FreeRTOS\Source\CMSIS_RTOS\cmsis_os.o
                0x000000000801806c                osDelay
 .text.osSemaphoreCreate
                0x0000000008018094       0x4a Thirdparty\Middleware\STM32G0xx\FreeRTOS\Source\CMSIS_RTOS\cmsis_os.o
                0x0000000008018094                osSemaphoreCreate
 *fill*         0x00000000080180de        0x2 
 .text.osSemaphoreWait
                0x00000000080180e0       0x94 Thirdparty\Middleware\STM32G0xx\FreeRTOS\Source\CMSIS_RTOS\cmsis_os.o
                0x00000000080180e0                osSemaphoreWait
 .text.osSemaphoreRelease
                0x0000000008018174       0x64 Thirdparty\Middleware\STM32G0xx\FreeRTOS\Source\CMSIS_RTOS\cmsis_os.o
                0x0000000008018174                osSemaphoreRelease
 .text.osSystickHandler
                0x00000000080181d8       0x18 Thirdparty\Middleware\STM32G0xx\FreeRTOS\Source\CMSIS_RTOS\cmsis_os.o
                0x00000000080181d8                osSystickHandler
 .text.FreeRTOS_CLIRegisterCommand
                0x00000000080181f0       0x50 Thirdparty\Middleware\STM32G0xx\FreeRTOS\Source\FreeRTOS_CLI.o
                0x00000000080181f0                FreeRTOS_CLIRegisterCommand
 .text.FreeRTOS_CLIProcessCommand
                0x0000000008018240      0x11c Thirdparty\Middleware\STM32G0xx\FreeRTOS\Source\FreeRTOS_CLI.o
                0x0000000008018240                FreeRTOS_CLIProcessCommand
 .text.FreeRTOS_CLIGetOutputBuffer
                0x000000000801835c       0x10 Thirdparty\Middleware\STM32G0xx\FreeRTOS\Source\FreeRTOS_CLI.o
                0x000000000801835c                FreeRTOS_CLIGetOutputBuffer
 .text.FreeRTOS_CLIGetParameter
                0x000000000801836c       0xbc Thirdparty\Middleware\STM32G0xx\FreeRTOS\Source\FreeRTOS_CLI.o
                0x000000000801836c                FreeRTOS_CLIGetParameter
 .text.prvHelpCommand
                0x0000000008018428      0x154 Thirdparty\Middleware\STM32G0xx\FreeRTOS\Source\FreeRTOS_CLI.o
 .text.prvGetNumberOfParameters
                0x000000000801857c       0x7a Thirdparty\Middleware\STM32G0xx\FreeRTOS\Source\FreeRTOS_CLI.o
 .text.vListInitialise
                0x00000000080185f6       0x3c Thirdparty\Middleware\STM32G0xx\FreeRTOS\Source\list.o
                0x00000000080185f6                vListInitialise
 .text.vListInitialiseItem
                0x0000000008018632       0x16 Thirdparty\Middleware\STM32G0xx\FreeRTOS\Source\list.o
                0x0000000008018632                vListInitialiseItem
 .text.vListInsertEnd
                0x0000000008018648       0x44 Thirdparty\Middleware\STM32G0xx\FreeRTOS\Source\list.o
                0x0000000008018648                vListInsertEnd
 .text.vListInsert
                0x000000000801868c       0x6c Thirdparty\Middleware\STM32G0xx\FreeRTOS\Source\list.o
                0x000000000801868c                vListInsert
 .text.uxListRemove
                0x00000000080186f8       0x50 Thirdparty\Middleware\STM32G0xx\FreeRTOS\Source\list.o
                0x00000000080186f8                uxListRemove
 .text.pxPortInitialiseStack
                0x0000000008018748       0x54 Thirdparty\Middleware\STM32G0xx\FreeRTOS\Source\portable\GCC\ARM_CM0\port.o
                0x0000000008018748                pxPortInitialiseStack
 .text.prvTaskExitError
                0x000000000801879c       0x1e Thirdparty\Middleware\STM32G0xx\FreeRTOS\Source\portable\GCC\ARM_CM0\port.o
 .text.SVC_Handler
                0x00000000080187ba        0xa Thirdparty\Middleware\STM32G0xx\FreeRTOS\Source\portable\GCC\ARM_CM0\port.o
                0x00000000080187ba                SVC_Handler
 *fill*         0x00000000080187c4        0xc 
 .text.vPortStartFirstTask
                0x00000000080187d0       0x38 Thirdparty\Middleware\STM32G0xx\FreeRTOS\Source\portable\GCC\ARM_CM0\port.o
 .text.xPortStartScheduler
                0x0000000008018808       0x48 Thirdparty\Middleware\STM32G0xx\FreeRTOS\Source\portable\GCC\ARM_CM0\port.o
                0x0000000008018808                xPortStartScheduler
 .text.vPortYield
                0x0000000008018850       0x20 Thirdparty\Middleware\STM32G0xx\FreeRTOS\Source\portable\GCC\ARM_CM0\port.o
                0x0000000008018850                vPortYield
 .text.vPortEnterCritical
                0x0000000008018870       0x24 Thirdparty\Middleware\STM32G0xx\FreeRTOS\Source\portable\GCC\ARM_CM0\port.o
                0x0000000008018870                vPortEnterCritical
 .text.vPortExitCritical
                0x0000000008018894       0x24 Thirdparty\Middleware\STM32G0xx\FreeRTOS\Source\portable\GCC\ARM_CM0\port.o
                0x0000000008018894                vPortExitCritical
 .text.ulSetInterruptMaskFromISR
                0x00000000080188b8        0xc Thirdparty\Middleware\STM32G0xx\FreeRTOS\Source\portable\GCC\ARM_CM0\port.o
                0x00000000080188b8                ulSetInterruptMaskFromISR
 .text.vClearInterruptMaskFromISR
                0x00000000080188c4        0x8 Thirdparty\Middleware\STM32G0xx\FreeRTOS\Source\portable\GCC\ARM_CM0\port.o
                0x00000000080188c4                vClearInterruptMaskFromISR
 *fill*         0x00000000080188cc        0x4 
 .text.PendSV_Handler
                0x00000000080188d0       0x48 Thirdparty\Middleware\STM32G0xx\FreeRTOS\Source\portable\GCC\ARM_CM0\port.o
                0x00000000080188d0                PendSV_Handler
 .text.xPortSysTickHandler
                0x0000000008018918       0x34 Thirdparty\Middleware\STM32G0xx\FreeRTOS\Source\portable\GCC\ARM_CM0\port.o
                0x0000000008018918                xPortSysTickHandler
 .text.vPortSetupTimerInterrupt
                0x000000000801894c       0x44 Thirdparty\Middleware\STM32G0xx\FreeRTOS\Source\portable\GCC\ARM_CM0\port.o
                0x000000000801894c                vPortSetupTimerInterrupt
 .text.pvPortMalloc
                0x0000000008018990      0x140 Thirdparty\Middleware\STM32G0xx\FreeRTOS\Source\portable\MemMang\heap_4.o
                0x0000000008018990                pvPortMalloc
 .text.vPortFree
                0x0000000008018ad0       0x80 Thirdparty\Middleware\STM32G0xx\FreeRTOS\Source\portable\MemMang\heap_4.o
                0x0000000008018ad0                vPortFree
 .text.prvHeapInit
                0x0000000008018b50       0xc0 Thirdparty\Middleware\STM32G0xx\FreeRTOS\Source\portable\MemMang\heap_4.o
 .text.prvInsertBlockIntoFreeList
                0x0000000008018c10       0xb0 Thirdparty\Middleware\STM32G0xx\FreeRTOS\Source\portable\MemMang\heap_4.o
 .text.xQueueGenericReset
                0x0000000008018cc0       0x9e Thirdparty\Middleware\STM32G0xx\FreeRTOS\Source\queue.o
                0x0000000008018cc0                xQueueGenericReset
 .text.xQueueGenericCreate
                0x0000000008018d5e       0x52 Thirdparty\Middleware\STM32G0xx\FreeRTOS\Source\queue.o
                0x0000000008018d5e                xQueueGenericCreate
 .text.prvInitialiseNewQueue
                0x0000000008018db0       0x4e Thirdparty\Middleware\STM32G0xx\FreeRTOS\Source\queue.o
 .text.xQueueCreateCountingSemaphore
                0x0000000008018dfe       0x30 Thirdparty\Middleware\STM32G0xx\FreeRTOS\Source\queue.o
                0x0000000008018dfe                xQueueCreateCountingSemaphore
 .text.xQueueGenericSend
                0x0000000008018e2e      0x12a Thirdparty\Middleware\STM32G0xx\FreeRTOS\Source\queue.o
                0x0000000008018e2e                xQueueGenericSend
 .text.xQueueGenericSendFromISR
                0x0000000008018f58       0xa6 Thirdparty\Middleware\STM32G0xx\FreeRTOS\Source\queue.o
                0x0000000008018f58                xQueueGenericSendFromISR
 .text.xQueueGiveFromISR
                0x0000000008018ffe       0x96 Thirdparty\Middleware\STM32G0xx\FreeRTOS\Source\queue.o
                0x0000000008018ffe                xQueueGiveFromISR
 .text.xQueueReceive
                0x0000000008019094      0x128 Thirdparty\Middleware\STM32G0xx\FreeRTOS\Source\queue.o
                0x0000000008019094                xQueueReceive
 .text.xQueueSemaphoreTake
                0x00000000080191bc      0x178 Thirdparty\Middleware\STM32G0xx\FreeRTOS\Source\queue.o
                0x00000000080191bc                xQueueSemaphoreTake
 .text.xQueueReceiveFromISR
                0x0000000008019334       0xa0 Thirdparty\Middleware\STM32G0xx\FreeRTOS\Source\queue.o
                0x0000000008019334                xQueueReceiveFromISR
 .text.prvGetDisinheritPriorityAfterTimeout
                0x00000000080193d4       0x2c Thirdparty\Middleware\STM32G0xx\FreeRTOS\Source\queue.o
 .text.prvCopyDataToQueue
                0x0000000008019400       0xd6 Thirdparty\Middleware\STM32G0xx\FreeRTOS\Source\queue.o
 .text.prvCopyDataFromQueue
                0x00000000080194d6       0x4c Thirdparty\Middleware\STM32G0xx\FreeRTOS\Source\queue.o
 .text.prvUnlockQueue
                0x0000000008019522       0xbc Thirdparty\Middleware\STM32G0xx\FreeRTOS\Source\queue.o
 .text.prvIsQueueEmpty
                0x00000000080195de       0x2c Thirdparty\Middleware\STM32G0xx\FreeRTOS\Source\queue.o
 .text.prvIsQueueFull
                0x000000000801960a       0x30 Thirdparty\Middleware\STM32G0xx\FreeRTOS\Source\queue.o
 *fill*         0x000000000801963a        0x2 
 .text.vQueueAddToRegistry
                0x000000000801963c       0x50 Thirdparty\Middleware\STM32G0xx\FreeRTOS\Source\queue.o
                0x000000000801963c                vQueueAddToRegistry
 .text.vQueueWaitForMessageRestricted
                0x000000000801968c       0x66 Thirdparty\Middleware\STM32G0xx\FreeRTOS\Source\queue.o
                0x000000000801968c                vQueueWaitForMessageRestricted
 .text.xTaskCreate
                0x00000000080196f2       0x90 Thirdparty\Middleware\STM32G0xx\FreeRTOS\Source\tasks.o
                0x00000000080196f2                xTaskCreate
 *fill*         0x0000000008019782        0x2 
 .text.prvInitialiseNewTask
                0x0000000008019784      0x10c Thirdparty\Middleware\STM32G0xx\FreeRTOS\Source\tasks.o
 .text.prvAddNewTaskToReadyList
                0x0000000008019890       0xd0 Thirdparty\Middleware\STM32G0xx\FreeRTOS\Source\tasks.o
 .text.vTaskDelay
                0x0000000008019960       0x3a Thirdparty\Middleware\STM32G0xx\FreeRTOS\Source\tasks.o
                0x0000000008019960                vTaskDelay
 *fill*         0x000000000801999a        0x2 
 .text.eTaskGetState
                0x000000000801999c       0xd0 Thirdparty\Middleware\STM32G0xx\FreeRTOS\Source\tasks.o
                0x000000000801999c                eTaskGetState
 .text.uxTaskPriorityGet
                0x0000000008019a6c       0x34 Thirdparty\Middleware\STM32G0xx\FreeRTOS\Source\tasks.o
                0x0000000008019a6c                uxTaskPriorityGet
 .text.vTaskPrioritySet
                0x0000000008019aa0      0x110 Thirdparty\Middleware\STM32G0xx\FreeRTOS\Source\tasks.o
                0x0000000008019aa0                vTaskPrioritySet
 .text.vTaskStartScheduler
                0x0000000008019bb0       0x74 Thirdparty\Middleware\STM32G0xx\FreeRTOS\Source\tasks.o
                0x0000000008019bb0                vTaskStartScheduler
 .text.vTaskSuspendAll
                0x0000000008019c24       0x18 Thirdparty\Middleware\STM32G0xx\FreeRTOS\Source\tasks.o
                0x0000000008019c24                vTaskSuspendAll
 .text.xTaskResumeAll
                0x0000000008019c3c      0x10c Thirdparty\Middleware\STM32G0xx\FreeRTOS\Source\tasks.o
                0x0000000008019c3c                xTaskResumeAll
 .text.xTaskGetTickCount
                0x0000000008019d48       0x1c Thirdparty\Middleware\STM32G0xx\FreeRTOS\Source\tasks.o
                0x0000000008019d48                xTaskGetTickCount
 .text.xTaskGetTickCountFromISR
                0x0000000008019d64       0x20 Thirdparty\Middleware\STM32G0xx\FreeRTOS\Source\tasks.o
                0x0000000008019d64                xTaskGetTickCountFromISR
 .text.uxTaskGetSystemState
                0x0000000008019d84      0x120 Thirdparty\Middleware\STM32G0xx\FreeRTOS\Source\tasks.o
                0x0000000008019d84                uxTaskGetSystemState
 .text.xTaskIncrementTick
                0x0000000008019ea4      0x150 Thirdparty\Middleware\STM32G0xx\FreeRTOS\Source\tasks.o
                0x0000000008019ea4                xTaskIncrementTick
 .text.vTaskSwitchContext
                0x0000000008019ff4      0x124 Thirdparty\Middleware\STM32G0xx\FreeRTOS\Source\tasks.o
                0x0000000008019ff4                vTaskSwitchContext
 .text.vTaskPlaceOnEventList
                0x000000000801a118       0x34 Thirdparty\Middleware\STM32G0xx\FreeRTOS\Source\tasks.o
                0x000000000801a118                vTaskPlaceOnEventList
 .text.vTaskPlaceOnEventListRestricted
                0x000000000801a14c       0x44 Thirdparty\Middleware\STM32G0xx\FreeRTOS\Source\tasks.o
                0x000000000801a14c                vTaskPlaceOnEventListRestricted
 .text.xTaskRemoveFromEventList
                0x000000000801a190       0xb0 Thirdparty\Middleware\STM32G0xx\FreeRTOS\Source\tasks.o
                0x000000000801a190                xTaskRemoveFromEventList
 .text.vTaskInternalSetTimeOutState
                0x000000000801a240       0x28 Thirdparty\Middleware\STM32G0xx\FreeRTOS\Source\tasks.o
                0x000000000801a240                vTaskInternalSetTimeOutState
 .text.xTaskCheckForTimeOut
                0x000000000801a268       0x8c Thirdparty\Middleware\STM32G0xx\FreeRTOS\Source\tasks.o
                0x000000000801a268                xTaskCheckForTimeOut
 .text.vTaskMissedYield
                0x000000000801a2f4       0x14 Thirdparty\Middleware\STM32G0xx\FreeRTOS\Source\tasks.o
                0x000000000801a2f4                vTaskMissedYield
 .text.prvIdleTask
                0x000000000801a308       0x20 Thirdparty\Middleware\STM32G0xx\FreeRTOS\Source\tasks.o
 .text.prvInitialiseTaskLists
                0x000000000801a328       0x88 Thirdparty\Middleware\STM32G0xx\FreeRTOS\Source\tasks.o
 .text.prvCheckTasksWaitingTermination
                0x000000000801a3b0       0x5c Thirdparty\Middleware\STM32G0xx\FreeRTOS\Source\tasks.o
 .text.vTaskGetInfo
                0x000000000801a40c       0xd8 Thirdparty\Middleware\STM32G0xx\FreeRTOS\Source\tasks.o
                0x000000000801a40c                vTaskGetInfo
 .text.prvListTasksWithinSingleList
                0x000000000801a4e4       0xa6 Thirdparty\Middleware\STM32G0xx\FreeRTOS\Source\tasks.o
 .text.prvTaskCheckFreeStackSpace
                0x000000000801a58a       0x34 Thirdparty\Middleware\STM32G0xx\FreeRTOS\Source\tasks.o
 .text.prvDeleteTCB
                0x000000000801a5be       0x22 Thirdparty\Middleware\STM32G0xx\FreeRTOS\Source\tasks.o
 .text.prvResetNextTaskUnblockTime
                0x000000000801a5e0       0x3c Thirdparty\Middleware\STM32G0xx\FreeRTOS\Source\tasks.o
 .text.xTaskGetSchedulerState
                0x000000000801a61c       0x38 Thirdparty\Middleware\STM32G0xx\FreeRTOS\Source\tasks.o
                0x000000000801a61c                xTaskGetSchedulerState
 .text.xTaskPriorityInherit
                0x000000000801a654       0xd0 Thirdparty\Middleware\STM32G0xx\FreeRTOS\Source\tasks.o
                0x000000000801a654                xTaskPriorityInherit
 .text.xTaskPriorityDisinherit
                0x000000000801a724       0x98 Thirdparty\Middleware\STM32G0xx\FreeRTOS\Source\tasks.o
                0x000000000801a724                xTaskPriorityDisinherit
 .text.vTaskPriorityDisinheritAfterTimeout
                0x000000000801a7bc       0xc0 Thirdparty\Middleware\STM32G0xx\FreeRTOS\Source\tasks.o
                0x000000000801a7bc                vTaskPriorityDisinheritAfterTimeout
 .text.prvWriteNameToBuffer
                0x000000000801a87c       0x52 Thirdparty\Middleware\STM32G0xx\FreeRTOS\Source\tasks.o
 *fill*         0x000000000801a8ce        0x2 
 .text.vTaskList
                0x000000000801a8d0      0x14c Thirdparty\Middleware\STM32G0xx\FreeRTOS\Source\tasks.o
                0x000000000801a8d0                vTaskList
 .text.vTaskGetRunTimeStats
                0x000000000801aa1c      0x118 Thirdparty\Middleware\STM32G0xx\FreeRTOS\Source\tasks.o
                0x000000000801aa1c                vTaskGetRunTimeStats
 .text.pvTaskIncrementMutexHeldCount
                0x000000000801ab34       0x24 Thirdparty\Middleware\STM32G0xx\FreeRTOS\Source\tasks.o
                0x000000000801ab34                pvTaskIncrementMutexHeldCount
 .text.ulTaskNotifyTake
                0x000000000801ab58       0x84 Thirdparty\Middleware\STM32G0xx\FreeRTOS\Source\tasks.o
                0x000000000801ab58                ulTaskNotifyTake
 .text.xTaskGenericNotify
                0x000000000801abdc      0x104 Thirdparty\Middleware\STM32G0xx\FreeRTOS\Source\tasks.o
                0x000000000801abdc                xTaskGenericNotify
 .text.xTaskGenericNotifyFromISR
                0x000000000801ace0      0x140 Thirdparty\Middleware\STM32G0xx\FreeRTOS\Source\tasks.o
                0x000000000801ace0                xTaskGenericNotifyFromISR
 .text.prvAddCurrentTaskToDelayedList
                0x000000000801ae20       0xa8 Thirdparty\Middleware\STM32G0xx\FreeRTOS\Source\tasks.o
 .text.xTimerCreateTimerTask
                0x000000000801aec8       0x4c Thirdparty\Middleware\STM32G0xx\FreeRTOS\Source\timers.o
                0x000000000801aec8                xTimerCreateTimerTask
 .text.xTimerCreate
                0x000000000801af14       0x46 Thirdparty\Middleware\STM32G0xx\FreeRTOS\Source\timers.o
                0x000000000801af14                xTimerCreate
 .text.prvInitialiseNewTimer
                0x000000000801af5a       0x5a Thirdparty\Middleware\STM32G0xx\FreeRTOS\Source\timers.o
 .text.xTimerGenericCommand
                0x000000000801afb4       0x8c Thirdparty\Middleware\STM32G0xx\FreeRTOS\Source\timers.o
                0x000000000801afb4                xTimerGenericCommand
 .text.prvProcessExpiredTimer
                0x000000000801b040       0x80 Thirdparty\Middleware\STM32G0xx\FreeRTOS\Source\timers.o
 .text.prvTimerTask
                0x000000000801b0c0       0x28 Thirdparty\Middleware\STM32G0xx\FreeRTOS\Source\timers.o
 .text.prvProcessTimerOrBlockTask
                0x000000000801b0e8       0x90 Thirdparty\Middleware\STM32G0xx\FreeRTOS\Source\timers.o
 .text.prvGetNextExpireTime
                0x000000000801b178       0x44 Thirdparty\Middleware\STM32G0xx\FreeRTOS\Source\timers.o
 .text.prvSampleTimeNow
                0x000000000801b1bc       0x40 Thirdparty\Middleware\STM32G0xx\FreeRTOS\Source\timers.o
 .text.prvInsertTimerInActiveList
                0x000000000801b1fc       0x84 Thirdparty\Middleware\STM32G0xx\FreeRTOS\Source\timers.o
 .text.prvProcessReceivedCommands
                0x000000000801b280      0x16c Thirdparty\Middleware\STM32G0xx\FreeRTOS\Source\timers.o
 .text.prvSwitchTimerLists
                0x000000000801b3ec       0xb0 Thirdparty\Middleware\STM32G0xx\FreeRTOS\Source\timers.o
 .text.prvCheckForValidListAndQueue
                0x000000000801b49c       0x74 Thirdparty\Middleware\STM32G0xx\FreeRTOS\Source\timers.o
 .text.pvTimerGetTimerID
                0x000000000801b510       0x24 Thirdparty\Middleware\STM32G0xx\FreeRTOS\Source\timers.o
                0x000000000801b510                pvTimerGetTimerID
 .text.HAL_Init
                0x000000000801b534       0x40 Thirdparty\STM32G0xx_HAL_Driver\Src\stm32g0xx_hal.o
                0x000000000801b534                HAL_Init
 .text.HAL_InitTick
                0x000000000801b574       0x94 Thirdparty\STM32G0xx_HAL_Driver\Src\stm32g0xx_hal.o
                0x000000000801b574                HAL_InitTick
 .text.HAL_IncTick
                0x000000000801b608       0x24 Thirdparty\STM32G0xx_HAL_Driver\Src\stm32g0xx_hal.o
                0x000000000801b608                HAL_IncTick
 .text.HAL_GetTick
                0x000000000801b62c       0x14 Thirdparty\STM32G0xx_HAL_Driver\Src\stm32g0xx_hal.o
                0x000000000801b62c                HAL_GetTick
 .text.HAL_Delay
                0x000000000801b640       0x48 Thirdparty\STM32G0xx_HAL_Driver\Src\stm32g0xx_hal.o
                0x000000000801b640                HAL_Delay
 .text.HAL_GetREVID
                0x000000000801b688       0x18 Thirdparty\STM32G0xx_HAL_Driver\Src\stm32g0xx_hal.o
                0x000000000801b688                HAL_GetREVID
 .text.HAL_GetDEVID
                0x000000000801b6a0       0x18 Thirdparty\STM32G0xx_HAL_Driver\Src\stm32g0xx_hal.o
                0x000000000801b6a0                HAL_GetDEVID
 .text.LL_ADC_SetCommonPathInternalCh
                0x000000000801b6b8       0x28 Thirdparty\STM32G0xx_HAL_Driver\Src\stm32g0xx_hal_adc.o
 .text.LL_ADC_GetCommonPathInternalCh
                0x000000000801b6e0       0x1a Thirdparty\STM32G0xx_HAL_Driver\Src\stm32g0xx_hal_adc.o
 .text.LL_ADC_SetSamplingTimeCommonChannels
                0x000000000801b6fa       0x3a Thirdparty\STM32G0xx_HAL_Driver\Src\stm32g0xx_hal_adc.o
 .text.LL_ADC_GetSamplingTimeCommonChannels
                0x000000000801b734       0x2e Thirdparty\STM32G0xx_HAL_Driver\Src\stm32g0xx_hal_adc.o
 .text.LL_ADC_REG_IsTriggerSourceSWStart
                0x000000000801b762       0x22 Thirdparty\STM32G0xx_HAL_Driver\Src\stm32g0xx_hal_adc.o
 .text.LL_ADC_REG_SetSequencerRanks
                0x000000000801b784       0x40 Thirdparty\STM32G0xx_HAL_Driver\Src\stm32g0xx_hal_adc.o
 .text.LL_ADC_REG_SetSequencerChAdd
                0x000000000801b7c4       0x22 Thirdparty\STM32G0xx_HAL_Driver\Src\stm32g0xx_hal_adc.o
 .text.LL_ADC_REG_SetSequencerChRem
                0x000000000801b7e6       0x24 Thirdparty\STM32G0xx_HAL_Driver\Src\stm32g0xx_hal_adc.o
 *fill*         0x000000000801b80a        0x2 
 .text.LL_ADC_SetChannelSamplingTime
                0x000000000801b80c       0x38 Thirdparty\STM32G0xx_HAL_Driver\Src\stm32g0xx_hal_adc.o
 .text.LL_ADC_EnableInternalRegulator
                0x000000000801b844       0x28 Thirdparty\STM32G0xx_HAL_Driver\Src\stm32g0xx_hal_adc.o
 .text.LL_ADC_IsInternalRegulatorEnabled
                0x000000000801b86c       0x28 Thirdparty\STM32G0xx_HAL_Driver\Src\stm32g0xx_hal_adc.o
 .text.LL_ADC_Enable
                0x000000000801b894       0x24 Thirdparty\STM32G0xx_HAL_Driver\Src\stm32g0xx_hal_adc.o
 .text.LL_ADC_Disable
                0x000000000801b8b8       0x24 Thirdparty\STM32G0xx_HAL_Driver\Src\stm32g0xx_hal_adc.o
 .text.LL_ADC_IsEnabled
                0x000000000801b8dc       0x22 Thirdparty\STM32G0xx_HAL_Driver\Src\stm32g0xx_hal_adc.o
 .text.LL_ADC_IsDisableOngoing
                0x000000000801b8fe       0x22 Thirdparty\STM32G0xx_HAL_Driver\Src\stm32g0xx_hal_adc.o
 .text.LL_ADC_REG_StartConversion
                0x000000000801b920       0x24 Thirdparty\STM32G0xx_HAL_Driver\Src\stm32g0xx_hal_adc.o
 .text.LL_ADC_REG_StopConversion
                0x000000000801b944       0x24 Thirdparty\STM32G0xx_HAL_Driver\Src\stm32g0xx_hal_adc.o
 .text.LL_ADC_REG_IsConversionOngoing
                0x000000000801b968       0x22 Thirdparty\STM32G0xx_HAL_Driver\Src\stm32g0xx_hal_adc.o
 *fill*         0x000000000801b98a        0x2 
 .text.HAL_ADC_Init
                0x000000000801b98c      0x350 Thirdparty\STM32G0xx_HAL_Driver\Src\stm32g0xx_hal_adc.o
                0x000000000801b98c                HAL_ADC_Init
 .text.HAL_ADC_Start
                0x000000000801bcdc       0x9c Thirdparty\STM32G0xx_HAL_Driver\Src\stm32g0xx_hal_adc.o
                0x000000000801bcdc                HAL_ADC_Start
 .text.HAL_ADC_Stop
                0x000000000801bd78       0x78 Thirdparty\STM32G0xx_HAL_Driver\Src\stm32g0xx_hal_adc.o
                0x000000000801bd78                HAL_ADC_Stop
 .text.HAL_ADC_PollForConversion
                0x000000000801bdf0      0x128 Thirdparty\STM32G0xx_HAL_Driver\Src\stm32g0xx_hal_adc.o
                0x000000000801bdf0                HAL_ADC_PollForConversion
 .text.HAL_ADC_GetValue
                0x000000000801bf18       0x16 Thirdparty\STM32G0xx_HAL_Driver\Src\stm32g0xx_hal_adc.o
                0x000000000801bf18                HAL_ADC_GetValue
 *fill*         0x000000000801bf2e        0x2 
 .text.HAL_ADC_ConfigChannel
                0x000000000801bf30      0x3b0 Thirdparty\STM32G0xx_HAL_Driver\Src\stm32g0xx_hal_adc.o
                0x000000000801bf30                HAL_ADC_ConfigChannel
 .text.ADC_ConversionStop
                0x000000000801c2e0       0x84 Thirdparty\STM32G0xx_HAL_Driver\Src\stm32g0xx_hal_adc.o
                0x000000000801c2e0                ADC_ConversionStop
 .text.ADC_Enable
                0x000000000801c364      0x10c Thirdparty\STM32G0xx_HAL_Driver\Src\stm32g0xx_hal_adc.o
                0x000000000801c364                ADC_Enable
 .text.ADC_Disable
                0x000000000801c470       0xbc Thirdparty\STM32G0xx_HAL_Driver\Src\stm32g0xx_hal_adc.o
                0x000000000801c470                ADC_Disable
 .text.__NVIC_EnableIRQ
                0x000000000801c52c       0x34 Thirdparty\STM32G0xx_HAL_Driver\Src\stm32g0xx_hal_cortex.o
 .text.__NVIC_DisableIRQ
                0x000000000801c560       0x44 Thirdparty\STM32G0xx_HAL_Driver\Src\stm32g0xx_hal_cortex.o
 .text.__NVIC_SetPriority
                0x000000000801c5a4       0xdc Thirdparty\STM32G0xx_HAL_Driver\Src\stm32g0xx_hal_cortex.o
 .text.SysTick_Config
                0x000000000801c680       0x48 Thirdparty\STM32G0xx_HAL_Driver\Src\stm32g0xx_hal_cortex.o
 .text.HAL_NVIC_SetPriority
                0x000000000801c6c8       0x2a Thirdparty\STM32G0xx_HAL_Driver\Src\stm32g0xx_hal_cortex.o
                0x000000000801c6c8                HAL_NVIC_SetPriority
 .text.HAL_NVIC_EnableIRQ
                0x000000000801c6f2       0x20 Thirdparty\STM32G0xx_HAL_Driver\Src\stm32g0xx_hal_cortex.o
                0x000000000801c6f2                HAL_NVIC_EnableIRQ
 .text.HAL_NVIC_DisableIRQ
                0x000000000801c712       0x20 Thirdparty\STM32G0xx_HAL_Driver\Src\stm32g0xx_hal_cortex.o
                0x000000000801c712                HAL_NVIC_DisableIRQ
 .text.HAL_SYSTICK_Config
                0x000000000801c732       0x1a Thirdparty\STM32G0xx_HAL_Driver\Src\stm32g0xx_hal_cortex.o
                0x000000000801c732                HAL_SYSTICK_Config
 .text.HAL_CRC_Init
                0x000000000801c74c       0xcc Thirdparty\STM32G0xx_HAL_Driver\Src\stm32g0xx_hal_crc.o
                0x000000000801c74c                HAL_CRC_Init
 .text.HAL_CRC_Accumulate
                0x000000000801c818       0x8e Thirdparty\STM32G0xx_HAL_Driver\Src\stm32g0xx_hal_crc.o
                0x000000000801c818                HAL_CRC_Accumulate
 .text.HAL_CRC_Calculate
                0x000000000801c8a6       0x9e Thirdparty\STM32G0xx_HAL_Driver\Src\stm32g0xx_hal_crc.o
                0x000000000801c8a6                HAL_CRC_Calculate
 .text.CRC_Handle_8
                0x000000000801c944      0x122 Thirdparty\STM32G0xx_HAL_Driver\Src\stm32g0xx_hal_crc.o
 .text.CRC_Handle_16
                0x000000000801ca66       0x6e Thirdparty\STM32G0xx_HAL_Driver\Src\stm32g0xx_hal_crc.o
 .text.HAL_CRCEx_Polynomial_Set
                0x000000000801cad4       0xda Thirdparty\STM32G0xx_HAL_Driver\Src\stm32g0xx_hal_crc_ex.o
                0x000000000801cad4                HAL_CRCEx_Polynomial_Set
 *fill*         0x000000000801cbae        0x2 
 .text.HAL_DMA_Init
                0x000000000801cbb0      0x158 Thirdparty\STM32G0xx_HAL_Driver\Src\stm32g0xx_hal_dma.o
                0x000000000801cbb0                HAL_DMA_Init
 .text.HAL_DMA_Start_IT
                0x000000000801cd08      0x10c Thirdparty\STM32G0xx_HAL_Driver\Src\stm32g0xx_hal_dma.o
                0x000000000801cd08                HAL_DMA_Start_IT
 .text.HAL_DMA_Abort
                0x000000000801ce14       0xc0 Thirdparty\STM32G0xx_HAL_Driver\Src\stm32g0xx_hal_dma.o
                0x000000000801ce14                HAL_DMA_Abort
 .text.HAL_DMA_Abort_IT
                0x000000000801ced4       0xd0 Thirdparty\STM32G0xx_HAL_Driver\Src\stm32g0xx_hal_dma.o
                0x000000000801ced4                HAL_DMA_Abort_IT
 .text.HAL_DMA_GetError
                0x000000000801cfa4       0x14 Thirdparty\STM32G0xx_HAL_Driver\Src\stm32g0xx_hal_dma.o
                0x000000000801cfa4                HAL_DMA_GetError
 .text.DMA_SetConfig
                0x000000000801cfb8       0x78 Thirdparty\STM32G0xx_HAL_Driver\Src\stm32g0xx_hal_dma.o
 .text.DMA_CalcDMAMUXChannelBaseAndMask
                0x000000000801d030       0x94 Thirdparty\STM32G0xx_HAL_Driver\Src\stm32g0xx_hal_dma.o
 .text.DMA_CalcDMAMUXRequestGenBaseAndMask
                0x000000000801d0c4       0x48 Thirdparty\STM32G0xx_HAL_Driver\Src\stm32g0xx_hal_dma.o
 .text.HAL_FLASH_Program
                0x000000000801d10c       0x9c Thirdparty\STM32G0xx_HAL_Driver\Src\stm32g0xx_hal_flash.o
                0x000000000801d10c                HAL_FLASH_Program
 .text.HAL_FLASH_Unlock
                0x000000000801d1a8       0x48 Thirdparty\STM32G0xx_HAL_Driver\Src\stm32g0xx_hal_flash.o
                0x000000000801d1a8                HAL_FLASH_Unlock
 .text.HAL_FLASH_Lock
                0x000000000801d1f0       0x38 Thirdparty\STM32G0xx_HAL_Driver\Src\stm32g0xx_hal_flash.o
                0x000000000801d1f0                HAL_FLASH_Lock
 .text.FLASH_WaitForLastOperation
                0x000000000801d228       0x9c Thirdparty\STM32G0xx_HAL_Driver\Src\stm32g0xx_hal_flash.o
                0x000000000801d228                FLASH_WaitForLastOperation
 .text.FLASH_Program_DoubleWord
                0x000000000801d2c4       0x40 Thirdparty\STM32G0xx_HAL_Driver\Src\stm32g0xx_hal_flash.o
 .text.HAL_FLASHEx_Erase
                0x000000000801d304       0xe0 Thirdparty\STM32G0xx_HAL_Driver\Src\stm32g0xx_hal_flash_ex.o
                0x000000000801d304                HAL_FLASHEx_Erase
 .text.FLASH_MassErase
                0x000000000801d3e4       0x28 Thirdparty\STM32G0xx_HAL_Driver\Src\stm32g0xx_hal_flash_ex.o
 .text.FLASH_PageErase
                0x000000000801d40c      0x198 Thirdparty\STM32G0xx_HAL_Driver\Src\stm32g0xx_hal_flash_ex.o
                0x000000000801d40c                FLASH_PageErase
 .text.HAL_GPIO_Init
                0x000000000801d5a4      0x2d8 Thirdparty\STM32G0xx_HAL_Driver\Src\stm32g0xx_hal_gpio.o
                0x000000000801d5a4                HAL_GPIO_Init
 .text.HAL_GPIO_DeInit
                0x000000000801d87c      0x1b0 Thirdparty\STM32G0xx_HAL_Driver\Src\stm32g0xx_hal_gpio.o
                0x000000000801d87c                HAL_GPIO_DeInit
 .text.HAL_GPIO_ReadPin
                0x000000000801da2c       0x3a Thirdparty\STM32G0xx_HAL_Driver\Src\stm32g0xx_hal_gpio.o
                0x000000000801da2c                HAL_GPIO_ReadPin
 .text.HAL_GPIO_WritePin
                0x000000000801da66       0x3a Thirdparty\STM32G0xx_HAL_Driver\Src\stm32g0xx_hal_gpio.o
                0x000000000801da66                HAL_GPIO_WritePin
 .text.HAL_GPIO_TogglePin
                0x000000000801daa0       0x36 Thirdparty\STM32G0xx_HAL_Driver\Src\stm32g0xx_hal_gpio.o
                0x000000000801daa0                HAL_GPIO_TogglePin
 .text.HAL_MspInit
                0x000000000801dad6        0xa Thirdparty\STM32G0xx_HAL_Driver\Src\stm32g0xx_hal_msp_template.o
                0x000000000801dad6                HAL_MspInit
 .text.HAL_PWREx_ControlVoltageScaling
                0x000000000801dae0       0x80 Thirdparty\STM32G0xx_HAL_Driver\Src\stm32g0xx_hal_pwr_ex.o
                0x000000000801dae0                HAL_PWREx_ControlVoltageScaling
 .text.LL_RCC_GetAPB1Prescaler
                0x000000000801db60       0x18 Thirdparty\STM32G0xx_HAL_Driver\Src\stm32g0xx_hal_rcc.o
 .text.HAL_RCC_OscConfig
                0x000000000801db78      0x6c0 Thirdparty\STM32G0xx_HAL_Driver\Src\stm32g0xx_hal_rcc.o
                0x000000000801db78                HAL_RCC_OscConfig
 .text.HAL_RCC_ClockConfig
                0x000000000801e238      0x210 Thirdparty\STM32G0xx_HAL_Driver\Src\stm32g0xx_hal_rcc.o
                0x000000000801e238                HAL_RCC_ClockConfig
 .text.HAL_RCC_GetSysClockFreq
                0x000000000801e448      0x104 Thirdparty\STM32G0xx_HAL_Driver\Src\stm32g0xx_hal_rcc.o
                0x000000000801e448                HAL_RCC_GetSysClockFreq
 .text.HAL_RCC_GetHCLKFreq
                0x000000000801e54c       0x14 Thirdparty\STM32G0xx_HAL_Driver\Src\stm32g0xx_hal_rcc.o
                0x000000000801e54c                HAL_RCC_GetHCLKFreq
 .text.HAL_RCC_GetPCLK1Freq
                0x000000000801e560       0x2c Thirdparty\STM32G0xx_HAL_Driver\Src\stm32g0xx_hal_rcc.o
                0x000000000801e560                HAL_RCC_GetPCLK1Freq
 .text.HAL_RCCEx_PeriphCLKConfig
                0x000000000801e58c      0x478 Thirdparty\STM32G0xx_HAL_Driver\Src\stm32g0xx_hal_rcc_ex.o
                0x000000000801e58c                HAL_RCCEx_PeriphCLKConfig
 .text.HAL_RTC_Init
                0x000000000801ea04      0x144 Thirdparty\STM32G0xx_HAL_Driver\Src\stm32g0xx_hal_rtc.o
                0x000000000801ea04                HAL_RTC_Init
 .text.HAL_RTC_MspInit
                0x000000000801eb48       0x10 Thirdparty\STM32G0xx_HAL_Driver\Src\stm32g0xx_hal_rtc.o
                0x000000000801eb48                HAL_RTC_MspInit
 .text.HAL_RTC_SetTime
                0x000000000801eb58      0x150 Thirdparty\STM32G0xx_HAL_Driver\Src\stm32g0xx_hal_rtc.o
                0x000000000801eb58                HAL_RTC_SetTime
 .text.HAL_RTC_GetTime
                0x000000000801eca8       0xb8 Thirdparty\STM32G0xx_HAL_Driver\Src\stm32g0xx_hal_rtc.o
                0x000000000801eca8                HAL_RTC_GetTime
 .text.HAL_RTC_SetDate
                0x000000000801ed60      0x124 Thirdparty\STM32G0xx_HAL_Driver\Src\stm32g0xx_hal_rtc.o
                0x000000000801ed60                HAL_RTC_SetDate
 .text.HAL_RTC_GetDate
                0x000000000801ee84       0x9c Thirdparty\STM32G0xx_HAL_Driver\Src\stm32g0xx_hal_rtc.o
                0x000000000801ee84                HAL_RTC_GetDate
 .text.HAL_RTC_WaitForSynchro
                0x000000000801ef20       0x4e Thirdparty\STM32G0xx_HAL_Driver\Src\stm32g0xx_hal_rtc.o
                0x000000000801ef20                HAL_RTC_WaitForSynchro
 .text.RTC_EnterInitMode
                0x000000000801ef6e       0x84 Thirdparty\STM32G0xx_HAL_Driver\Src\stm32g0xx_hal_rtc.o
                0x000000000801ef6e                RTC_EnterInitMode
 *fill*         0x000000000801eff2        0x2 
 .text.RTC_ExitInitMode
                0x000000000801eff4       0x88 Thirdparty\STM32G0xx_HAL_Driver\Src\stm32g0xx_hal_rtc.o
                0x000000000801eff4                RTC_ExitInitMode
 .text.RTC_ByteToBcd2
                0x000000000801f07c       0x50 Thirdparty\STM32G0xx_HAL_Driver\Src\stm32g0xx_hal_rtc.o
                0x000000000801f07c                RTC_ByteToBcd2
 .text.RTC_Bcd2ToByte
                0x000000000801f0cc       0x3a Thirdparty\STM32G0xx_HAL_Driver\Src\stm32g0xx_hal_rtc.o
                0x000000000801f0cc                RTC_Bcd2ToByte
 .text.HAL_RTCEx_BKUPWrite
                0x000000000801f106       0x3a Thirdparty\STM32G0xx_HAL_Driver\Src\stm32g0xx_hal_rtc_ex.o
                0x000000000801f106                HAL_RTCEx_BKUPWrite
 .text.HAL_RTCEx_BKUPRead
                0x000000000801f140       0x36 Thirdparty\STM32G0xx_HAL_Driver\Src\stm32g0xx_hal_rtc_ex.o
                0x000000000801f140                HAL_RTCEx_BKUPRead
 .text.HAL_TIM_Base_Init
                0x000000000801f176       0xb0 Thirdparty\STM32G0xx_HAL_Driver\Src\stm32g0xx_hal_tim.o
                0x000000000801f176                HAL_TIM_Base_Init
 .text.HAL_TIM_Base_MspInit
                0x000000000801f226       0x10 Thirdparty\STM32G0xx_HAL_Driver\Src\stm32g0xx_hal_tim.o
                0x000000000801f226                HAL_TIM_Base_MspInit
 *fill*         0x000000000801f236        0x2 
 .text.HAL_TIM_Base_Start
                0x000000000801f238       0xb4 Thirdparty\STM32G0xx_HAL_Driver\Src\stm32g0xx_hal_tim.o