Archive member included to satisfy reference by file (symbol)

c:/st/stm32cubeide_1.9.0/stm32cubeide/plugins/com.st.stm32cube.ide.mcu.externaltools.gnu-tools-for-stm32.10.3-2021.10.win32_1.0.0.202111181127/tools/bin/../lib/gcc/arm-none-eabi/10.3.1/../../../../arm-none-eabi/lib/thumb/v6-m/nofp\libc.a(lib_a-atof.o)
                              BOS\BOS_CLI.o (atof)
c:/st/stm32cubeide_1.9.0/stm32cubeide/plugins/com.st.stm32cube.ide.mcu.externaltools.gnu-tools-for-stm32.10.3-2021.10.win32_1.0.0.202111181127/tools/bin/../lib/gcc/arm-none-eabi/10.3.1/../../../../arm-none-eabi/lib/thumb/v6-m/nofp\libc.a(lib_a-atoi.o)
                              BOS\BOS_CLI.o (atoi)
c:/st/stm32cubeide_1.9.0/stm32cubeide/plugins/com.st.stm32cube.ide.mcu.externaltools.gnu-tools-for-stm32.10.3-2021.10.win32_1.0.0.202111181127/tools/bin/../lib/gcc/arm-none-eabi/10.3.1/../../../../arm-none-eabi/lib/thumb/v6-m/nofp\libc.a(lib_a-atol.o)
                              BOS\BOS.o (atol)
c:/st/stm32cubeide_1.9.0/stm32cubeide/plugins/com.st.stm32cube.ide.mcu.externaltools.gnu-tools-for-stm32.10.3-2021.10.win32_1.0.0.202111181127/tools/bin/../lib/gcc/arm-none-eabi/10.3.1/../../../../arm-none-eabi/lib/thumb/v6-m/nofp\libc.a(lib_a-ctype_.o)
                              BOS\BOS_CLI.o (_ctype_)
c:/st/stm32cubeide_1.9.0/stm32cubeide/plugins/com.st.stm32cube.ide.mcu.externaltools.gnu-tools-for-stm32.10.3-2021.10.win32_1.0.0.202111181127/tools/bin/../lib/gcc/arm-none-eabi/10.3.1/../../../../arm-none-eabi/lib/thumb/v6-m/nofp\libc.a(lib_a-exit.o)
                              c:/st/stm32cubeide_1.9.0/stm32cubeide/plugins/com.st.stm32cube.ide.mcu.externaltools.gnu-tools-for-stm32.10.3-2021.10.win32_1.0.0.202111181127/tools/bin/../lib/gcc/arm-none-eabi/10.3.1/../../../../arm-none-eabi/lib/thumb/v6-m/nofp/crt0.o (exit)
c:/st/stm32cubeide_1.9.0/stm32cubeide/plugins/com.st.stm32cube.ide.mcu.externaltools.gnu-tools-for-stm32.10.3-2021.10.win32_1.0.0.202111181127/tools/bin/../lib/gcc/arm-none-eabi/10.3.1/../../../../arm-none-eabi/lib/thumb/v6-m/nofp\libc.a(lib_a-impure.o)
                              c:/st/stm32cubeide_1.9.0/stm32cubeide/plugins/com.st.stm32cube.ide.mcu.externaltools.gnu-tools-for-stm32.10.3-2021.10.win32_1.0.0.202111181127/tools/bin/../lib/gcc/arm-none-eabi/10.3.1/../../../../arm-none-eabi/lib/thumb/v6-m/nofp\libc.a(lib_a-exit.o) (_global_impure_ptr)
c:/st/stm32cubeide_1.9.0/stm32cubeide/plugins/com.st.stm32cube.ide.mcu.externaltools.gnu-tools-for-stm32.10.3-2021.10.win32_1.0.0.202111181127/tools/bin/../lib/gcc/arm-none-eabi/10.3.1/../../../../arm-none-eabi/lib/thumb/v6-m/nofp\libc.a(lib_a-init.o)
                              c:/st/stm32cubeide_1.9.0/stm32cubeide/plugins/com.st.stm32cube.ide.mcu.externaltools.gnu-tools-for-stm32.10.3-2021.10.win32_1.0.0.202111181127/tools/bin/../lib/gcc/arm-none-eabi/10.3.1/../../../../arm-none-eabi/lib/thumb/v6-m/nofp/crt0.o (__libc_init_array)
c:/st/stm32cubeide_1.9.0/stm32cubeide/plugins/com.st.stm32cube.ide.mcu.externaltools.gnu-tools-for-stm32.10.3-2021.10.win32_1.0.0.202111181127/tools/bin/../lib/gcc/arm-none-eabi/10.3.1/../../../../arm-none-eabi/lib/thumb/v6-m/nofp\libc.a(lib_a-malloc.o)
                              BOS\BOS.o (malloc)
c:/st/stm32cubeide_1.9.0/stm32cubeide/plugins/com.st.stm32cube.ide.mcu.externaltools.gnu-tools-for-stm32.10.3-2021.10.win32_1.0.0.202111181127/tools/bin/../lib/gcc/arm-none-eabi/10.3.1/../../../../arm-none-eabi/lib/thumb/v6-m/nofp\libc.a(lib_a-mallocr.o)
                              c:/st/stm32cubeide_1.9.0/stm32cubeide/plugins/com.st.stm32cube.ide.mcu.externaltools.gnu-tools-for-stm32.10.3-2021.10.win32_1.0.0.202111181127/tools/bin/../lib/gcc/arm-none-eabi/10.3.1/../../../../arm-none-eabi/lib/thumb/v6-m/nofp\libc.a(lib_a-malloc.o) (_malloc_r)
c:/st/stm32cubeide_1.9.0/stm32cubeide/plugins/com.st.stm32cube.ide.mcu.externaltools.gnu-tools-for-stm32.10.3-2021.10.win32_1.0.0.202111181127/tools/bin/../lib/gcc/arm-none-eabi/10.3.1/../../../../arm-none-eabi/lib/thumb/v6-m/nofp\libc.a(lib_a-memcpy-stub.o)
                              BOS\BOS.o (memcpy)
c:/st/stm32cubeide_1.9.0/stm32cubeide/plugins/com.st.stm32cube.ide.mcu.externaltools.gnu-tools-for-stm32.10.3-2021.10.win32_1.0.0.202111181127/tools/bin/../lib/gcc/arm-none-eabi/10.3.1/../../../../arm-none-eabi/lib/thumb/v6-m/nofp\libc.a(lib_a-memset.o)
                              c:/st/stm32cubeide_1.9.0/stm32cubeide/plugins/com.st.stm32cube.ide.mcu.externaltools.gnu-tools-for-stm32.10.3-2021.10.win32_1.0.0.202111181127/tools/bin/../lib/gcc/arm-none-eabi/10.3.1/../../../../arm-none-eabi/lib/thumb/v6-m/nofp/crt0.o (memset)
c:/st/stm32cubeide_1.9.0/stm32cubeide/plugins/com.st.stm32cube.ide.mcu.externaltools.gnu-tools-for-stm32.10.3-2021.10.win32_1.0.0.202111181127/tools/bin/../lib/gcc/arm-none-eabi/10.3.1/../../../../arm-none-eabi/lib/thumb/v6-m/nofp\libc.a(lib_a-mlock.o)
[...]
Memory Configuration

Name             Origin             Length             Attributes
RAM              0x0000000020000000 0x0000000000024000 xrw
FLASH            0x0000000008000000 0x0000000000080000 xr
*default*        0x0000000000000000 0xffffffffffffffff

Linker script and memory map

LOAD c:/st/stm32cubeide_1.9.0/stm32cubeide/plugins/com.st.stm32cube.ide.mcu.externaltools.gnu-tools-for-stm32.10.3-2021.10.win32_1.0.0.202111181127/tools/bin/../lib/gcc/arm-none-eabi/10.3.1/thumb/v6-m/nofp/crti.o
LOAD c:/st/stm32cubeide_1.9.0/stm32cubeide/plugins/com.st.stm32cube.ide.mcu.externaltools.gnu-tools-for-stm32.10.3-2021.10.win32_1.0.0.202111181127/tools/bin/../lib/gcc/arm-none-eabi/10.3.1/thumb/v6-m/nofp/crtbegin.o
LOAD c:/st/stm32cubeide_1.9.0/stm32cubeide/plugins/com.st.stm32cube.ide.mcu.externaltools.gnu-tools-for-stm32.10.3-2021.10.win32_1.0.0.202111181127/tools/bin/../lib/gcc/arm-none-eabi/10.3.1/../../../../arm-none-eabi/lib/thumb/v6-m/nofp/crt0.o
LOAD BOS\BOS.o
LOAD BOS\BOS_CLI.o
LOAD BOS\BOS_CLIcommands.o
LOAD BOS\BOS_dma.o
LOAD BOS\BOS_freertos.o
LOAD BOS\BOS_messaging.o
LOAD BOS\BOS_msgparser.o
LOAD H3BR2\H3BR2.o
LOAD H3BR2\H3BR2_dma.o
LOAD H3BR2\H3BR2_eeprom.o
LOAD H3BR2\H3BR2_gpio.o
LOAD H3BR2\H3BR2_inputs.o
LOAD H3BR2\H3BR2_it.o
LOAD H3BR2\H3BR2_rtc.o
LOAD H3BR2\H3BR2_timers.o
LOAD H3BR2\H3BR2_uart.o
LOAD H3BR2\startup_stm32g0b1ceuxn.o
LOAD Thirdparty\CMSIS\STM32G0xx\Device\ST\STM32G0xx\Source\Templates\system_stm32g0xx.o
LOAD Thirdparty\Middleware\STM32G0xx\FreeRTOS\Source\CMSIS_RTOS\cmsis_os.o
LOAD Thirdparty\Middleware\STM32G0xx\FreeRTOS\Source\FreeRTOS_CLI.o
LOAD Thirdparty\Middleware\STM32G0xx\FreeRTOS\Source\croutine.o
LOAD Thirdparty\Middleware\STM32G0xx\FreeRTOS\Source\event_groups.o
LOAD Thirdparty\Middleware\STM32G0xx\FreeRTOS\Source\list.o
LOAD Thirdparty\Middleware\STM32G0xx\FreeRTOS\Source\portable\GCC\ARM_CM0\port.o
LOAD Thirdparty\Middleware\STM32G0xx\FreeRTOS\Source\portable\MemMang\heap_4.o
LOAD Thirdparty\Middleware\STM32G0xx\FreeRTOS\Source\queue.o
LOAD Thirdparty\Middleware\STM32G0xx\FreeRTOS\Source\stream_buffer.o
LOAD Thirdparty\Middleware\STM32G0xx\FreeRTOS\Source\tasks.o
LOAD Thirdparty\Middleware\STM32G0xx\FreeRTOS\Source\timers.o
LOAD Thirdparty\STM32G0xx_HAL_Driver\Src\stm32g0xx_hal.o
LOAD Thirdparty\STM32G0xx_HAL_Driver\Src\stm32g0xx_hal_adc.o
LOAD Thirdparty\STM32G0xx_HAL_Driver\Src\stm32g0xx_hal_adc_ex.o
LOAD Thirdparty\STM32G0xx_HAL_Driver\Src\stm32g0xx_hal_cec.o
LOAD Thirdparty\STM32G0xx_HAL_Driver\Src\stm32g0xx_hal_comp.o
LOAD Thirdparty\STM32G0xx_HAL_Driver\Src\stm32g0xx_hal_cortex.o
LOAD Thirdparty\STM32G0xx_HAL_Driver\Src\stm32g0xx_hal_crc.o
LOAD Thirdparty\STM32G0xx_HAL_Driver\Src\stm32g0xx_hal_crc_ex.o
LOAD Thirdparty\STM32G0xx_HAL_Driver\Src\stm32g0xx_hal_cryp.o
LOAD Thirdparty\STM32G0xx_HAL_Driver\Src\stm32g0xx_hal_cryp_ex.o
LOAD Thirdparty\STM32G0xx_HAL_Driver\Src\stm32g0xx_hal_dac.o
LOAD Thirdparty\STM32G0xx_HAL_Driver\Src\stm32g0xx_hal_dac_ex.o
LOAD Thirdparty\STM32G0xx_HAL_Driver\Src\stm32g0xx_hal_dma.o
LOAD Thirdparty\STM32G0xx_HAL_Driver\Src\stm32g0xx_hal_dma_ex.o
LOAD Thirdparty\STM32G0xx_HAL_Driver\Src\stm32g0xx_hal_exti.o
LOAD Thirdparty\STM32G0xx_HAL_Driver\Src\stm32g0xx_hal_fdcan.o
LOAD Thirdparty\STM32G0xx_HAL_Driver\Src\stm32g0xx_hal_flash.o
LOAD Thirdparty\STM32G0xx_HAL_Driver\Src\stm32g0xx_hal_flash_ex.o
LOAD Thirdparty\STM32G0xx_HAL_Driver\Src\stm32g0xx_hal_gpio.o
LOAD Thirdparty\STM32G0xx_HAL_Driver\Src\stm32g0xx_hal_hcd.o
LOAD Thirdparty\STM32G0xx_HAL_Driver\Src\stm32g0xx_hal_i2c.o
LOAD Thirdparty\STM32G0xx_HAL_Driver\Src\stm32g0xx_hal_i2c_ex.o
LOAD Thirdparty\STM32G0xx_HAL_Driver\Src\stm32g0xx_hal_i2s.o
LOAD Thirdparty\STM32G0xx_HAL_Driver\Src\stm32g0xx_hal_irda.o
LOAD Thirdparty\STM32G0xx_HAL_Driver\Src\stm32g0xx_hal_iwdg.o
LOAD Thirdparty\STM32G0xx_HAL_Driver\Src\stm32g0xx_hal_lptim.o
LOAD Thirdparty\STM32G0xx_HAL_Driver\Src\stm32g0xx_hal_msp_template.o
LOAD Thirdparty\STM32G0xx_HAL_Driver\Src\stm32g0xx_hal_pcd.o
LOAD Thirdparty\STM32G0xx_HAL_Driver\Src\stm32g0xx_hal_pcd_ex.o
LOAD Thirdparty\STM32G0xx_HAL_Driver\Src\stm32g0xx_hal_pwr.o
LOAD Thirdparty\STM32G0xx_HAL_Driver\Src\stm32g0xx_hal_pwr_ex.o
LOAD Thirdparty\STM32G0xx_HAL_Driver\Src\stm32g0xx_hal_rcc.o
LOAD Thirdparty\STM32G0xx_HAL_Driver\Src\stm32g0xx_hal_rcc_ex.o
LOAD Thirdparty\STM32G0xx_HAL_Driver\Src\stm32g0xx_hal_rng.o
LOAD Thirdparty\STM32G0xx_HAL_Driver\Src\stm32g0xx_hal_rtc.o
LOAD Thirdparty\STM32G0xx_HAL_Driver\Src\stm32g0xx_hal_rtc_ex.o
LOAD Thirdparty\STM32G0xx_HAL_Driver\Src\stm32g0xx_hal_smartcard.o
LOAD Thirdparty\STM32G0xx_HAL_Driver\Src\stm32g0xx_hal_smartcard_ex.o
LOAD Thirdparty\STM32G0xx_HAL_Driver\Src\stm32g0xx_hal_smbus.o
LOAD Thirdparty\STM32G0xx_HAL_Driver\Src\stm32g0xx_hal_smbus_ex.o
LOAD Thirdparty\STM32G0xx_HAL_Driver\Src\stm32g0xx_hal_spi.o
LOAD Thirdparty\STM32G0xx_HAL_Driver\Src\stm32g0xx_hal_spi_ex.o
LOAD Thirdparty\STM32G0xx_HAL_Driver\Src\stm32g0xx_hal_tim.o
LOAD Thirdparty\STM32G0xx_HAL_Driver\Src\stm32g0xx_hal_tim_ex.o
LOAD Thirdparty\STM32G0xx_HAL_Driver\Src\stm32g0xx_hal_uart.o
LOAD Thirdparty\STM32G0xx_HAL_Driver\Src\stm32g0xx_hal_uart_ex.o
LOAD Thirdparty\STM32G0xx_HAL_Driver\Src\stm32g0xx_hal_usart.o
LOAD Thirdparty\STM32G0xx_HAL_Driver\Src\stm32g0xx_hal_usart_ex.o
LOAD Thirdparty\STM32G0xx_HAL_Driver\Src\stm32g0xx_hal_wwdg.o
LOAD Thirdparty\STM32G0xx_HAL_Driver\Src\stm32g0xx_ll_adc.o
LOAD Thirdparty\STM32G0xx_HAL_Driver\Src\stm32g0xx_ll_comp.o
LOAD Thirdparty\STM32G0xx_HAL_Driver\Src\stm32g0xx_ll_crc.o
LOAD Thirdparty\STM32G0xx_HAL_Driver\Src\stm32g0xx_ll_crs.o
LOAD Thirdparty\STM32G0xx_HAL_Driver\Src\stm32g0xx_ll_dac.o
LOAD Thirdparty\STM32G0xx_HAL_Driver\Src\stm32g0xx_ll_dma.o
LOAD Thirdparty\STM32G0xx_HAL_Driver\Src\stm32g0xx_ll_exti.o
LOAD Thirdparty\STM32G0xx_HAL_Driver\Src\stm32g0xx_ll_gpio.o
LOAD Thirdparty\STM32G0xx_HAL_Driver\Src\stm32g0xx_ll_i2c.o
LOAD Thirdparty\STM32G0xx_HAL_Driver\Src\stm32g0xx_ll_lptim.o
LOAD Thirdparty\STM32G0xx_HAL_Driver\Src\stm32g0xx_ll_lpuart.o
LOAD Thirdparty\STM32G0xx_HAL_Driver\Src\stm32g0xx_ll_pwr.o
LOAD Thirdparty\STM32G0xx_HAL_Driver\Src\stm32g0xx_ll_rcc.o
LOAD Thirdparty\STM32G0xx_HAL_Driver\Src\stm32g0xx_ll_rng.o
LOAD Thirdparty\STM32G0xx_HAL_Driver\Src\stm32g0xx_ll_rtc.o
LOAD Thirdparty\STM32G0xx_HAL_Driver\Src\stm32g0xx_ll_spi.o
LOAD Thirdparty\STM32G0xx_HAL_Driver\Src\stm32g0xx_ll_tim.o
LOAD Thirdparty\STM32G0xx_HAL_Driver\Src\stm32g0xx_ll_ucpd.o
LOAD Thirdparty\STM32G0xx_HAL_Driver\Src\stm32g0xx_ll_usart.o
LOAD Thirdparty\STM32G0xx_HAL_Driver\Src\stm32g0xx_ll_usb.o
LOAD Thirdparty\STM32G0xx_HAL_Driver\Src\stm32g0xx_ll_utils.o
LOAD User\main.o
START GROUP
LOAD c:/st/stm32cubeide_1.9.0/stm32cubeide/plugins/com.st.stm32cube.ide.mcu.externaltools.gnu-tools-for-stm32.10.3-2021.10.win32_1.0.0.202111181127/tools/bin/../lib/gcc/arm-none-eabi/10.3.1/../../../../arm-none-eabi/lib/thumb/v6-m/nofp\libc.a
LOAD c:/st/stm32cubeide_1.9.0/stm32cubeide/plugins/com.st.stm32cube.ide.mcu.externaltools.gnu-tools-for-stm32.10.3-2021.10.win32_1.0.0.202111181127/tools/bin/../lib/gcc/arm-none-eabi/10.3.1/../../../../arm-none-eabi/lib/thumb/v6-m/nofp\libm.a
END GROUP
START GROUP
LOAD c:/st/stm32cubeide_1.9.0/stm32cubeide/plugins/com.st.stm32cube.ide.mcu.externaltools.gnu-tools-for-stm32.10.3-2021.10.win32_1.0.0.202111181127/tools/bin/../lib/gcc/arm-none-eabi/10.3.1/thumb/v6-m/nofp\libgcc.a
LOAD c:/st/stm32cubeide_1.9.0/stm32cubeide/plugins/com.st.stm32cube.ide.mcu.externaltools.gnu-tools-for-stm32.10.3-2021.10.win32_1.0.0.202111181127/tools/bin/../lib/gcc/arm-none-eabi/10.3.1/../../../../arm-none-eabi/lib/thumb/v6-m/nofp\libc.a
END GROUP
START GROUP
LOAD c:/st/stm32cubeide_1.9.0/stm32cubeide/plugins/com.st.stm32cube.ide.mcu.externaltools.gnu-tools-for-stm32.10.3-2021.10.win32_1.0.0.202111181127/tools/bin/../lib/gcc/arm-none-eabi/10.3.1/thumb/v6-m/nofp\libgcc.a
LOAD c:/st/stm32cubeide_1.9.0/stm32cubeide/plugins/com.st.stm32cube.ide.mcu.externaltools.gnu-tools-for-stm32.10.3-2021.10.win32_1.0.0.202111181127/tools/bin/../lib/gcc/arm-none-eabi/10.3.1/../../../../arm-none-eabi/lib/thumb/v6-m/nofp\libc.a
LOAD c:/st/stm32cubeide_1.9.0/stm32cubeide/plugins/com.st.stm32cube.ide.mcu.externaltools.gnu-tools-for-stm32.10.3-2021.10.win32_1.0.0.202111181127/tools/bin/../lib/gcc/arm-none-eabi/10.3.1/../../../../arm-none-eabi/lib/thumb/v6-m/nofp\libnosys.a
END GROUP
LOAD c:/st/stm32cubeide_1.9.0/stm32cubeide/plugins/com.st.stm32cube.ide.mcu.externaltools.gnu-tools-for-stm32.10.3-2021.10.win32_1.0.0.202111181127/tools/bin/../lib/gcc/arm-none-eabi/10.3.1/thumb/v6-m/nofp/crtend.o
LOAD c:/st/stm32cubeide_1.9.0/stm32cubeide/plugins/com.st.stm32cube.ide.mcu.externaltools.gnu-tools-for-stm32.10.3-2021.10.win32_1.0.0.202111181127/tools/bin/../lib/gcc/arm-none-eabi/10.3.1/thumb/v6-m/nofp/crtn.o
                0x0000000020024000                _estack = (ORIGIN (RAM) + LENGTH (RAM))
                0x0000000000000200                _Min_Heap_Size = 0x200
                0x0000000000000400                _Min_Stack_Size = 0x400

.isr_vector     0x0000000008000000       0xbc
                0x0000000008000000                . = ALIGN (0x4)
 *(.isr_vector)
 .isr_vector    0x0000000008000000       0xbc H3BR2\startup_stm32g0b1ceuxn.o
                0x0000000008000000                g_pfnVectors
                0x00000000080000bc                . = ALIGN (0x4)

.text           0x00000000080000c0    0x28ee0
                0x00000000080000c0                . = ALIGN (0x4)
 *(.text)
 .text          0x00000000080000c0       0x48 c:/st/stm32cubeide_1.9.0/stm32cubeide/plugins/com.st.stm32cube.ide.mcu.externaltools.gnu-tools-for-stm32.10.3-2021.10.win32_1.0.0.202111181127/tools/bin/../lib/gcc/arm-none-eabi/10.3.1/thumb/v6-m/nofp/crtbegin.o
 .text          0x0000000008000108       0x14 c:/st/stm32cubeide_1.9.0/stm32cubeide/plugins/com.st.stm32cube.ide.mcu.externaltools.gnu-tools-for-stm32.10.3-2021.10.win32_1.0.0.202111181127/tools/bin/../lib/gcc/arm-none-eabi/10.3.1/../../../../arm-none-eabi/lib/thumb/v6-m/nofp\libc.a(lib_a-strcmp.o)
                0x0000000008000108                strcmp
 .text          0x000000000800011c        0xe c:/st/stm32cubeide_1.9.0/stm32cubeide/plugins/com.st.stm32cube.ide.mcu.externaltools.gnu-tools-for-stm32.10.3-2021.10.win32_1.0.0.202111181127/tools/bin/../lib/gcc/arm-none-eabi/10.3.1/../../../../arm-none-eabi/lib/thumb/v6-m/nofp\libc.a(lib_a-strlen.o)
                0x000000000800011c                strlen
 *fill*         0x000000000800012a        0x2 
 .text          0x000000000800012c       0x14 c:/st/stm32cubeide_1.9.0/stm32cubeide/plugins/com.st.stm32cube.ide.mcu.externaltools.gnu-tools-for-stm32.10.3-2021.10.win32_1.0.0.202111181127/tools/bin/../lib/gcc/arm-none-eabi/10.3.1/thumb/v6-m/nofp\libgcc.a(_thumb1_case_uqi.o)
                0x000000000800012c                __gnu_thumb1_case_uqi
 .text          0x0000000008000140       0x14 c:/st/stm32cubeide_1.9.0/stm32cubeide/plugins/com.st.stm32cube.ide.mcu.externaltools.gnu-tools-for-stm32.10.3-2021.10.win32_1.0.0.202111181127/tools/bin/../lib/gcc/arm-none-eabi/10.3.1/thumb/v6-m/nofp\libgcc.a(_thumb1_case_uhi.o)
                0x0000000008000140                __gnu_thumb1_case_uhi
 .text          0x0000000008000154      0x114 c:/st/stm32cubeide_1.9.0/stm32cubeide/plugins/com.st.stm32cube.ide.mcu.externaltools.gnu-tools-for-stm32.10.3-2021.10.win32_1.0.0.202111181127/tools/bin/../lib/gcc/arm-none-eabi/10.3.1/thumb/v6-m/nofp\libgcc.a(_udivsi3.o)
                0x0000000008000154                __aeabi_uidiv
                0x0000000008000154                __udivsi3
                0x0000000008000260                __aeabi_uidivmod
 .text          0x0000000008000268      0x1d4 c:/st/stm32cubeide_1.9.0/stm32cubeide/plugins/com.st.stm32cube.ide.mcu.externaltools.gnu-tools-for-stm32.10.3-2021.10.win32_1.0.0.202111181127/tools/bin/../lib/gcc/arm-none-eabi/10.3.1/thumb/v6-m/nofp\libgcc.a(_divsi3.o)
                0x0000000008000268                __divsi3
                0x0000000008000268                __aeabi_idiv
                0x0000000008000434                __aeabi_idivmod
 .text          0x000000000800043c        0x4 c:/st/stm32cubeide_1.9.0/stm32cubeide/plugins/com.st.stm32cube.ide.mcu.externaltools.gnu-tools-for-stm32.10.3-2021.10.win32_1.0.0.202111181127/tools/bin/../lib/gcc/arm-none-eabi/10.3.1/thumb/v6-m/nofp\libgcc.a(_dvmd_tls.o)
                0x000000000800043c                __aeabi_idiv0
                0x000000000800043c                __aeabi_ldiv0
 .text          0x0000000008000440       0x7c c:/st/stm32cubeide_1.9.0/stm32cubeide/plugins/com.st.stm32cube.ide.mcu.externaltools.gnu-tools-for-stm32.10.3-2021.10.win32_1.0.0.202111181127/tools/bin/../lib/gcc/arm-none-eabi/10.3.1/thumb/v6-m/nofp\libgcc.a(_arm_cmpdf2.o)
                0x0000000008000440                __aeabi_cdrcmple
                0x0000000008000450                __aeabi_cdcmple
                0x0000000008000450                __aeabi_cdcmpeq
                0x0000000008000460                __aeabi_dcmpeq
                0x000000000800046c                __aeabi_dcmplt
                0x0000000008000480                __aeabi_dcmple
                0x0000000008000494                __aeabi_dcmpgt
                0x00000000080004a8                __aeabi_dcmpge
 .text          0x00000000080004bc       0x74 c:/st/stm32cubeide_1.9.0/stm32cubeide/plugins/com.st.stm32cube.ide.mcu.externaltools.gnu-tools-for-stm32.10.3-2021.10.win32_1.0.0.202111181127/tools/bin/../lib/gcc/arm-none-eabi/10.3.1/thumb/v6-m/nofp\libgcc.a(_arm_cmpsf2.o)
                0x00000000080004bc                __aeabi_cfrcmple
                0x00000000080004c4                __aeabi_cfcmpeq
                0x00000000080004c4                __aeabi_cfcmple
                0x00000000080004d4                __aeabi_fcmpeq
                0x00000000080004e0                __aeabi_fcmplt
                0x00000000080004f4                __aeabi_fcmple
                0x0000000008000508                __aeabi_fcmpgt
                0x000000000800051c                __aeabi_fcmpge
 .text          0x0000000008000530       0x14 c:/st/stm32cubeide_1.9.0/stm32cubeide/plugins/com.st.stm32cube.ide.mcu.externaltools.gnu-tools-for-stm32.10.3-2021.10.win32_1.0.0.202111181127/tools/bin/../lib/gcc/arm-none-eabi/10.3.1/thumb/v6-m/nofp\libgcc.a(_aeabi_ulcmp.o)
                0x0000000008000530                __aeabi_ulcmp
 .text          0x0000000008000544       0x40 c:/st/stm32cubeide_1.9.0/stm32cubeide/plugins/com.st.stm32cube.ide.mcu.externaltools.gnu-tools-for-stm32.10.3-2021.10.win32_1.0.0.202111181127/tools/bin/../lib/gcc/arm-none-eabi/10.3.1/thumb/v6-m/nofp\libgcc.a(_aeabi_uldivmod.o)
                0x0000000008000544                __aeabi_uldivmod
 .text          0x0000000008000584       0x5c c:/st/stm32cubeide_1.9.0/stm32cubeide/plugins/com.st.stm32cube.ide.mcu.externaltools.gnu-tools-for-stm32.10.3-2021.10.win32_1.0.0.202111181127/tools/bin/../lib/gcc/arm-none-eabi/10.3.1/thumb/v6-m/nofp\libgcc.a(_muldi3.o)
                0x0000000008000584                __muldi3
                0x0000000008000584                __aeabi_lmul
 .text          0x00000000080005e0       0x30 c:/st/stm32cubeide_1.9.0/stm32cubeide/plugins/com.st.stm32cube.ide.mcu.externaltools.gnu-tools-for-stm32.10.3-2021.10.win32_1.0.0.202111181127/tools/bin/../lib/gcc/arm-none-eabi/10.3.1/thumb/v6-m/nofp\libgcc.a(_fixunssfsi.o)
                0x00000000080005e0                __fixunssfsi
                0x00000000080005e0                __aeabi_f2uiz
 .text          0x0000000008000610       0x3c c:/st/stm32cubeide_1.9.0/stm32cubeide/plugins/com.st.stm32cube.ide.mcu.externaltools.gnu-tools-for-stm32.10.3-2021.10.win32_1.0.0.202111181127/tools/bin/../lib/gcc/arm-none-eabi/10.3.1/thumb/v6-m/nofp\libgcc.a(_fixunsdfsi.o)
                0x0000000008000610                __aeabi_d2uiz
                0x0000000008000610                __fixunsdfsi
 .text          0x000000000800064c       0x3c c:/st/stm32cubeide_1.9.0/stm32cubeide/plugins/com.st.stm32cube.ide.mcu.externaltools.gnu-tools-for-stm32.10.3-2021.10.win32_1.0.0.202111181127/tools/bin/../lib/gcc/arm-none-eabi/10.3.1/thumb/v6-m/nofp\libgcc.a(_fixdfdi.o)
                0x000000000800064c                __fixdfdi
                0x000000000800064c                __aeabi_d2lz
 .text          0x0000000008000688       0x3c c:/st/stm32cubeide_1.9.0/stm32cubeide/plugins/com.st.stm32cube.ide.mcu.externaltools.gnu-tools-for-stm32.10.3-2021.10.win32_1.0.0.202111181127/tools/bin/../lib/gcc/arm-none-eabi/10.3.1/thumb/v6-m/nofp\libgcc.a(_fixunsdfdi.o)
                0x0000000008000688                __fixunsdfdi
                0x0000000008000688                __aeabi_d2ulz
 .text          0x00000000080006c4       0x2c c:/st/stm32cubeide_1.9.0/stm32cubeide/plugins/com.st.stm32cube.ide.mcu.externaltools.gnu-tools-for-stm32.10.3-2021.10.win32_1.0.0.202111181127/tools/bin/../lib/gcc/arm-none-eabi/10.3.1/thumb/v6-m/nofp\libgcc.a(_floatdidf.o)
                0x00000000080006c4                __aeabi_l2d
                0x00000000080006c4                __floatdidf
 .text          0x00000000080006f0      0x198 c:/st/stm32cubeide_1.9.0/stm32cubeide/plugins/com.st.stm32cube.ide.mcu.externaltools.gnu-tools-for-stm32.10.3-2021.10.win32_1.0.0.202111181127/tools/bin/../lib/gcc/arm-none-eabi/10.3.1/thumb/v6-m/nofp\libgcc.a(_udivmoddi4.o)
                0x00000000080006f0                __udivmoddi4
 .text          0x0000000008000888       0x4c c:/st/stm32cubeide_1.9.0/stm32cubeide/plugins/com.st.stm32cube.ide.mcu.externaltools.gnu-tools-for-stm32.10.3-2021.10.win32_1.0.0.202111181127/tools/bin/../lib/gcc/arm-none-eabi/10.3.1/thumb/v6-m/nofp\libgcc.a(eqsf2.o)
                0x0000000008000888                __eqsf2
                0x0000000008000888                __nesf2
 .text          0x00000000080008d4       0x8c c:/st/stm32cubeide_1.9.0/stm32cubeide/plugins/com.st.stm32cube.ide.mcu.externaltools.gnu-tools-for-stm32.10.3-2021.10.win32_1.0.0.202111181127/tools/bin/../lib/gcc/arm-none-eabi/10.3.1/thumb/v6-m/nofp\libgcc.a(gesf2.o)
                0x00000000080008d4                __gesf2
                0x00000000080008d4                __gtsf2
 .text          0x0000000008000960       0x88 c:/st/stm32cubeide_1.9.0/stm32cubeide/plugins/com.st.stm32cube.ide.mcu.externaltools.gnu-tools-for-stm32.10.3-2021.10.win32_1.0.0.202111181127/tools/bin/../lib/gcc/arm-none-eabi/10.3.1/thumb/v6-m/nofp\libgcc.a(lesf2.o)
                0x0000000008000960                __ltsf2
                0x0000000008000960                __lesf2
 .text          0x00000000080009e8      0x24c c:/st/stm32cubeide_1.9.0/stm32cubeide/plugins/com.st.stm32cube.ide.mcu.externaltools.gnu-tools-for-stm32.10.3-2021.10.win32_1.0.0.202111181127/tools/bin/../lib/gcc/arm-none-eabi/10.3.1/thumb/v6-m/nofp\libgcc.a(mulsf3.o)
                0x00000000080009e8                __aeabi_fmul
 .text          0x0000000008000c34      0x35c c:/st/stm32cubeide_1.9.0/stm32cubeide/plugins/com.st.stm32cube.ide.mcu.externaltools.gnu-tools-for-stm32.10.3-2021.10.win32_1.0.0.202111181127/tools/bin/../lib/gcc/arm-none-eabi/10.3.1/thumb/v6-m/nofp\libgcc.a(subsf3.o)
                0x0000000008000c34                __aeabi_fsub
 .text          0x0000000008000f90       0x40 c:/st/stm32cubeide_1.9.0/stm32cubeide/plugins/com.st.stm32cube.ide.mcu.externaltools.gnu-tools-for-stm32.10.3-2021.10.win32_1.0.0.202111181127/tools/bin/../lib/gcc/arm-none-eabi/10.3.1/thumb/v6-m/nofp\libgcc.a(fixsfsi.o)
                0x0000000008000f90                __aeabi_f2iz
 .text          0x0000000008000fd0       0x84 c:/st/stm32cubeide_1.9.0/stm32cubeide/plugins/com.st.stm32cube.ide.mcu.externaltools.gnu-tools-for-stm32.10.3-2021.10.win32_1.0.0.202111181127/tools/bin/../lib/gcc/arm-none-eabi/10.3.1/thumb/v6-m/nofp\libgcc.a(floatunsisf.o)
                0x0000000008000fd0                __aeabi_ui2f
 .text          0x0000000008001054      0x678 c:/st/stm32cubeide_1.9.0/stm32cubeide/plugins/com.st.stm32cube.ide.mcu.externaltools.gnu-tools-for-stm32.10.3-2021.10.win32_1.0.0.202111181127/tools/bin/../lib/gcc/arm-none-eabi/10.3.1/thumb/v6-m/nofp\libgcc.a(adddf3.o)
                0x0000000008001054                __aeabi_dadd
 .text          0x00000000080016cc      0x5ec c:/st/stm32cubeide_1.9.0/stm32cubeide/plugins/com.st.stm32cube.ide.mcu.externaltools.gnu-tools-for-stm32.10.3-2021.10.win32_1.0.0.202111181127/tools/bin/../lib/gcc/arm-none-eabi/10.3.1/thumb/v6-m/nofp\libgcc.a(divdf3.o)
                0x00000000080016cc                __aeabi_ddiv
 .text          0x0000000008001cb8       0x84 c:/st/stm32cubeide_1.9.0/stm32cubeide/plugins/com.st.stm32cube.ide.mcu.externaltools.gnu-tools-for-stm32.10.3-2021.10.win32_1.0.0.202111181127/tools/bin/../lib/gcc/arm-none-eabi/10.3.1/thumb/v6-m/nofp\libgcc.a(eqdf2.o)
                0x0000000008001cb8                __nedf2
                0x0000000008001cb8                __eqdf2
 .text          0x0000000008001d3c       0xcc c:/st/stm32cubeide_1.9.0/stm32cubeide/plugins/com.st.stm32cube.ide.mcu.externaltools.gnu-tools-for-stm32.10.3-2021.10.win32_1.0.0.202111181127/tools/bin/../lib/gcc/arm-none-eabi/10.3.1/thumb/v6-m/nofp\libgcc.a(gedf2.o)
                0x0000000008001d3c                __gedf2
                0x0000000008001d3c                __gtdf2
 .text          0x0000000008001e08       0xc8 c:/st/stm32cubeide_1.9.0/stm32cubeide/plugins/com.st.stm32cube.ide.mcu.externaltools.gnu-tools-for-stm32.10.3-2021.10.win32_1.0.0.202111181127/tools/bin/../lib/gcc/arm-none-eabi/10.3.1/thumb/v6-m/nofp\libgcc.a(ledf2.o)
                0x0000000008001e08                __ledf2
                0x0000000008001e08                __ltdf2
 .text          0x0000000008001ed0      0x4d8 c:/st/stm32cubeide_1.9.0/stm32cubeide/plugins/com.st.stm32cube.ide.mcu.externaltools.gnu-tools-for-stm32.10.3-2021.10.win32_1.0.0.202111181127/tools/bin/../lib/gcc/arm-none-eabi/10.3.1/thumb/v6-m/nofp\libgcc.a(muldf3.o)
                0x0000000008001ed0                __aeabi_dmul
 .text          0x00000000080023a8      0x724 c:/st/stm32cubeide_1.9.0/stm32cubeide/plugins/com.st.stm32cube.ide.mcu.externaltools.gnu-tools-for-stm32.10.3-2021.10.win32_1.0.0.202111181127/tools/bin/../lib/gcc/arm-none-eabi/10.3.1/thumb/v6-m/nofp\libgcc.a(subdf3.o)
                0x00000000080023a8                __aeabi_dsub
 .text          0x0000000008002acc       0x3c c:/st/stm32cubeide_1.9.0/stm32cubeide/plugins/com.st.stm32cube.ide.mcu.externaltools.gnu-tools-for-stm32.10.3-2021.10.win32_1.0.0.202111181127/tools/bin/../lib/gcc/arm-none-eabi/10.3.1/thumb/v6-m/nofp\libgcc.a(unorddf2.o)
                0x0000000008002acc                __aeabi_dcmpun
 .text          0x0000000008002b08       0x6c c:/st/stm32cubeide_1.9.0/stm32cubeide/plugins/com.st.stm32cube.ide.mcu.externaltools.gnu-tools-for-stm32.10.3-2021.10.win32_1.0.0.202111181127/tools/bin/../lib/gcc/arm-none-eabi/10.3.1/thumb/v6-m/nofp\libgcc.a(fixdfsi.o)
                0x0000000008002b08                __aeabi_d2iz
 .text          0x0000000008002b74       0x60 c:/st/stm32cubeide_1.9.0/stm32cubeide/plugins/com.st.stm32cube.ide.mcu.externaltools.gnu-tools-for-stm32.10.3-2021.10.win32_1.0.0.202111181127/tools/bin/../lib/gcc/arm-none-eabi/10.3.1/thumb/v6-m/nofp\libgcc.a(floatsidf.o)
                0x0000000008002b74                __aeabi_i2d
 .text          0x0000000008002bd4       0x4c c:/st/stm32cubeide_1.9.0/stm32cubeide/plugins/com.st.stm32cube.ide.mcu.externaltools.gnu-tools-for-stm32.10.3-2021.10.win32_1.0.0.202111181127/tools/bin/../lib/gcc/arm-none-eabi/10.3.1/thumb/v6-m/nofp\libgcc.a(floatunsidf.o)
                0x0000000008002bd4                __aeabi_ui2d
 .text          0x0000000008002c20       0x90 c:/st/stm32cubeide_1.9.0/stm32cubeide/plugins/com.st.stm32cube.ide.mcu.externaltools.gnu-tools-for-stm32.10.3-2021.10.win32_1.0.0.202111181127/tools/bin/../lib/gcc/arm-none-eabi/10.3.1/thumb/v6-m/nofp\libgcc.a(extendsfdf2.o)
                0x0000000008002c20                __aeabi_f2d
 .text          0x0000000008002cb0      0x110 c:/st/stm32cubeide_1.9.0/stm32cubeide/plugins/com.st.stm32cube.ide.mcu.externaltools.gnu-tools-for-stm32.10.3-2021.10.win32_1.0.0.202111181127/tools/bin/../lib/gcc/arm-none-eabi/10.3.1/thumb/v6-m/nofp\libgcc.a(truncdfsf2.o)
                0x0000000008002cb0                __aeabi_d2f
 .text          0x0000000008002dc0       0x3c c:/st/stm32cubeide_1.9.0/stm32cubeide/plugins/com.st.stm32cube.ide.mcu.externaltools.gnu-tools-for-stm32.10.3-2021.10.win32_1.0.0.202111181127/tools/bin/../lib/gcc/arm-none-eabi/10.3.1/thumb/v6-m/nofp\libgcc.a(_clzsi2.o)
                0x0000000008002dc0                __clzsi2
 .text          0x0000000008002dfc       0x18 c:/st/stm32cubeide_1.9.0/stm32cubeide/plugins/com.st.stm32cube.ide.mcu.externaltools.gnu-tools-for-stm32.10.3-2021.10.win32_1.0.0.202111181127/tools/bin/../lib/gcc/arm-none-eabi/10.3.1/thumb/v6-m/nofp\libgcc.a(_clzdi2.o)
                0x0000000008002dfc                __clzdi2
 *(.text*)
 .text.__NVIC_SystemReset
                0x0000000008002e14       0x24 BOS\BOS.o
 .text.Processor_type
                0x0000000008002e38       0x6a BOS\BOS.o
                0x0000000008002e38                Processor_type
 *fill*         0x0000000008002ea2        0x2 
 .text.Get_Module_Name
                0x0000000008002ea4       0x28 BOS\BOS.o
                0x0000000008002ea4                Get_Module_Name
 .text.Send_BOS_Message
                0x0000000008002ecc       0xfc BOS\BOS.o
                0x0000000008002ecc                Send_BOS_Message
 .text.LoadEEvars
                0x0000000008002fc8       0x2a BOS\BOS.o
                0x0000000008002fc8                LoadEEvars
 *fill*         0x0000000008002ff2        0x2 
 .text.LoadROtopology
                0x0000000008002ff4       0xfc BOS\BOS.o
                0x0000000008002ff4                LoadROtopology
 .text.LoadEEportsDir
                0x00000000080030f0       0x68 BOS\BOS.o
                0x00000000080030f0                LoadEEportsDir
 .text.LoadEEalias
                0x0000000008003158       0xd8 BOS\BOS.o
                0x0000000008003158                LoadEEalias
 .text.LoadEEgroup
                0x0000000008003230      0x120 BOS\BOS.o
                0x0000000008003230                LoadEEgroup
 .text.LoadEEstreams
                0x0000000008003350      0x21c BOS\BOS.o
                0x0000000008003350                LoadEEstreams
 .text.LoadEEparams
                0x000000000800356c      0x260 BOS\BOS.o
                0x000000000800356c                LoadEEparams
 .text.LoadEEbuttons
                0x00000000080037cc      0x2ec BOS\BOS.o
                0x00000000080037cc                LoadEEbuttons
 .text.LoadROsnippets
                0x0000000008003ab8      0x1d8 BOS\BOS.o
                0x0000000008003ab8                LoadROsnippets
 .text.SaveEEportsDir
                0x0000000008003c90       0x78 BOS\BOS.o
                0x0000000008003c90                SaveEEportsDir
 .text.SaveEEalias
                0x0000000008003d08       0xd4 BOS\BOS.o
                0x0000000008003d08                SaveEEalias
 .text.SaveEEstreams
                0x0000000008003ddc       0xdc BOS\BOS.o
                0x0000000008003ddc                SaveEEstreams
 .text.SaveEEparams
                0x0000000008003eb8       0xf8 BOS\BOS.o
                0x0000000008003eb8                SaveEEparams
 .text.ClearEEportsDir
                0x0000000008003fb0       0x84 BOS\BOS.o
                0x0000000008003fb0                ClearEEportsDir
 .text.EE_FormatForFactoryReset
                0x0000000008004034       0x2c BOS\BOS.o
                0x0000000008004034                EE_FormatForFactoryReset
 .text.IsLowerCLIbaud
                0x0000000008004060       0xe8 BOS\BOS.o
                0x0000000008004060                IsLowerCLIbaud
 .text.IsModuleParameter
                0x0000000008004148       0x64 BOS\BOS.o
                0x0000000008004148                IsModuleParameter
 .text.IsMathOperator
                0x00000000080041ac       0xc4 BOS\BOS.o
                0x00000000080041ac                IsMathOperator
 .text.BOS_Init
                0x0000000008004270      0x144 BOS\BOS.o
                0x0000000008004270                BOS_Init
 .text.Module_Init
                0x00000000080043b4       0x1e BOS\BOS.o
                0x00000000080043b4                Module_Init
 *fill*         0x00000000080043d2        0x2 
 .text.ExploreNeighbors
                0x00000000080043d4       0x90 BOS\BOS.o
                0x00000000080043d4                ExploreNeighbors
 .text.FindBroadcastRoutes
                0x0000000008004464      0x3b0 BOS\BOS.o
                0x0000000008004464                FindBroadcastRoutes
 .text.FindRoute
                0x0000000008004814      0x2dc BOS\BOS.o
                0x0000000008004814                FindRoute
 .text.minArr   0x0000000008004af0       0x88 BOS\BOS.o
                0x0000000008004af0                minArr
 .text.QnotEmpty
                0x0000000008004b78       0x50 BOS\BOS.o
                0x0000000008004b78                QnotEmpty
 .text.DisplayTopology
                0x0000000008004bc8      0x258 BOS\BOS.o
                0x0000000008004bc8                DisplayTopology
 .text.DisplayPortsDir
                0x0000000008004e20      0x118 BOS\BOS.o
                0x0000000008004e20                DisplayPortsDir
 .text.DisplayModuleStatus
                0x0000000008004f38      0x3c0 BOS\BOS.o
                0x0000000008004f38                DisplayModuleStatus
 .text.GetID    0x00000000080052f8      0x15c BOS\BOS.o
                0x00000000080052f8                GetID
 .text.NameModule
                0x0000000008005454      0x140 BOS\BOS.o
                0x0000000008005454                NameModule
 .text.AddModuleToGroup
                0x0000000008005594      0x1b8 BOS\BOS.o
                0x0000000008005594                AddModuleToGroup
 .text.WriteToRemote
                0x000000000800574c      0x460 BOS\BOS.o
                0x000000000800574c                WriteToRemote
 .text.GetDateString
                0x0000000008005bac       0x5c BOS\BOS.o
                0x0000000008005bac                GetDateString
 .text.Bridge   0x0000000008005c08       0x4c BOS\BOS.o
                0x0000000008005c08                Bridge
 .text.Unbridge
                0x0000000008005c54       0xcc BOS\BOS.o
                0x0000000008005c54                Unbridge
 .text.EnableStopModebyUARTx
                0x0000000008005d20       0xb8 BOS\BOS.o
                0x0000000008005d20                EnableStopModebyUARTx
 .text.EnableStandbyModebyWakeupPinx
                0x0000000008005dd8       0x64 BOS\BOS.o
                0x0000000008005dd8                EnableStandbyModebyWakeupPinx
 .text.DisableStandbyModeWakeupPinx
                0x0000000008005e3c       0x9c BOS\BOS.o
                0x0000000008005e3c                DisableStandbyModeWakeupPinx
 .text.prvCLITask
                0x0000000008005ed8      0x278 BOS\BOS_CLI.o
                0x0000000008005ed8                prvCLITask
 .text.CLI_CommandParser
                0x0000000008006150      0x574 BOS\BOS_CLI.o
                0x0000000008006150                CLI_CommandParser
 .text.StringToLowerCase
                0x00000000080066c4       0x6c BOS\BOS_CLI.o
                0x00000000080066c4                StringToLowerCase
 .text.AddSnippet
                0x0000000008006730      0x1b4 BOS\BOS_CLI.o
                0x0000000008006730                AddSnippet
 .text.ParseSnippetCondition
                0x00000000080068e4      0x7f8 BOS\BOS_CLI.o
                0x00000000080068e4                ParseSnippetCondition
 .text.ParseSnippetCommand
                0x00000000080070dc       0xc8 BOS\BOS_CLI.o
                0x00000000080070dc                ParseSnippetCommand
 .text.CheckSnippetCondition
                0x00000000080071a4      0x1b4 BOS\BOS_CLI.o
                0x00000000080071a4                CheckSnippetCondition
 .text.ExecuteSnippet
                0x0000000008007358       0xd0 BOS\BOS_CLI.o
                0x0000000008007358                ExecuteSnippet
 .text.__NVIC_SystemReset
                0x0000000008007428       0x24 BOS\BOS_CLIcommands.o
 .text.RegisterUserCLICommands
                0x000000000800744c        0xa BOS\BOS_CLIcommands.o
                0x000000000800744c                RegisterUserCLICommands
 *fill*         0x0000000008007456        0x2 
 .text.vRegisterCLICommands
                0x0000000008007458      0x1b0 BOS\BOS_CLIcommands.o
                0x0000000008007458                vRegisterCLICommands
 .text.prvTaskStatsCommand
                0x0000000008007608       0x40 BOS\BOS_CLIcommands.o
 .text.prvRunTimeStatsCommand
                0x0000000008007648       0x40 BOS\BOS_CLIcommands.o
 .text.pingCommand
                0x0000000008007688       0x9c BOS\BOS_CLIcommands.o
 .text.bootloaderUpdateCommand
                0x0000000008007724      0x1fc BOS\BOS_CLIcommands.o
 .text.exploreCommand
                0x0000000008007920       0x16 BOS\BOS_CLIcommands.o
 .text.resetCommand
                0x0000000008007936       0x10 BOS\BOS_CLIcommands.o
 *fill*         0x0000000008007946        0x2 
 .text.nameCommand
                0x0000000008007948       0xe8 BOS\BOS_CLIcommands.o
 .text.groupCommand
                0x0000000008007a30      0x2fc BOS\BOS_CLIcommands.o
 .text.statusCommand
                0x0000000008007d2c       0x1c BOS\BOS_CLIcommands.o
 .text.infoCommand
                0x0000000008007d48       0xfc BOS\BOS_CLIcommands.o
 .text.scastCommand
                0x0000000008007e44      0x2dc BOS\BOS_CLIcommands.o
 .text.addbuttonCommand
                0x0000000008008120      0x150 BOS\BOS_CLIcommands.o
 .text.removebuttonCommand
                0x0000000008008270       0x94 BOS\BOS_CLIcommands.o
 .text.setCommand
                0x0000000008008304      0xbf8 BOS\BOS_CLIcommands.o
 .text.getCommand
                0x0000000008008efc      0x3b4 BOS\BOS_CLIcommands.o
 .text.defaultCommand
                0x00000000080092b0       0xf8 BOS\BOS_CLIcommands.o
 .text.timeCommand
                0x00000000080093a8       0xd8 BOS\BOS_CLIcommands.o
 .text.dateCommand
                0x0000000008009480       0x34 BOS\BOS_CLIcommands.o
 .text.setBaudrateCommand
                0x00000000080094b4       0xc0 BOS\BOS_CLIcommands.o
 .text.uuidCommand
                0x0000000008009574       0x70 BOS\BOS_CLIcommands.o
 .text.idcodeCommand
                0x00000000080095e4       0xe0 BOS\BOS_CLIcommands.o
 .text.flashsizeCommand
                0x00000000080096c4       0x34 BOS\BOS_CLIcommands.o
 .text.snipCommand
                0x00000000080096f8      0x3ac BOS\BOS_CLIcommands.o
 .text.actSnipCommand
                0x0000000008009aa4       0xb8 BOS\BOS_CLIcommands.o
 .text.pauseSnipCommand
                0x0000000008009b5c       0xb8 BOS\BOS_CLIcommands.o
 .text.delSnipCommand
                0x0000000008009c14      0x1d4 BOS\BOS_CLIcommands.o
 .text.bridgeCommand
                0x0000000008009de8      0x11c BOS\BOS_CLIcommands.o
 .text.unbridgeCommand
                0x0000000008009f04      0x11c BOS\BOS_CLIcommands.o
 .text.testportCommand
                0x000000000800a020      0x2e8 BOS\BOS_CLIcommands.o
 .text.ADCReadCommand
                0x000000000800a308      0x134 BOS\BOS_CLIcommands.o
 .text.ReadTempCommand
                0x000000000800a43c       0x54 BOS\BOS_CLIcommands.o
 .text.ReadVrefCommand
                0x000000000800a490       0x54 BOS\BOS_CLIcommands.o
 .text.GetReadPrecentageCommand
                0x000000000800a4e4       0x98 BOS\BOS_CLIcommands.o
 .text.StartDMAstream
                0x000000000800a57c       0xb0 BOS\BOS_dma.o
                0x000000000800a57c                StartDMAstream
 .text.ResetUartORE
                0x000000000800a62c       0x54 BOS\BOS_dma.o
                0x000000000800a62c                ResetUartORE
 .text.MX_FREERTOS_Init
                0x000000000800a680      0x260 BOS\BOS_freertos.o
                0x000000000800a680                MX_FREERTOS_Init
 .text.StartDefaultTask
                0x000000000800a8e0      0x118 BOS\BOS_freertos.o
                0x000000000800a8e0                StartDefaultTask
 .text.ExecuteMonitor
                0x000000000800a9f8      0x4c8 BOS\BOS_freertos.o
                0x000000000800a9f8                ExecuteMonitor
 .text.vMainConfigureTimerForRunTimeStats
                0x000000000800aec0       0x2c BOS\BOS_freertos.o
                0x000000000800aec0                vMainConfigureTimerForRunTimeStats
 .text.ulMainGetRunTimeCounterValue
                0x000000000800aeec       0x90 BOS\BOS_freertos.o
                0x000000000800aeec                ulMainGetRunTimeCounterValue
 .text.SetupDMAStreams
                0x000000000800af7c      0x27c BOS\BOS_messaging.o
                0x000000000800af7c                SetupDMAStreams
 .text.StreamTimerCallback
                0x000000000800b1f8       0x34 BOS\BOS_messaging.o
                0x000000000800b1f8                StreamTimerCallback
 .text.ForwardReceivedMessage
                0x000000000800b22c       0x80 BOS\BOS_messaging.o
                0x000000000800b22c                ForwardReceivedMessage
 .text.BroadcastReceivedMessage
                0x000000000800b2ac       0x70 BOS\BOS_messaging.o
                0x000000000800b2ac                BroadcastReceivedMessage
 .text.NotifyMessagingTask
                0x000000000800b31c       0xa4 BOS\BOS_messaging.o
                0x000000000800b31c                NotifyMessagingTask
 .text.BroadcastMessage
                0x000000000800b3c0       0x94 BOS\BOS_messaging.o
                0x000000000800b3c0                BroadcastMessage
 .text.SendMessageToModule
                0x000000000800b454       0xa4 BOS\BOS_messaging.o
                0x000000000800b454                SendMessageToModule
 .text.SendMessageFromPort
                0x000000000800b4f8      0x6b4 BOS\BOS_messaging.o
                0x000000000800b4f8                SendMessageFromPort
 .text.StartScastDMAStream
                0x000000000800bbac      0x30c BOS\BOS_messaging.o
                0x000000000800bbac                StartScastDMAStream
 .text.__NVIC_SystemReset
                0x000000000800beb8       0x24 BOS\BOS_msgparser.o
 .text.BackEndTask
                0x000000000800bedc      0x858 BOS\BOS_msgparser.o
                0x000000000800bedc                BackEndTask
 .text.PxMessagingTask
                0x000000000800c734     0x5674 BOS\BOS_msgparser.o
                0x000000000800c734                PxMessagingTask
 .text.User_MessagingParser
                0x0000000008011da8       0x3a BOS\BOS_msgparser.o
                0x0000000008011da8                User_MessagingParser
 *fill*         0x0000000008011de2        0x2 
 .text.get_number_code
                0x0000000008011de4       0xe4 H3BR2\H3BR2.o
                0x0000000008011de4                get_number_code
 .text.get_letter_code
                0x0000000008011ec8      0x248 H3BR2\H3BR2.o
                0x0000000008011ec8                get_letter_code
 .text.get_hexadigit_code
                0x0000000008012110       0xbc H3BR2\H3BR2.o
                0x0000000008012110                get_hexadigit_code
 .text.clear_all_digits
                0x00000000080121cc       0x40 H3BR2\H3BR2.o
                0x00000000080121cc                clear_all_digits
 .text.SystemClock_Config
                0x000000000801220c       0xe8 H3BR2\H3BR2.o
                0x000000000801220c                SystemClock_Config
 .text.SaveToRO
                0x00000000080122f4      0x414 H3BR2\H3BR2.o
                0x00000000080122f4                SaveToRO
 .text.ClearROtopology
                0x0000000008012708       0x38 H3BR2\H3BR2.o
                0x0000000008012708                ClearROtopology
 .text.remoteBootloaderUpdate
                0x0000000008012740      0x178 H3BR2\H3BR2.o
                0x0000000008012740                remoteBootloaderUpdate
 .text.SetupPortForRemoteBootloaderUpdate
                0x00000000080128b8       0x52 H3BR2\H3BR2.o
                0x00000000080128b8                SetupPortForRemoteBootloaderUpdate
 *fill*         0x000000000801290a        0x2 
 .text.Module_Peripheral_Init
                0x000000000801290c      0x168 H3BR2\H3BR2.o
                0x000000000801290c                Module_Peripheral_Init
 .text.SwitchTimerCallback
                0x0000000008012a74      0x198 H3BR2\H3BR2.o
                0x0000000008012a74                SwitchTimerCallback
 .text.Module_MessagingTask
                0x0000000008012c0c      0x1f8 H3BR2\H3BR2.o
                0x0000000008012c0c                Module_MessagingTask
 .text.GetPort  0x0000000008012e04       0x80 H3BR2\H3BR2.o
                0x0000000008012e04                GetPort
 .text.RegisterModuleCLICommands
                0x0000000008012e84       0x54 H3BR2\H3BR2.o
                0x0000000008012e84                RegisterModuleCLICommands
 .text.SevenDisplayNumberF
                0x0000000008012ed8       0xd4 H3BR2\H3BR2.o
                0x0000000008012ed8                SevenDisplayNumberF
 .text.SevenDisplayNumber
                0x0000000008012fac       0x8c H3BR2\H3BR2.o
                0x0000000008012fac                SevenDisplayNumber
 .text.SevenDisplayNumberHexa
                0x0000000008013038       0x68 H3BR2\H3BR2.o
                0x0000000008013038                SevenDisplayNumberHexa
 .text.SevenDisplayOneDigit
                0x00000000080130a0       0xa4 H3BR2\H3BR2.o
                0x00000000080130a0                SevenDisplayOneDigit
 .text.SevenDisplayOneDigitHexa
                0x0000000008013144       0xb0 H3BR2\H3BR2.o
                0x0000000008013144                SevenDisplayOneDigitHexa
 .text.SevenDisplayOff
                0x00000000080131f4       0x1c H3BR2\H3BR2.o
                0x00000000080131f4                SevenDisplayOff
 .text.CLI_SevenDisplayNumberCommand
                0x0000000008013210       0xbc H3BR2\H3BR2.o
                0x0000000008013210                CLI_SevenDisplayNumberCommand
 .text.CLI_SevenDisplayNumberFCommand
                0x00000000080132cc       0xc8 H3BR2\H3BR2.o
                0x00000000080132cc                CLI_SevenDisplayNumberFCommand
 .text.CLI_SevenDisplayNumberHexaCommand
                0x0000000008013394       0xf0 H3BR2\H3BR2.o
                0x0000000008013394                CLI_SevenDisplayNumberHexaCommand
 .text.CLI_SevenDisplayOffCommand
                0x0000000008013484       0x60 H3BR2\H3BR2.o
                0x0000000008013484                CLI_SevenDisplayOffCommand
 .text.CLI_SevenDisplayOneDigitCommand
                0x00000000080134e4       0xe4 H3BR2\H3BR2.o
                0x00000000080134e4                CLI_SevenDisplayOneDigitCommand
 .text.CLI_SevenDisplayOneDigitHexaCommand
                0x00000000080135c8       0xf4 H3BR2\H3BR2.o
                0x00000000080135c8                CLI_SevenDisplayOneDigitHexaCommand
 .text.LL_DMAMUX_SetRequestID
                0x00000000080136bc       0x3c H3BR2\H3BR2_dma.o
 .text.DMA_Init
                0x00000000080136f8       0xbc H3BR2\H3BR2_dma.o
                0x00000000080136f8                DMA_Init
 .text.DMA_MSG_RX_CH_Init
                0x00000000080137b4       0x4c H3BR2\H3BR2_dma.o
                0x00000000080137b4                DMA_MSG_RX_CH_Init
 .text.DMA_STREAM_CH_Init
                0x0000000008013800       0x4c H3BR2\H3BR2_dma.o
                0x0000000008013800                DMA_STREAM_CH_Init
 .text.SetupMessagingRxDMAs
                0x000000000801384c       0xb8 H3BR2\H3BR2_dma.o
                0x000000000801384c                SetupMessagingRxDMAs
 .text.DMA_MSG_RX_Setup
                0x0000000008013904       0x38 H3BR2\H3BR2_dma.o
                0x0000000008013904                DMA_MSG_RX_Setup
 .text.DMA_MSG_TX_UnSetup
                0x000000000801393c       0x28 H3BR2\H3BR2_dma.o
                0x000000000801393c                DMA_MSG_TX_UnSetup
 .text.DMA_STREAM_Setup
                0x0000000008013964       0x68 H3BR2\H3BR2_dma.o
                0x0000000008013964                DMA_STREAM_Setup
 .text.StopStreamDMA
                0x00000000080139cc       0x70 H3BR2\H3BR2_dma.o
                0x00000000080139cc                StopStreamDMA
 .text.StopMsgDMA
                0x0000000008013a3c       0x4c H3BR2\H3BR2_dma.o
                0x0000000008013a3c                StopMsgDMA
 .text.SwitchMsgDMAToStream
                0x0000000008013a88       0x50 H3BR2\H3BR2_dma.o
                0x0000000008013a88                SwitchMsgDMAToStream
 .text.SwitchStreamDMAToMsg
                0x0000000008013ad8       0xd8 H3BR2\H3BR2_dma.o
                0x0000000008013ad8                SwitchStreamDMAToMsg
 .text.UnSetupDMAInterrupts
                0x0000000008013bb0       0xe4 H3BR2\H3BR2_dma.o
                0x0000000008013bb0                UnSetupDMAInterrupts
 .text.RemapAndLinkDMAtoUARTRx
                0x0000000008013c94      0x134 H3BR2\H3BR2_dma.o
                0x0000000008013c94                RemapAndLinkDMAtoUARTRx
 .text.CRC_Init
                0x0000000008013dc8       0x44 H3BR2\H3BR2_dma.o
                0x0000000008013dc8                CRC_Init
 .text.HAL_CRC_MspInit
                0x0000000008013e0c       0x30 H3BR2\H3BR2_dma.o
                0x0000000008013e0c                HAL_CRC_MspInit
 .text.CalculateCRC8
                0x0000000008013e3c      0x154 H3BR2\H3BR2_dma.o
                0x0000000008013e3c                CalculateCRC8
 .text.EE_Init  0x0000000008013f90      0x684 H3BR2\H3BR2_eeprom.o
                0x0000000008013f90                EE_Init
 .text.EE_ReadVariable
                0x0000000008014614       0xc0 H3BR2\H3BR2_eeprom.o
                0x0000000008014614                EE_ReadVariable
 .text.EE_WriteVariable
                0x00000000080146d4       0x64 H3BR2\H3BR2_eeprom.o
                0x00000000080146d4                EE_WriteVariable
 .text.EE_Format
                0x0000000008014738      0x14c H3BR2\H3BR2_eeprom.o
                0x0000000008014738                EE_Format
 .text.EE_FindValidPage
                0x0000000008014884       0x90 H3BR2\H3BR2_eeprom.o
 .text.EE_VerifyPageFullWriteVariable
                0x0000000008014914      0x160 H3BR2\H3BR2_eeprom.o
 .text.EE_PageTransfer
                0x0000000008014a74      0x20c H3BR2\H3BR2_eeprom.o
 .text.EraseSector
                0x0000000008014c80       0x60 H3BR2\H3BR2_eeprom.o
                0x0000000008014c80                EraseSector
 .text.GPIO_Init
                0x0000000008014ce0       0x90 H3BR2\H3BR2_gpio.o
                0x0000000008014ce0                GPIO_Init
 .text.MX_GPIO_Init
                0x0000000008014d70      0x164 H3BR2\H3BR2_gpio.o
                0x0000000008014d70                MX_GPIO_Init
 .text.IND_LED_Init
                0x0000000008014ed4       0x36 H3BR2\H3BR2_gpio.o
                0x0000000008014ed4                IND_LED_Init
 *fill*         0x0000000008014f0a        0x2 
 .text.IsFactoryReset
                0x0000000008014f0c      0x15c H3BR2\H3BR2_gpio.o
                0x0000000008014f0c                IsFactoryReset
 .text.GetPortGPIOs
                0x0000000008015068      0x144 H3BR2\H3BR2_gpio.o
                0x0000000008015068                GetPortGPIOs
 .text.buttonPressedCallback
                0x00000000080151ac       0x14 H3BR2\H3BR2_inputs.o
                0x00000000080151ac                buttonPressedCallback
 .text.CheckAttachedButtons
                0x00000000080151c0      0x7ac H3BR2\H3BR2_inputs.o
                0x00000000080151c0                CheckAttachedButtons
 .text.CheckForTimedButtonPress
                0x000000000801596c       0xfc H3BR2\H3BR2_inputs.o
                0x000000000801596c                CheckForTimedButtonPress
 .text.CheckForTimedButtonRelease
                0x0000000008015a68       0xfc H3BR2\H3BR2_inputs.o
                0x0000000008015a68                CheckForTimedButtonRelease
 .text.AddPortButton
                0x0000000008015b64      0x268 H3BR2\H3BR2_inputs.o
                0x0000000008015b64                AddPortButton
 .text.RemovePortButton
                0x0000000008015dcc      0x208 H3BR2\H3BR2_inputs.o
                0x0000000008015dcc                RemovePortButton
 .text.SetButtonEvents
                0x0000000008015fd4      0x77c H3BR2\H3BR2_inputs.o
                0x0000000008015fd4                SetButtonEvents
 .text.MX_ADC_Init
                0x0000000008016750       0x88 H3BR2\H3BR2_inputs.o
                0x0000000008016750                MX_ADC_Init
 .text.HAL_ADC_MspInit
                0x00000000080167d8       0xc0 H3BR2\H3BR2_inputs.o
                0x00000000080167d8                HAL_ADC_MspInit
 .text.ADCSelectChannel
                0x0000000008016898       0xac H3BR2\H3BR2_inputs.o
                0x0000000008016898                ADCSelectChannel
 .text.ReadADCChannel
                0x0000000008016944      0x10c H3BR2\H3BR2_inputs.o
                0x0000000008016944                ReadADCChannel
 .text.ReadTempAndVref
                0x0000000008016a50      0x1f0 H3BR2\H3BR2_inputs.o
                0x0000000008016a50                ReadTempAndVref
 .text.GetReadPrecentage
                0x0000000008016c40      0x224 H3BR2\H3BR2_inputs.o
                0x0000000008016c40                GetReadPrecentage
 .text.Get_channel
                0x0000000008016e64       0xac H3BR2\H3BR2_inputs.o
                0x0000000008016e64                Get_channel
 .text.Error_Handler
                0x0000000008016f10       0x10 H3BR2\H3BR2_inputs.o
                0x0000000008016f10                Error_Handler
 .text.Get_Rank
                0x0000000008016f20       0xa4 H3BR2\H3BR2_inputs.o
                0x0000000008016f20                Get_Rank
 .text.buttonReleasedCallback
                0x0000000008016fc4       0x14 H3BR2\H3BR2_inputs.o
                0x0000000008016fc4                buttonReleasedCallback
 .text.buttonClickedCallback
                0x0000000008016fd8       0x14 H3BR2\H3BR2_inputs.o
                0x0000000008016fd8                buttonClickedCallback
 .text.buttonDblClickedCallback
                0x0000000008016fec       0x14 H3BR2\H3BR2_inputs.o
                0x0000000008016fec                buttonDblClickedCallback
 .text.buttonPressedForXCallback
                0x0000000008017000       0x1a H3BR2\H3BR2_inputs.o
                0x0000000008017000                buttonPressedForXCallback
 .text.buttonReleasedForYCallback
                0x000000000801701a       0x1a H3BR2\H3BR2_inputs.o
                0x000000000801701a                buttonReleasedForYCallback
 .text.__NVIC_SystemReset
                0x0000000008017034       0x24 H3BR2\H3BR2_it.o
 .text.SysTick_Handler
                0x0000000008017058       0x12 H3BR2\H3BR2_it.o
                0x0000000008017058                SysTick_Handler
 *fill*         0x000000000801706a        0x2 
 .text.HardFault_Handler
                0x000000000801706c       0x40 H3BR2\H3BR2_it.o
                0x000000000801706c                HardFault_Handler
 .text.USART1_IRQHandler
                0x00000000080170ac       0x30 H3BR2\H3BR2_it.o
                0x00000000080170ac                USART1_IRQHandler
 .text.USART2_LPUART2_IRQHandler
                0x00000000080170dc       0x30 H3BR2\H3BR2_it.o
                0x00000000080170dc                USART2_LPUART2_IRQHandler
 .text.USART3_4_5_6_LPUART1_IRQHandler
                0x000000000801710c       0x54 H3BR2\H3BR2_it.o
                0x000000000801710c                USART3_4_5_6_LPUART1_IRQHandler
 .text.HAL_UART_TxCpltCallback
                0x0000000008017160       0x48 H3BR2\H3BR2_it.o
                0x0000000008017160                HAL_UART_TxCpltCallback
 .text.HAL_UART_ErrorCallback
                0x00000000080171a8       0xd4 H3BR2\H3BR2_it.o
                0x00000000080171a8                HAL_UART_ErrorCallback
 .text.HAL_UART_RxCpltCallback
                0x000000000801727c       0x10 H3BR2\H3BR2_it.o
                0x000000000801727c                HAL_UART_RxCpltCallback
 .text.vApplicationStackOverflowHook
                0x000000000801728c       0x44 H3BR2\H3BR2_it.o
                0x000000000801728c                vApplicationStackOverflowHook
 .text.vApplicationMallocFailedHook
                0x00000000080172d0       0x40 H3BR2\H3BR2_it.o
                0x00000000080172d0                vApplicationMallocFailedHook
 .text.RTC_Init
                0x0000000008017310       0xc4 H3BR2\H3BR2_rtc.o
                0x0000000008017310                RTC_Init
 .text.RTC_CalendarConfig
                0x00000000080173d4      0x18c H3BR2\H3BR2_rtc.o
                0x00000000080173d4                RTC_CalendarConfig
 .text.BOS_CalendarConfig
                0x0000000008017560      0x128 H3BR2\H3BR2_rtc.o
                0x0000000008017560                BOS_CalendarConfig
 .text.GetTimeDate
                0x0000000008017688       0x90 H3BR2\H3BR2_rtc.o
                0x0000000008017688                GetTimeDate
 .text.TIM_USEC_Init
                0x0000000008017718       0x74 H3BR2\H3BR2_timers.o
                0x0000000008017718                TIM_USEC_Init
 .text.TIM_MSEC_Init
                0x000000000801778c       0x78 H3BR2\H3BR2_timers.o
                0x000000000801778c                TIM_MSEC_Init
 .text.StartMicroDelay
                0x0000000008017804       0x48 H3BR2\H3BR2_timers.o
                0x0000000008017804                StartMicroDelay
 .text.StartMilliDelay
                0x000000000801784c       0x48 H3BR2\H3BR2_timers.o
                0x000000000801784c                StartMilliDelay
 .text.MX_USART1_UART_Init
                0x0000000008017894       0x7c H3BR2\H3BR2_uart.o
                0x0000000008017894                MX_USART1_UART_Init
 .text.MX_USART2_UART_Init
                0x0000000008017910       0x7c H3BR2\H3BR2_uart.o
                0x0000000008017910                MX_USART2_UART_Init
 .text.MX_USART3_UART_Init
                0x000000000801798c       0x7c H3BR2\H3BR2_uart.o
                0x000000000801798c                MX_USART3_UART_Init
 .text.MX_USART4_UART_Init
                0x0000000008017a08       0x60 H3BR2\H3BR2_uart.o
                0x0000000008017a08                MX_USART4_UART_Init
 .text.MX_USART5_UART_Init
                0x0000000008017a68       0x60 H3BR2\H3BR2_uart.o
                0x0000000008017a68                MX_USART5_UART_Init
 .text.MX_USART6_UART_Init
                0x0000000008017ac8       0x60 H3BR2\H3BR2_uart.o
                0x0000000008017ac8                MX_USART6_UART_Init
 .text.HAL_UART_MspInit
                0x0000000008017b28      0x584 H3BR2\H3BR2_uart.o
                0x0000000008017b28                HAL_UART_MspInit
 .text.writePxMutex
                0x00000000080180ac       0xac H3BR2\H3BR2_uart.o
                0x00000000080180ac                writePxMutex
 .text.writePxITMutex
                0x0000000008018158       0x78 H3BR2\H3BR2_uart.o
                0x0000000008018158                writePxITMutex
 .text.UpdateBaudrate
                0x00000000080181d0       0x3e H3BR2\H3BR2_uart.o
                0x00000000080181d0                UpdateBaudrate
 *fill*         0x000000000801820e        0x2 
 .text.GetUart  0x0000000008018210       0x5c H3BR2\H3BR2_uart.o
                0x0000000008018210                GetUart
 .text.SwapUartPins
                0x000000000801826c       0xd0 H3BR2\H3BR2_uart.o
                0x000000000801826c                SwapUartPins
 .text.ReadPortsDir
                0x000000000801833c       0xa8 H3BR2\H3BR2_uart.o
                0x000000000801833c                ReadPortsDir
 .text.ReadPortsDirMSG
                0x00000000080183e4       0x80 H3BR2\H3BR2_uart.o
                0x00000000080183e4                ReadPortsDirMSG
 .text.UpdateMyPortsDir
                0x0000000008018464       0x84 H3BR2\H3BR2_uart.o
                0x0000000008018464                UpdateMyPortsDir
 .text.Reset_Handler
                0x00000000080184e8       0x90 H3BR2\startup_stm32g0b1ceuxn.o
                0x00000000080184e8                Reset_Handler
 .text.Default_Handler
                0x0000000008018578        0x2 H3BR2\startup_stm32g0b1ceuxn.o
                0x0000000008018578                I2C2_3_IRQHandler
                0x0000000008018578                TIM1_CC_IRQHandler
                0x0000000008018578                ADC1_COMP_IRQHandler
                0x0000000008018578                NMI_Handler
                0x0000000008018578                I2C1_IRQHandler
                0x0000000008018578                TIM7_LPTIM2_IRQHandler
                0x0000000008018578                TIM17_FDCAN_IT1_IRQHandler
                0x0000000008018578                DMA1_Ch4_7_DMA2_Ch1_5_DMAMUX1_OVR_IRQHandler
                0x0000000008018578                RCC_CRS_IRQHandler
                0x0000000008018578                RTC_TAMP_IRQHandler
                0x0000000008018578                SPI1_IRQHandler
                0x0000000008018578                USB_UCPD1_2_IRQHandler
                0x0000000008018578                EXTI2_3_IRQHandler
                0x0000000008018578                PVD_VDDIO2_IRQHandler
                0x0000000008018578                EXTI4_15_IRQHandler
                0x0000000008018578                DMA1_Channel1_IRQHandler
                0x0000000008018578                Default_Handler
                0x0000000008018578                CEC_IRQHandler
                0x0000000008018578                TIM14_IRQHandler
                0x0000000008018578                TIM15_IRQHandler
                0x0000000008018578                TIM3_TIM4_IRQHandler
                0x0000000008018578                EXTI0_1_IRQHandler
                0x0000000008018578                SPI2_3_IRQHandler
                0x0000000008018578                TIM6_DAC_LPTIM1_IRQHandler
                0x0000000008018578                WWDG_IRQHandler
                0x0000000008018578                TIM2_IRQHandler
                0x0000000008018578                DMA1_Channel2_3_IRQHandler
                0x0000000008018578                FLASH_IRQHandler
                0x0000000008018578                TIM16_FDCAN_IT0_IRQHandler
                0x0000000008018578                TIM1_BRK_UP_TRG_COM_IRQHandler
 .text.SystemInit
                0x000000000801857a        0xa Thirdparty\CMSIS\STM32G0xx\Device\ST\STM32G0xx\Source\Templates\system_stm32g0xx.o
                0x000000000801857a                SystemInit
 .text.inHandlerMode
                0x0000000008018584       0x1c Thirdparty\Middleware\STM32G0xx\FreeRTOS\Source\CMSIS_RTOS\cmsis_os.o
 .text.osKernelStart
                0x00000000080185a0       0x10 Thirdparty\Middleware\STM32G0xx\FreeRTOS\Source\CMSIS_RTOS\cmsis_os.o
                0x00000000080185a0                osKernelStart
 .text.osDelay  0x00000000080185b0       0x28 Thirdparty\Middleware\STM32G0xx\FreeRTOS\Source\CMSIS_RTOS\cmsis_os.o
                0x00000000080185b0                osDelay
 .text.osSemaphoreCreate
                0x00000000080185d8       0x4a Thirdparty\Middleware\STM32G0xx\FreeRTOS\Source\CMSIS_RTOS\cmsis_os.o
                0x00000000080185d8                osSemaphoreCreate
 *fill*         0x0000000008018622        0x2 
 .text.osSemaphoreWait
                0x0000000008018624       0x94 Thirdparty\Middleware\STM32G0xx\FreeRTOS\Source\CMSIS_RTOS\cmsis_os.o
                0x0000000008018624                osSemaphoreWait
 .text.osSemaphoreRelease
                0x00000000080186b8       0x64 Thirdparty\Middleware\STM32G0xx\FreeRTOS\Source\CMSIS_RTOS\cmsis_os.o
                0x00000000080186b8                osSemaphoreRelease
 .text.osSystickHandler
                0x000000000801871c       0x18 Thirdparty\Middleware\STM32G0xx\FreeRTOS\Source\CMSIS_RTOS\cmsis_os.o
                0x000000000801871c                osSystickHandler
 .text.FreeRTOS_CLIRegisterCommand
                0x0000000008018734       0x50 Thirdparty\Middleware\STM32G0xx\FreeRTOS\Source\FreeRTOS_CLI.o
                0x0000000008018734                FreeRTOS_CLIRegisterCommand
 .text.FreeRTOS_CLIProcessCommand
                0x0000000008018784      0x11c Thirdparty\Middleware\STM32G0xx\FreeRTOS\Source\FreeRTOS_CLI.o
                0x0000000008018784                FreeRTOS_CLIProcessCommand
 .text.FreeRTOS_CLIGetOutputBuffer
                0x00000000080188a0       0x10 Thirdparty\Middleware\STM32G0xx\FreeRTOS\Source\FreeRTOS_CLI.o
                0x00000000080188a0                FreeRTOS_CLIGetOutputBuffer
 .text.FreeRTOS_CLIGetParameter
                0x00000000080188b0       0xbc Thirdparty\Middleware\STM32G0xx\FreeRTOS\Source\FreeRTOS_CLI.o
                0x00000000080188b0                FreeRTOS_CLIGetParameter
 .text.prvHelpCommand
                0x000000000801896c      0x154 Thirdparty\Middleware\STM32G0xx\FreeRTOS\Source\FreeRTOS_CLI.o
 .text.prvGetNumberOfParameters
                0x0000000008018ac0       0x7a Thirdparty\Middleware\STM32G0xx\FreeRTOS\Source\FreeRTOS_CLI.o
 .text.vListInitialise
                0x0000000008018b3a       0x3c Thirdparty\Middleware\STM32G0xx\FreeRTOS\Source\list.o
                0x0000000008018b3a                vListInitialise
 .text.vListInitialiseItem
                0x0000000008018b76       0x16 Thirdparty\Middleware\STM32G0xx\FreeRTOS\Source\list.o
                0x0000000008018b76                vListInitialiseItem
 .text.vListInsertEnd
                0x0000000008018b8c       0x44 Thirdparty\Middleware\STM32G0xx\FreeRTOS\Source\list.o
                0x0000000008018b8c                vListInsertEnd
 .text.vListInsert
                0x0000000008018bd0       0x6c Thirdparty\Middleware\STM32G0xx\FreeRTOS\Source\list.o
                0x0000000008018bd0                vListInsert
 .text.uxListRemove
                0x0000000008018c3c       0x50 Thirdparty\Middleware\STM32G0xx\FreeRTOS\Source\list.o
                0x0000000008018c3c                uxListRemove
 .text.pxPortInitialiseStack
                0x0000000008018c8c       0x54 Thirdparty\Middleware\STM32G0xx\FreeRTOS\Source\portable\GCC\ARM_CM0\port.o
                0x0000000008018c8c                pxPortInitialiseStack
 .text.prvTaskExitError
                0x0000000008018ce0       0x1e Thirdparty\Middleware\STM32G0xx\FreeRTOS\Source\portable\GCC\ARM_CM0\port.o
 .text.SVC_Handler
                0x0000000008018cfe        0xa Thirdparty\Middleware\STM32G0xx\FreeRTOS\Source\portable\GCC\ARM_CM0\port.o
                0x0000000008018cfe                SVC_Handler
 *fill*         0x0000000008018d08        0x8 
 .text.vPortStartFirstTask
                0x0000000008018d10       0x38 Thirdparty\Middleware\STM32G0xx\FreeRTOS\Source\portable\GCC\ARM_CM0\port.o
 .text.xPortStartScheduler
                0x0000000008018d48       0x48 Thirdparty\Middleware\STM32G0xx\FreeRTOS\Source\portable\GCC\ARM_CM0\port.o
                0x0000000008018d48                xPortStartScheduler
 .text.vPortYield
                0x0000000008018d90       0x20 Thirdparty\Middleware\STM32G0xx\FreeRTOS\Source\portable\GCC\ARM_CM0\port.o
                0x0000000008018d90                vPortYield
 .text.vPortEnterCritical
                0x0000000008018db0       0x24 Thirdparty\Middleware\STM32G0xx\FreeRTOS\Source\portable\GCC\ARM_CM0\port.o
                0x0000000008018db0                vPortEnterCritical
 .text.vPortExitCritical
                0x0000000008018dd4       0x24 Thirdparty\Middleware\STM32G0xx\FreeRTOS\Source\portable\GCC\ARM_CM0\port.o
                0x0000000008018dd4                vPortExitCritical
 .text.ulSetInterruptMaskFromISR
                0x0000000008018df8        0xc Thirdparty\Middleware\STM32G0xx\FreeRTOS\Source\portable\GCC\ARM_CM0\port.o
                0x0000000008018df8                ulSetInterruptMaskFromISR
 .text.vClearInterruptMaskFromISR
                0x0000000008018e04        0x8 Thirdparty\Middleware\STM32G0xx\FreeRTOS\Source\portable\GCC\ARM_CM0\port.o
                0x0000000008018e04                vClearInterruptMaskFromISR
 *fill*         0x0000000008018e0c        0x4 
 .text.PendSV_Handler
                0x0000000008018e10       0x48 Thirdparty\Middleware\STM32G0xx\FreeRTOS\Source\portable\GCC\ARM_CM0\port.o
                0x0000000008018e10                PendSV_Handler
 .text.xPortSysTickHandler
                0x0000000008018e58       0x34 Thirdparty\Middleware\STM32G0xx\FreeRTOS\Source\portable\GCC\ARM_CM0\port.o
                0x0000000008018e58                xPortSysTickHandler
 .text.vPortSetupTimerInterrupt
                0x0000000008018e8c       0x44 Thirdparty\Middleware\STM32G0xx\FreeRTOS\Source\portable\GCC\ARM_CM0\port.o
                0x0000000008018e8c                vPortSetupTimerInterrupt
 .text.pvPortMalloc
                0x0000000008018ed0      0x140 Thirdparty\Middleware\STM32G0xx\FreeRTOS\Source\portable\MemMang\heap_4.o
                0x0000000008018ed0                pvPortMalloc
 .text.vPortFree
                0x0000000008019010       0x80 Thirdparty\Middleware\STM32G0xx\FreeRTOS\Source\portable\MemMang\heap_4.o
                0x0000000008019010                vPortFree
 .text.prvHeapInit
                0x0000000008019090       0xc0 Thirdparty\Middleware\STM32G0xx\FreeRTOS\Source\portable\MemMang\heap_4.o
 .text.prvInsertBlockIntoFreeList
                0x0000000008019150       0xb0 Thirdparty\Middleware\STM32G0xx\FreeRTOS\Source\portable\MemMang\heap_4.o
 .text.xQueueGenericReset
                0x0000000008019200       0x9e Thirdparty\Middleware\STM32G0xx\FreeRTOS\Source\queue.o
                0x0000000008019200                xQueueGenericReset
 .text.xQueueGenericCreate
                0x000000000801929e       0x52 Thirdparty\Middleware\STM32G0xx\FreeRTOS\Source\queue.o
                0x000000000801929e                xQueueGenericCreate
 .text.prvInitialiseNewQueue
                0x00000000080192f0       0x4e Thirdparty\Middleware\STM32G0xx\FreeRTOS\Source\queue.o
 .text.xQueueCreateCountingSemaphore
                0x000000000801933e       0x30 Thirdparty\Middleware\STM32G0xx\FreeRTOS\Source\queue.o
                0x000000000801933e                xQueueCreateCountingSemaphore
 .text.xQueueGenericSend
                0x000000000801936e      0x12a Thirdparty\Middleware\STM32G0xx\FreeRTOS\Source\queue.o
                0x000000000801936e                xQueueGenericSend
 .text.xQueueGenericSendFromISR
                0x0000000008019498       0xa6 Thirdparty\Middleware\STM32G0xx\FreeRTOS\Source\queue.o
                0x0000000008019498                xQueueGenericSendFromISR
 .text.xQueueGiveFromISR
                0x000000000801953e       0x96 Thirdparty\Middleware\STM32G0xx\FreeRTOS\Source\queue.o
                0x000000000801953e                xQueueGiveFromISR
 .text.xQueueReceive
                0x00000000080195d4      0x128 Thirdparty\Middleware\STM32G0xx\FreeRTOS\Source\queue.o
                0x00000000080195d4                xQueueReceive
 .text.xQueueSemaphoreTake
                0x00000000080196fc      0x178 Thirdparty\Middleware\STM32G0xx\FreeRTOS\Source\queue.o
                0x00000000080196fc                xQueueSemaphoreTake
 .text.xQueueReceiveFromISR
                0x0000000008019874       0xa0 Thirdparty\Middleware\STM32G0xx\FreeRTOS\Source\queue.o
                0x0000000008019874                xQueueReceiveFromISR
 .text.prvGetDisinheritPriorityAfterTimeout
                0x0000000008019914       0x2c Thirdparty\Middleware\STM32G0xx\FreeRTOS\Source\queue.o
 .text.prvCopyDataToQueue
                0x0000000008019940       0xd6 Thirdparty\Middleware\STM32G0xx\FreeRTOS\Source\queue.o
 .text.prvCopyDataFromQueue
                0x0000000008019a16       0x4c Thirdparty\Middleware\STM32G0xx\FreeRTOS\Source\queue.o
 .text.prvUnlockQueue
                0x0000000008019a62       0xbc Thirdparty\Middleware\STM32G0xx\FreeRTOS\Source\queue.o
 .text.prvIsQueueEmpty
                0x0000000008019b1e       0x2c Thirdparty\Middleware\STM32G0xx\FreeRTOS\Source\queue.o
 .text.prvIsQueueFull
                0x0000000008019b4a       0x30 Thirdparty\Middleware\STM32G0xx\FreeRTOS\Source\queue.o
 *fill*         0x0000000008019b7a        0x2 
 .text.vQueueAddToRegistry
                0x0000000008019b7c       0x50 Thirdparty\Middleware\STM32G0xx\FreeRTOS\Source\queue.o
                0x0000000008019b7c                vQueueAddToRegistry
 .text.vQueueWaitForMessageRestricted
                0x0000000008019bcc       0x66 Thirdparty\Middleware\STM32G0xx\FreeRTOS\Source\queue.o
                0x0000000008019bcc                vQueueWaitForMessageRestricted
 .text.xTaskCreate
                0x0000000008019c32       0x90 Thirdparty\Middleware\STM32G0xx\FreeRTOS\Source\tasks.o
                0x0000000008019c32                xTaskCreate
 *fill*         0x0000000008019cc2        0x2 
 .text.prvInitialiseNewTask
                0x0000000008019cc4      0x10c Thirdparty\Middleware\STM32G0xx\FreeRTOS\Source\tasks.o
 .text.prvAddNewTaskToReadyList
                0x0000000008019dd0       0xd0 Thirdparty\Middleware\STM32G0xx\FreeRTOS\Source\tasks.o
 .text.vTaskDelay
                0x0000000008019ea0       0x3a Thirdparty\Middleware\STM32G0xx\FreeRTOS\Source\tasks.o
                0x0000000008019ea0                vTaskDelay
 *fill*         0x0000000008019eda        0x2 
 .text.eTaskGetState
                0x0000000008019edc       0xd0 Thirdparty\Middleware\STM32G0xx\FreeRTOS\Source\tasks.o
                0x0000000008019edc                eTaskGetState
 .text.uxTaskPriorityGet
                0x0000000008019fac       0x34 Thirdparty\Middleware\STM32G0xx\FreeRTOS\Source\tasks.o
                0x0000000008019fac                uxTaskPriorityGet
 .text.vTaskPrioritySet
                0x0000000008019fe0      0x110 Thirdparty\Middleware\STM32G0xx\FreeRTOS\Source\tasks.o
                0x0000000008019fe0                vTaskPrioritySet
 .text.vTaskStartScheduler
                0x000000000801a0f0       0x74 Thirdparty\Middleware\STM32G0xx\FreeRTOS\Source\tasks.o
                0x000000000801a0f0                vTaskStartScheduler
 .text.vTaskSuspendAll
                0x000000000801a164       0x18 Thirdparty\Middleware\STM32G0xx\FreeRTOS\Source\tasks.o
                0x000000000801a164                vTaskSuspendAll
 .text.xTaskResumeAll
                0x000000000801a17c      0x10c Thirdparty\Middleware\STM32G0xx\FreeRTOS\Source\tasks.o
                0x000000000801a17c                xTaskResumeAll
 .text.xTaskGetTickCount
                0x000000000801a288       0x1c Thirdparty\Middleware\STM32G0xx\FreeRTOS\Source\tasks.o
                0x000000000801a288                xTaskGetTickCount
 .text.xTaskGetTickCountFromISR
                0x000000000801a2a4       0x20 Thirdparty\Middleware\STM32G0xx\FreeRTOS\Source\tasks.o
                0x000000000801a2a4                xTaskGetTickCountFromISR
 .text.uxTaskGetSystemState
                0x000000000801a2c4      0x120 Thirdparty\Middleware\STM32G0xx\FreeRTOS\Source\tasks.o
                0x000000000801a2c4                uxTaskGetSystemState
 .text.xTaskIncrementTick
                0x000000000801a3e4      0x150 Thirdparty\Middleware\STM32G0xx\FreeRTOS\Source\tasks.o
                0x000000000801a3e4                xTaskIncrementTick
 .text.vTaskSwitchContext
                0x000000000801a534      0x124 Thirdparty\Middleware\STM32G0xx\FreeRTOS\Source\tasks.o
                0x000000000801a534                vTaskSwitchContext
 .text.vTaskPlaceOnEventList
                0x000000000801a658       0x34 Thirdparty\Middleware\STM32G0xx\FreeRTOS\Source\tasks.o
                0x000000000801a658                vTaskPlaceOnEventList
 .text.vTaskPlaceOnEventListRestricted
                0x000000000801a68c       0x44 Thirdparty\Middleware\STM32G0xx\FreeRTOS\Source\tasks.o
                0x000000000801a68c                vTaskPlaceOnEventListRestricted
 .text.xTaskRemoveFromEventList
                0x000000000801a6d0       0xb0 Thirdparty\Middleware\STM32G0xx\FreeRTOS\Source\tasks.o
                0x000000000801a6d0                xTaskRemoveFromEventList
 .text.vTaskInternalSetTimeOutState
                0x000000000801a780       0x28 Thirdparty\Middleware\STM32G0xx\FreeRTOS\Source\tasks.o
                0x000000000801a780                vTaskInternalSetTimeOutState
 .text.xTaskCheckForTimeOut
                0x000000000801a7a8       0x8c Thirdparty\Middleware\STM32G0xx\FreeRTOS\Source\tasks.o
                0x000000000801a7a8                xTaskCheckForTimeOut
 .text.vTaskMissedYield
                0x000000000801a834       0x14 Thirdparty\Middleware\STM32G0xx\FreeRTOS\Source\tasks.o
                0x000000000801a834                vTaskMissedYield
 .text.prvIdleTask
                0x000000000801a848       0x20 Thirdparty\Middleware\STM32G0xx\FreeRTOS\Source\tasks.o
 .text.prvInitialiseTaskLists
                0x000000000801a868       0x88 Thirdparty\Middleware\STM32G0xx\FreeRTOS\Source\tasks.o
 .text.prvCheckTasksWaitingTermination
                0x000000000801a8f0       0x5c Thirdparty\Middleware\STM32G0xx\FreeRTOS\Source\tasks.o
 .text.vTaskGetInfo
                0x000000000801a94c       0xd8 Thirdparty\Middleware\STM32G0xx\FreeRTOS\Source\tasks.o
                0x000000000801a94c                vTaskGetInfo
 .text.prvListTasksWithinSingleList
                0x000000000801aa24       0xa6 Thirdparty\Middleware\STM32G0xx\FreeRTOS\Source\tasks.o
 .text.prvTaskCheckFreeStackSpace
                0x000000000801aaca       0x34 Thirdparty\Middleware\STM32G0xx\FreeRTOS\Source\tasks.o
 .text.prvDeleteTCB
                0x000000000801aafe       0x22 Thirdparty\Middleware\STM32G0xx\FreeRTOS\Source\tasks.o
 .text.prvResetNextTaskUnblockTime
                0x000000000801ab20       0x3c Thirdparty\Middleware\STM32G0xx\FreeRTOS\Source\tasks.o
 .text.xTaskGetSchedulerState
                0x000000000801ab5c       0x38 Thirdparty\Middleware\STM32G0xx\FreeRTOS\Source\tasks.o
                0x000000000801ab5c                xTaskGetSchedulerState
 .text.xTaskPriorityInherit
                0x000000000801ab94       0xd0 Thirdparty\Middleware\STM32G0xx\FreeRTOS\Source\tasks.o
                0x000000000801ab94                xTaskPriorityInherit
 .text.xTaskPriorityDisinherit
                0x000000000801ac64       0x98 Thirdparty\Middleware\STM32G0xx\FreeRTOS\Source\tasks.o
                0x000000000801ac64                xTaskPriorityDisinherit
 .text.vTaskPriorityDisinheritAfterTimeout
                0x000000000801acfc       0xc0 Thirdparty\Middleware\STM32G0xx\FreeRTOS\Source\tasks.o
                0x000000000801acfc                vTaskPriorityDisinheritAfterTimeout
 .text.prvWriteNameToBuffer
                0x000000000801adbc       0x52 Thirdparty\Middleware\STM32G0xx\FreeRTOS\Source\tasks.o
 *fill*         0x000000000801ae0e        0x2 
 .text.vTaskList
                0x000000000801ae10      0x14c Thirdparty\Middleware\STM32G0xx\FreeRTOS\Source\tasks.o
                0x000000000801ae10                vTaskList
 .text.vTaskGetRunTimeStats
                0x000000000801af5c      0x118 Thirdparty\Middleware\STM32G0xx\FreeRTOS\Source\tasks.o
                0x000000000801af5c                vTaskGetRunTimeStats
 .text.pvTaskIncrementMutexHeldCount
                0x000000000801b074       0x24 Thirdparty\Middleware\STM32G0xx\FreeRTOS\Source\tasks.o
                0x000000000801b074                pvTaskIncrementMutexHeldCount
 .text.ulTaskNotifyTake
                0x000000000801b098       0x84 Thirdparty\Middleware\STM32G0xx\FreeRTOS\Source\tasks.o
                0x000000000801b098                ulTaskNotifyTake
 .text.xTaskGenericNotify
                0x000000000801b11c      0x104 Thirdparty\Middleware\STM32G0xx\FreeRTOS\Source\tasks.o
                0x000000000801b11c                xTaskGenericNotify
 .text.xTaskGenericNotifyFromISR
                0x000000000801b220      0x140 Thirdparty\Middleware\STM32G0xx\FreeRTOS\Source\tasks.o
                0x000000000801b220                xTaskGenericNotifyFromISR
 .text.prvAddCurrentTaskToDelayedList
                0x000000000801b360       0xa8 Thirdparty\Middleware\STM32G0xx\FreeRTOS\Source\tasks.o
 .text.xTimerCreateTimerTask
                0x000000000801b408       0x4c Thirdparty\Middleware\STM32G0xx\FreeRTOS\Source\timers.o
                0x000000000801b408                xTimerCreateTimerTask
 .text.xTimerCreate
                0x000000000801b454       0x46 Thirdparty\Middleware\STM32G0xx\FreeRTOS\Source\timers.o
                0x000000000801b454                xTimerCreate
 .text.prvInitialiseNewTimer
                0x000000000801b49a       0x5a Thirdparty\Middleware\STM32G0xx\FreeRTOS\Source\timers.o
 .text.xTimerGenericCommand
                0x000000000801b4f4       0x8c Thirdparty\Middleware\STM32G0xx\FreeRTOS\Source\timers.o
                0x000000000801b4f4                xTimerGenericCommand
 .text.prvProcessExpiredTimer
                0x000000000801b580       0x80 Thirdparty\Middleware\STM32G0xx\FreeRTOS\Source\timers.o
 .text.prvTimerTask
                0x000000000801b600       0x28 Thirdparty\Middleware\STM32G0xx\FreeRTOS\Source\timers.o
 .text.prvProcessTimerOrBlockTask
                0x000000000801b628       0x90 Thirdparty\Middleware\STM32G0xx\FreeRTOS\Source\timers.o
 .text.prvGetNextExpireTime
                0x000000000801b6b8       0x44 Thirdparty\Middleware\STM32G0xx\FreeRTOS\Source\timers.o
 .text.prvSampleTimeNow
                0x000000000801b6fc       0x40 Thirdparty\Middleware\STM32G0xx\FreeRTOS\Source\timers.o
 .text.prvInsertTimerInActiveList
                0x000000000801b73c       0x84 Thirdparty\Middleware\STM32G0xx\FreeRTOS\Source\timers.o
 .text.prvProcessReceivedCommands
                0x000000000801b7c0      0x16c Thirdparty\Middleware\STM32G0xx\FreeRTOS\Source\timers.o
 .text.prvSwitchTimerLists
                0x000000000801b92c       0xb0 Thirdparty\Middleware\STM32G0xx\FreeRTOS\Source\timers.o
 .text.prvCheckForValidListAndQueue
                0x000000000801b9dc       0x74 Thirdparty\Middleware\STM32G0xx\FreeRTOS\Source\timers.o
 .text.pvTimerGetTimerID
                0x000000000801ba50       0x24 Thirdparty\Middleware\STM32G0xx\FreeRTOS\Source\timers.o
                0x000000000801ba50                pvTimerGetTimerID
 .text.HAL_Init
                0x000000000801ba74       0x40 Thirdparty\STM32G0xx_HAL_Driver\Src\stm32g0xx_hal.o
                0x000000000801ba74                HAL_Init
 .text.HAL_InitTick
                0x000000000801bab4       0x94 Thirdparty\STM32G0xx_HAL_Driver\Src\stm32g0xx_hal.o
                0x000000000801bab4                HAL_InitTick
 .text.HAL_IncTick
                0x000000000801bb48       0x24 Thirdparty\STM32G0xx_HAL_Driver\Src\stm32g0xx_hal.o
                0x000000000801bb48                HAL_IncTick
 .text.HAL_GetTick
                0x000000000801bb6c       0x14 Thirdparty\STM32G0xx_HAL_Driver\Src\stm32g0xx_hal.o
                0x000000000801bb6c                HAL_GetTick
 .text.HAL_Delay
                0x000000000801bb80       0x48 Thirdparty\STM32G0xx_HAL_Driver\Src\stm32g0xx_hal.o
                0x000000000801bb80                HAL_Delay
 .text.HAL_GetREVID
                0x000000000801bbc8       0x18 Thirdparty\STM32G0xx_HAL_Driver\Src\stm32g0xx_hal.o
                0x000000000801bbc8                HAL_GetREVID
 .text.HAL_GetDEVID
                0x000000000801bbe0       0x18 Thirdparty\STM32G0xx_HAL_Driver\Src\stm32g0xx_hal.o
                0x000000000801bbe0                HAL_GetDEVID
 .text.LL_ADC_SetCommonPathInternalCh
                0x000000000801bbf8       0x28 Thirdparty\STM32G0xx_HAL_Driver\Src\stm32g0xx_hal_adc.o
 .text.LL_ADC_GetCommonPathInternalCh
                0x000000000801bc20       0x1a Thirdparty\STM32G0xx_HAL_Driver\Src\stm32g0xx_hal_adc.o
 .text.LL_ADC_SetSamplingTimeCommonChannels
                0x000000000801bc3a       0x3a Thirdparty\STM32G0xx_HAL_Driver\Src\stm32g0xx_hal_adc.o
 .text.LL_ADC_GetSamplingTimeCommonChannels
                0x000000000801bc74       0x2e Thirdparty\STM32G0xx_HAL_Driver\Src\stm32g0xx_hal_adc.o
 .text.LL_ADC_REG_IsTriggerSourceSWStart
                0x000000000801bca2       0x22 Thirdparty\STM32G0xx_HAL_Driver\Src\stm32g0xx_hal_adc.o
 .text.LL_ADC_REG_SetSequencerRanks
                0x000000000801bcc4       0x40 Thirdparty\STM32G0xx_HAL_Driver\Src\stm32g0xx_hal_adc.o
 .text.LL_ADC_REG_SetSequencerChAdd
                0x000000000801bd04       0x22 Thirdparty\STM32G0xx_HAL_Driver\Src\stm32g0xx_hal_adc.o
 .text.LL_ADC_REG_SetSequencerChRem
                0x000000000801bd26       0x24 Thirdparty\STM32G0xx_HAL_Driver\Src\stm32g0xx_hal_adc.o
 *fill*         0x000000000801bd4a        0x2 
 .text.LL_ADC_SetChannelSamplingTime
                0x000000000801bd4c       0x38 Thirdparty\STM32G0xx_HAL_Driver\Src\stm32g0xx_hal_adc.o
 .text.LL_ADC_EnableInternalRegulator
                0x000000000801bd84       0x28 Thirdparty\STM32G0xx_HAL_Driver\Src\stm32g0xx_hal_adc.o
 .text.LL_ADC_IsInternalRegulatorEnabled
                0x000000000801bdac       0x28 Thirdparty\STM32G0xx_HAL_Driver\Src\stm32g0xx_hal_adc.o
 .text.LL_ADC_Enable
                0x000000000801bdd4       0x24 Thirdparty\STM32G0xx_HAL_Driver\Src\stm32g0xx_hal_adc.o
 .text.LL_ADC_Disable
                0x000000000801bdf8       0x24 Thirdparty\STM32G0xx_HAL_Driver\Src\stm32g0xx_hal_adc.o
 .text.LL_ADC_IsEnabled
                0x000000000801be1c       0x22 Thirdparty\STM32G0xx_HAL_Driver\Src\stm32g0xx_hal_adc.o
 .text.LL_ADC_IsDisableOngoing
                0x000000000801be3e       0x22 Thirdparty\STM32G0xx_HAL_Driver\Src\stm32g0xx_hal_adc.o
 .text.LL_ADC_REG_StartConversion
                0x000000000801be60       0x24 Thirdparty\STM32G0xx_HAL_Driver\Src\stm32g0xx_hal_adc.o
 .text.LL_ADC_REG_StopConversion
                0x000000000801be84       0x24 Thirdparty\STM32G0xx_HAL_Driver\Src\stm32g0xx_hal_adc.o
 .text.LL_ADC_REG_IsConversionOngoing
                0x000000000801bea8       0x22 Thirdparty\STM32G0xx_HAL_Driver\Src\stm32g0xx_hal_adc.o
 *fill*         0x000000000801beca        0x2 
 .text.HAL_ADC_Init
                0x000000000801becc      0x350 Thirdparty\STM32G0xx_HAL_Driver\Src\stm32g0xx_hal_adc.o
                0x000000000801becc                HAL_ADC_Init
 .text.HAL_ADC_Start
                0x000000000801c21c       0x9c Thirdparty\STM32G0xx_HAL_Driver\Src\stm32g0xx_hal_adc.o
                0x000000000801c21c                HAL_ADC_Start
 .text.HAL_ADC_Stop
                0x000000000801c2b8       0x78 Thirdparty\STM32G0xx_HAL_Driver\Src\stm32g0xx_hal_adc.o
                0x000000000801c2b8                HAL_ADC_Stop
 .text.HAL_ADC_PollForConversion
                0x000000000801c330      0x128 Thirdparty\STM32G0xx_HAL_Driver\Src\stm32g0xx_hal_adc.o
                0x000000000801c330                HAL_ADC_PollForConversion
 .text.HAL_ADC_GetValue
                0x000000000801c458       0x16 Thirdparty\STM32G0xx_HAL_Driver\Src\stm32g0xx_hal_adc.o
                0x000000000801c458                HAL_ADC_GetValue
 *fill*         0x000000000801c46e        0x2 
 .text.HAL_ADC_ConfigChannel
                0x000000000801c470      0x3b0 Thirdparty\STM32G0xx_HAL_Driver\Src\stm32g0xx_hal_adc.o
                0x000000000801c470                HAL_ADC_ConfigChannel
 .text.ADC_ConversionStop
                0x000000000801c820       0x84 Thirdparty\STM32G0xx_HAL_Driver\Src\stm32g0xx_hal_adc.o
                0x000000000801c820                ADC_ConversionStop
 .text.ADC_Enable
                0x000000000801c8a4      0x10c Thirdparty\STM32G0xx_HAL_Driver\Src\stm32g0xx_hal_adc.o
                0x000000000801c8a4                ADC_Enable
 .text.ADC_Disable
                0x000000000801c9b0       0xbc Thirdparty\STM32G0xx_HAL_Driver\Src\stm32g0xx_hal_adc.o
                0x000000000801c9b0                ADC_Disable
 .text.__NVIC_EnableIRQ
                0x000000000801ca6c       0x34 Thirdparty\STM32G0xx_HAL_Driver\Src\stm32g0xx_hal_cortex.o
 .text.__NVIC_DisableIRQ
                0x000000000801caa0       0x44 Thirdparty\STM32G0xx_HAL_Driver\Src\stm32g0xx_hal_cortex.o
 .text.__NVIC_SetPriority
                0x000000000801cae4       0xdc Thirdparty\STM32G0xx_HAL_Driver\Src\stm32g0xx_hal_cortex.o
 .text.SysTick_Config
                0x000000000801cbc0       0x48 Thirdparty\STM32G0xx_HAL_Driver\Src\stm32g0xx_hal_cortex.o
 .text.HAL_NVIC_SetPriority
                0x000000000801cc08       0x2a Thirdparty\STM32G0xx_HAL_Driver\Src\stm32g0xx_hal_cortex.o
                0x000000000801cc08                HAL_NVIC_SetPriority
 .text.HAL_NVIC_EnableIRQ
                0x000000000801cc32       0x20 Thirdparty\STM32G0xx_HAL_Driver\Src\stm32g0xx_hal_cortex.o
                0x000000000801cc32                HAL_NVIC_EnableIRQ
 .text.HAL_NVIC_DisableIRQ
                0x000000000801cc52       0x20 Thirdparty\STM32G0xx_HAL_Driver\Src\stm32g0xx_hal_cortex.o
                0x000000000801cc52                HAL_NVIC_DisableIRQ
 .text.HAL_SYSTICK_Config
                0x000000000801cc72       0x1a Thirdparty\STM32G0xx_HAL_Driver\Src\stm32g0xx_hal_cortex.o
                0x000000000801cc72                HAL_SYSTICK_Config
 .text.HAL_CRC_Init
                0x000000000801cc8c       0xcc Thirdparty\STM32G0xx_HAL_Driver\Src\stm32g0xx_hal_crc.o
                0x000000000801cc8c                HAL_CRC_Init
 .text.HAL_CRC_Accumulate
                0x000000000801cd58       0x8e Thirdparty\STM32G0xx_HAL_Driver\Src\stm32g0xx_hal_crc.o
                0x000000000801cd58                HAL_CRC_Accumulate
 .text.HAL_CRC_Calculate
                0x000000000801cde6       0x9e Thirdparty\STM32G0xx_HAL_Driver\Src\stm32g0xx_hal_crc.o
                0x000000000801cde6                HAL_CRC_Calculate
 .text.CRC_Handle_8
                0x000000000801ce84      0x122 Thirdparty\STM32G0xx_HAL_Driver\Src\stm32g0xx_hal_crc.o
 .text.CRC_Handle_16
                0x000000000801cfa6       0x6e Thirdparty\STM32G0xx_HAL_Driver\Src\stm32g0xx_hal_crc.o
 .text.HAL_CRCEx_Polynomial_Set
                0x000000000801d014       0xda Thirdparty\STM32G0xx_HAL_Driver\Src\stm32g0xx_hal_crc_ex.o
                0x000000000801d014                HAL_CRCEx_Polynomial_Set
 *fill*         0x000000000801d0ee        0x2 
 .text.HAL_DMA_Init
                0x000000000801d0f0      0x158 Thirdparty\STM32G0xx_HAL_Driver\Src\stm32g0xx_hal_dma.o
                0x000000000801d0f0                HAL_DMA_Init
 .text.HAL_DMA_Start_IT
                0x000000000801d248      0x10c Thirdparty\STM32G0xx_HAL_Driver\Src\stm32g0xx_hal_dma.o
                0x000000000801d248                HAL_DMA_Start_IT
 .text.HAL_DMA_Abort
                0x000000000801d354       0xc0 Thirdparty\STM32G0xx_HAL_Driver\Src\stm32g0xx_hal_dma.o
                0x000000000801d354                HAL_DMA_Abort
 .text.HAL_DMA_Abort_IT
                0x000000000801d414       0xd0 Thirdparty\STM32G0xx_HAL_Driver\Src\stm32g0xx_hal_dma.o
                0x000000000801d414                HAL_DMA_Abort_IT
 .text.HAL_DMA_GetError
                0x000000000801d4e4       0x14 Thirdparty\STM32G0xx_HAL_Driver\Src\stm32g0xx_hal_dma.o
                0x000000000801d4e4                HAL_DMA_GetError
 .text.DMA_SetConfig
                0x000000000801d4f8       0x78 Thirdparty\STM32G0xx_HAL_Driver\Src\stm32g0xx_hal_dma.o
 .text.DMA_CalcDMAMUXChannelBaseAndMask
                0x000000000801d570       0x94 Thirdparty\STM32G0xx_HAL_Driver\Src\stm32g0xx_hal_dma.o
 .text.DMA_CalcDMAMUXRequestGenBaseAndMask
                0x000000000801d604       0x48 Thirdparty\STM32G0xx_HAL_Driver\Src\stm32g0xx_hal_dma.o
 .text.HAL_FLASH_Program
                0x000000000801d64c       0x9c Thirdparty\STM32G0xx_HAL_Driver\Src\stm32g0xx_hal_flash.o
                0x000000000801d64c                HAL_FLASH_Program
 .text.HAL_FLASH_Unlock
                0x000000000801d6e8       0x48 Thirdparty\STM32G0xx_HAL_Driver\Src\stm32g0xx_hal_flash.o
                0x000000000801d6e8                HAL_FLASH_Unlock
 .text.HAL_FLASH_Lock
                0x000000000801d730       0x38 Thirdparty\STM32G0xx_HAL_Driver\Src\stm32g0xx_hal_flash.o
                0x000000000801d730                HAL_FLASH_Lock
 .text.FLASH_WaitForLastOperation
                0x000000000801d768       0x9c Thirdparty\STM32G0xx_HAL_Driver\Src\stm32g0xx_hal_flash.o
                0x000000000801d768                FLASH_WaitForLastOperation
 .text.FLASH_Program_DoubleWord
                0x000000000801d804       0x40 Thirdparty\STM32G0xx_HAL_Driver\Src\stm32g0xx_hal_flash.o
 .text.HAL_FLASHEx_Erase
                0x000000000801d844       0xe0 Thirdparty\STM32G0xx_HAL_Driver\Src\stm32g0xx_hal_flash_ex.o
                0x000000000801d844                HAL_FLASHEx_Erase
 .text.FLASH_MassErase
                0x000000000801d924       0x28 Thirdparty\STM32G0xx_HAL_Driver\Src\stm32g0xx_hal_flash_ex.o
 .text.FLASH_PageErase
                0x000000000801d94c      0x198 Thirdparty\STM32G0xx_HAL_Driver\Src\stm32g0xx_hal_flash_ex.o
                0x000000000801d94c                FLASH_PageErase
 .text.HAL_GPIO_Init
                0x000000000801dae4      0x2d8 Thirdparty\STM32G0xx_HAL_Driver\Src\stm32g0xx_hal_gpio.o
                0x000000000801dae4                HAL_GPIO_Init
 .text.HAL_GPIO_DeInit
                0x000000000801ddbc      0x1b0 Thirdparty\STM32G0xx_HAL_Driver\Src\stm32g0xx_hal_gpio.o
                0x000000000801ddbc                HAL_GPIO_DeInit
 .text.HAL_GPIO_ReadPin
                0x000000000801df6c       0x3a Thirdparty\STM32G0xx_HAL_Driver\Src\stm32g0xx_hal_gpio.o
                0x000000000801df6c                HAL_GPIO_ReadPin
 .text.HAL_GPIO_WritePin
                0x000000000801dfa6       0x3a Thirdparty\STM32G0xx_HAL_Driver\Src\stm32g0xx_hal_gpio.o
                0x000000000801dfa6                HAL_GPIO_WritePin
 .text.HAL_GPIO_TogglePin
                0x000000000801dfe0       0x36 Thirdparty\STM32G0xx_HAL_Driver\Src\stm32g0xx_hal_gpio.o
                0x000000000801dfe0                HAL_GPIO_TogglePin
 .text.HAL_MspInit
                0x000000000801e016        0xa Thirdparty\STM32G0xx_HAL_Driver\Src\stm32g0xx_hal_msp_template.o
                0x000000000801e016                HAL_MspInit
 .text.HAL_PWR_EnableWakeUpPin
                0x000000000801e020       0x40 Thirdparty\STM32G0xx_HAL_Driver\Src\stm32g0xx_hal_pwr.o
                0x000000000801e020                HAL_PWR_EnableWakeUpPin
 .text.HAL_PWR_DisableWakeUpPin
                0x000000000801e060       0x28 Thirdparty\STM32G0xx_HAL_Driver\Src\stm32g0xx_hal_pwr.o
                0x000000000801e060                HAL_PWR_DisableWakeUpPin
 .text.HAL_PWR_EnterSTOPMode
                0x000000000801e088       0x70 Thirdparty\STM32G0xx_HAL_Driver\Src\stm32g0xx_hal_pwr.o
                0x000000000801e088                HAL_PWR_EnterSTOPMode
 .text.HAL_PWR_EnterSTANDBYMode
                0x000000000801e0f8       0x34 Thirdparty\STM32G0xx_HAL_Driver\Src\stm32g0xx_hal_pwr.o
                0x000000000801e0f8                HAL_PWR_EnterSTANDBYMode
 .text.HAL_PWREx_EnableSRAMRetention
                0x000000000801e12c       0x1c Thirdparty\STM32G0xx_HAL_Driver\Src\stm32g0xx_hal_pwr_ex.o
                0x000000000801e12c                HAL_PWREx_EnableSRAMRetention
 .text.HAL_PWREx_ControlVoltageScaling
                0x000000000801e148       0x80 Thirdparty\STM32G0xx_HAL_Driver\Src\stm32g0xx_hal_pwr_ex.o
                0x000000000801e148                HAL_PWREx_ControlVoltageScaling
 .text.LL_RCC_GetAPB1Prescaler
                0x000000000801e1c8       0x18 Thirdparty\STM32G0xx_HAL_Driver\Src\stm32g0xx_hal_rcc.o
 .text.HAL_RCC_OscConfig
                0x000000000801e1e0      0x6c0 Thirdparty\STM32G0xx_HAL_Driver\Src\stm32g0xx_hal_rcc.o
                0x000000000801e1e0                HAL_RCC_OscConfig
 .text.HAL_RCC_ClockConfig
                0x000000000801e8a0      0x210 Thirdparty\STM32G0xx_HAL_Driver\Src\stm32g0xx_hal_rcc.o
                0x000000000801e8a0                HAL_RCC_ClockConfig
 .text.HAL_RCC_GetSysClockFreq
                0x000000000801eab0      0x104 Thirdparty\STM32G0xx_HAL_Driver\Src\stm32g0xx_hal_rcc.o
                0x000000000801eab0                HAL_RCC_GetSysClockFreq
 .text.HAL_RCC_GetHCLKFreq
                0x000000000801ebb4       0x14 Thirdparty\STM32G0xx_HAL_Driver\Src\stm32g0xx_hal_rcc.o
                0x000000000801ebb4                HAL_RCC_GetHCLKFreq
 .text.HAL_RCC_GetPCLK1Freq
                0x000000000801ebc8       0x2c Thirdparty\STM32G0xx_HAL_Driver\Src\stm32g0xx_hal_rcc.o
                0x000000000801ebc8                HAL_RCC_GetPCLK1Freq
 .text.HAL_RCCEx_PeriphCLKConfig
                0x000000000801ebf4      0x478 Thirdparty\STM32G0xx_HAL_Driver\Src\stm32g0xx_hal_rcc_ex.o
                0x000000000801ebf4                HAL_RCCEx_PeriphCLKConfig
 .text.HAL_RTC_Init
                0x000000000801f06c      0x144 Thirdparty\STM32G0xx_HAL_Driver\Src\stm32g0xx_hal_rtc.o
                0x000000000801f06c                HAL_RTC_Init
 .text.HAL_RTC_MspInit
                0x000000000801f1b0       0x10 Thirdparty\STM32G0xx_HAL_Driver\Src\stm32g0xx_hal_rtc.o
                0x000000000801f1b0                HAL_RTC_MspInit
 .text.HAL_RTC_SetTime
                0x000000000801f1c0      0x150 Thirdparty\STM32G0xx_HAL_Driver\Src\stm32g0xx_hal_rtc.o
                0x000000000801f1c0                HAL_RTC_SetTime
 .text.HAL_RTC_GetTime
                0x000000000801f310       0xb8 Thirdparty\STM32G0xx_HAL_Driver\Src\stm32g0xx_hal_rtc.o
                0x000000000801f310                HAL_RTC_GetTime
 .text.HAL_RTC_SetDate
                0x000000000801f3c8      0x124 Thirdparty\STM32G0xx_HAL_Driver\Src\stm32g0xx_hal_rtc.o
                0x000000000801f3c8                HAL_RTC_SetDate
 .text.HAL_RTC_GetDate
                0x000000000801f4ec       0x9c Thirdparty\STM32G0xx_HAL_Driver\Src\stm32g0xx_hal_rtc.o
                0x000000000801f4ec                HAL_RTC_GetDate
 .text.HAL_RTC_WaitForSynchro
                0x000000000801f588       0x4e Thirdparty\STM32G0xx_HAL_Driver\Src\stm32g0xx_hal_rtc.o
                0x000000000801f588                HAL_RTC_WaitForSynchro
 .text.RTC_EnterInitMode
                0x000000000801f5d6       0x84 Thirdparty\STM32G0xx_HAL_Driver\Src\stm32g0xx_hal_rtc.o
                0x000000000801f5d6                RTC_EnterInitMode
 *fill*         0x000000000801f65a        0x2 
 .text.RTC_ExitInitMode